[INFO]
VERSION=0.103.0
SOFTWARE=Windows 7 x64
TARGET=Service Pack 1
LANGUAGE=Japanese
NAME=Jun Itou
COMMENT=Rollup統合DVD作成用 2020/01

[LIST]
COUNT=87
1=KB2670838
2=KB2830477
3=KB2592687
4=KB2533552
5=KB2534366
6=KB2545698
7=KB2547666
8=KB2574819
9=KB2603229
10=KB2667402
11=KB2679255
12=KB2685811
13=KB2685813
14=KB2698365
15=KB2729094
16=KB2732059
17=KB2750841
18=KB2761217
19=KB2773072
20=KB2818604
21=KB2834140
22=KB2731771
23=KB2533623
24=KB2786081
25=IE11
26=KB2639308
27=KB2888049
28=KB2882822
29=KB2862330
30=KB2894844
31=KB2898851
32=KB2900986
33=KB2919469
34=KB2923545
35=KB2970228
36=KB2984972
37=KB2990941
38=KB3004375
39=KB3006137
40=KB3020369
41=KB3020387
42=KB3020388
43=KB3021917
44=KB3031432
45=KB3042058
46=KB3046269
47=KB3059317
48=KB3068708
49=KB3075226
50=KB3080149
51=KB3087873
52=KB3102429
53=KB3125574
54=KB3138612
55=KB3150513
56=KB3155178
57=KB3156016
58=KB3159398
59=KB3161102
60=KB3161949
61=KB3170735
62=KB3172605
63=KB3179573
64=KB3184143
65=KB3185319
66=KB4019990
67=KB4040980
68=KB4474419
69=KB4490628
70=KB4507004
71=KB4532945
72=KB4534251
73=KB4536952
74=KB947821
75=KB4534310
76=KB2454826
77=KB4503548
78=KB4497410
79=KB4503575
80=KB4515847
81=KB3191566
82=KB4481252
83=KB890830
84=KB915597
85=MSE
86=MSE_DUP
87=EDGE

[KB2670838]
TITLE=Platform Update for Windows 7 x64-Edition (KB2670838)
INFO=http://support.microsoft.com/kb/2670838
FILE=http://download.windowsupdate.com/msdownload/update/software/ftpk/2013/02/windows6.1-kb2670838-x64_9f667ff60e80b64cbed2774681302baeaf0fc6a6.msu
RENAME=windows6.1-kb2670838-x64.msu
SIZE=11840839
TYPE=HOTFIX(SVCPACK.INF)
CATEGORY=
TIE_UP=
XOR_KEY=
SYNCHRO_KEY=
RELEASE=2013/02/18
RUN_ORDER=001
CMD=
DECODE=0
DECODE_TYPE=
DECODE_GET=
IEXPRESS=0
IEXPRESS_LIST=
IEXPRESS_CMD=
PREVIOUS_SP=
COMMENT=Internet Explorer 11 用必須更新プログラム

[KB2830477]
TITLE=Update for Windows 7 for x64-based Systems (KB2830477)
INFO=http://support.microsoft.com/kb/2830477
FILE=http://download.windowsupdate.com/d/msdownload/update/software/updt/2013/11/windows6.1-kb2830477-x64_21cae4796ac834f66eec9a190815e1e1b8195908.msu
RENAME=windows6.1-kb2830477-x64.msu
SIZE=6746744
TYPE=HOTFIX(SVCPACK.INF)
CATEGORY=
TIE_UP=
XOR_KEY=KB3125574
SYNCHRO_KEY=
RELEASE=2013/11/07
RUN_ORDER=002
CMD=
DECODE=0
DECODE_TYPE=
DECODE_GET=
IEXPRESS=0
IEXPRESS_LIST=
IEXPRESS_CMD=
PREVIOUS_SP=
COMMENT=

[KB2592687]
TITLE=Update for Windows 7 for x64-based Systems (KB2592687)
INFO=http://support.microsoft.com/kb/2592687
FILE=http://download.windowsupdate.com/msdownload/update/software/updt/2012/10/windows6.1-kb2592687-x64_f5cd9f3dab8cdbbf287fee84148e8ea69042bcc3.msu
RENAME=windows6.1-kb2592687-x64.msu
SIZE=7134419
TYPE=HOTFIX(SVCPACK.INF)
CATEGORY=
TIE_UP=
XOR_KEY=
SYNCHRO_KEY=
RELEASE=2012/10/16
RUN_ORDER=003
CMD=
DECODE=0
DECODE_TYPE=
DECODE_GET=
IEXPRESS=0
IEXPRESS_LIST=
IEXPRESS_CMD=
PREVIOUS_SP=
COMMENT=

[KB2533552]
TITLE=Windows 7 Service Pack 1 for x64-based Systems (KB2533552)
INFO=http://support.microsoft.com/kb/976932
FILE=http://download.windowsupdate.com/msdownload/update/software/crup/2011/05/windows6.1-kb2533552-x64_0ba5ac38d4e1c9588a1e53ad390d23c1e4ecd04d.msu
RENAME=windows6.1-kb2533552-x64.msu
SIZE=9676358
TYPE=HOTFIX(SVCPACK.INF)
CATEGORY=
TIE_UP=KB976932
XOR_KEY=
SYNCHRO_KEY=
RELEASE=2011/05/04
RUN_ORDER=004
CMD=/quiet /norestart
DECODE=0
DECODE_TYPE=
DECODE_GET=
IEXPRESS=0
IEXPRESS_LIST=
IEXPRESS_CMD=
PREVIOUS_SP=
COMMENT=

[KB2534366]
TITLE=Windows 7 for x64-Based Systems 用更新プログラム (KB2534366)
INFO=https://support.microsoft.com/ja-jp/help/2534366/
FILE=https://download.microsoft.com/download/1/F/7/1F726FD8-3437-424E-8158-4E961F7CE52E/Windows6.1-KB2534366-x64.msu
RENAME=Windows6.1-KB2534366-x64.msu
SIZE=5273744
TYPE=HOTFIX(SVCPACK.INF)
CATEGORY=
TIE_UP=
XOR_KEY=
SYNCHRO_KEY=
RELEASE=2018/10/13
RUN_ORDER=005
CMD=
DECODE=0
DECODE_TYPE=
DECODE_GET=
IEXPRESS=0
IEXPRESS_LIST=
IEXPRESS_CMD=
PREVIOUS_SP=
COMMENT=

[KB2545698]
TITLE=Update for Windows 7 for x64-based Systems (KB2545698)
INFO=http://support.microsoft.com/kb/2545698
FILE=http://download.windowsupdate.com/msdownload/update/software/updt/2011/06/windows6.1-kb2545698-x64_51753a436cc6358b6e3e15db9b43ffc97d523fc9.msu
RENAME=windows6.1-kb2545698-x64.msu
SIZE=2434517
TYPE=HOTFIX(SVCPACK.INF)
CATEGORY=
TIE_UP=
XOR_KEY=
SYNCHRO_KEY=
RELEASE=2011/06/19
RUN_ORDER=006
CMD=
DECODE=0
DECODE_TYPE=
DECODE_GET=
IEXPRESS=0
IEXPRESS_LIST=
IEXPRESS_CMD=
PREVIOUS_SP=
COMMENT=

[KB2547666]
TITLE=Update for Windows 7 for x64-based Systems (KB2547666)
INFO=http://support.microsoft.com/kb/2547666
FILE=http://download.windowsupdate.com/msdownload/update/software/updt/2011/06/windows6.1-kb2547666-x64_28b78926b1b1a04a9867050ecb5e81857ebd5d66.msu
RENAME=windows6.1-kb2547666-x64.msu
SIZE=4971993
TYPE=HOTFIX(SVCPACK.INF)
CATEGORY=
TIE_UP=
XOR_KEY=
SYNCHRO_KEY=
RELEASE=2011/06/19
RUN_ORDER=007
CMD=
DECODE=0
DECODE_TYPE=
DECODE_GET=
IEXPRESS=0
IEXPRESS_LIST=
IEXPRESS_CMD=
PREVIOUS_SP=
COMMENT=

[KB2574819]
TITLE=Update for Windows 7 for x64-based Systems (KB2574819)
INFO=http://support.microsoft.com/kb/2574819
FILE=http://download.windowsupdate.com/c/msdownload/update/software/updt/2013/06/windows6.1-kb2574819-v2-x64_a0b7ffff5c8fc9b2f16b323e582bcda3bbe972d5.msu
RENAME=windows6.1-kb2574819-v2-x64.msu
SIZE=2327784
TYPE=HOTFIX(SVCPACK.INF)
CATEGORY=
TIE_UP=
XOR_KEY=KB3125574
SYNCHRO_KEY=
RELEASE=2013/06/03
RUN_ORDER=008
CMD=
DECODE=0
DECODE_TYPE=
DECODE_GET=
IEXPRESS=0
IEXPRESS_LIST=
IEXPRESS_CMD=
PREVIOUS_SP=
COMMENT=

[KB2603229]
TITLE=Update for Windows 7 for x64-based Systems (KB2603229)
INFO=http://support.microsoft.com/kb/2603229
FILE=http://download.windowsupdate.com/msdownload/update/software/updt/2011/10/windows6.1-kb2603229-x64_aea29b57253c8f271d99b76f09839dbf1c0a7f86.msu
RENAME=windows6.1-kb2603229-x64.msu
SIZE=198065
TYPE=HOTFIX(SVCPACK.INF)
CATEGORY=
TIE_UP=
XOR_KEY=KB3125574
SYNCHRO_KEY=
RELEASE=2011/10/17
RUN_ORDER=009
CMD=
DECODE=0
DECODE_TYPE=
DECODE_GET=
IEXPRESS=0
IEXPRESS_LIST=
IEXPRESS_CMD=
PREVIOUS_SP=
COMMENT=64bitのみ

[KB2667402]
TITLE=Security Update for Windows 7 for x64-based Systems (KB2667402)
INFO=http://go.microsoft.com/fwlink/?LinkId=232664
FILE=http://download.windowsupdate.com/msdownload/update/software/secu/2012/05/windows6.1-kb2667402-v2-x64_15c04bd5944cd9b34a294a25b96911057593c465.msu
RENAME=windows6.1-kb2667402-v2-x64.msu
SIZE=334419
TYPE=HOTFIX(SVCPACK.INF)
CATEGORY=
TIE_UP=
XOR_KEY=
SYNCHRO_KEY=
RELEASE=2012/05/23
RUN_ORDER=010
CMD=
DECODE=0
DECODE_TYPE=
DECODE_GET=
IEXPRESS=0
IEXPRESS_LIST=
IEXPRESS_CMD=
PREVIOUS_SP=
COMMENT=

[KB2679255]
TITLE=Update for Windows Vista for x64-based Systems (KB2679255)
INFO=https://support.microsoft.com/ja-jp/help/2679255/
FILE=https://download.microsoft.com/download/9/5/7/9573389C-DC81-4CD5-8F54-07B46DB5B628/Windows6.1-KB2679255-v2-x64.msu
RENAME=Windows6.1-KB2679255-v2-x64.msu
SIZE=6970110
TYPE=HOTFIX(SVCPACK.INF)
CATEGORY=
TIE_UP=
XOR_KEY=
SYNCHRO_KEY=
RELEASE=2018/10/16
RUN_ORDER=011
CMD=
DECODE=0
DECODE_TYPE=
DECODE_GET=
IEXPRESS=0
IEXPRESS_LIST=
IEXPRESS_CMD=
PREVIOUS_SP=
COMMENT=

[KB2685811]
TITLE=Update for Kernel-Mode Driver Framework version 1.11 for Windows 7 for x64-based Systems (KB2685811)
INFO=http://support.microsoft.com/kb/2685811
FILE=http://download.windowsupdate.com/msdownload/update/software/updt/2012/11/windows6.1-kb2685811-x64_191e09df632b70fd4f4b27d4cb9227f7c5a1c98c.msu
RENAME=windows6.1-kb2685811-x64.msu
SIZE=810233
TYPE=HOTFIX(SVCPACK.INF)
CATEGORY=
TIE_UP=
XOR_KEY=
SYNCHRO_KEY=
RELEASE=2012/11/08
RUN_ORDER=012
CMD=
DECODE=0
DECODE_TYPE=
DECODE_GET=
IEXPRESS=0
IEXPRESS_LIST=
IEXPRESS_CMD=
PREVIOUS_SP=
COMMENT=

[KB2685813]
TITLE=Update for User-Mode Driver Framework version 1.11 for Windows 7 for x64-based Systems (KB2685813)
INFO=http://support.microsoft.com/kb/2685813
FILE=http://download.windowsupdate.com/msdownload/update/software/updt/2012/11/windows6.1-kb2685813-x64_22a969bada171678b0936bb320e6a7778e8adc07.msu
RENAME=windows6.1-kb2685813-x64.msu
SIZE=1167438
TYPE=HOTFIX(SVCPACK.INF)
CATEGORY=
TIE_UP=
XOR_KEY=
SYNCHRO_KEY=
RELEASE=2012/11/08
RUN_ORDER=013
CMD=
DECODE=0
DECODE_TYPE=
DECODE_GET=
IEXPRESS=0
IEXPRESS_LIST=
IEXPRESS_CMD=
PREVIOUS_SP=
COMMENT=

[KB2698365]
TITLE=Security Update for Windows 7 for x64-based Systems (KB2698365)
INFO=http://go.microsoft.com/fwlink/?LinkId=254441
FILE=http://download.windowsupdate.com/msdownload/update/software/secu/2012/06/windows6.1-kb2698365-x64_f3ad859582ad240c95b9ed867bc9b99e39d15ba9.msu
RENAME=windows6.1-kb2698365-x64.msu
SIZE=2655215
TYPE=HOTFIX(SVCPACK.INF)
CATEGORY=
TIE_UP=
XOR_KEY=
SYNCHRO_KEY=
RELEASE=2012/06/18
RUN_ORDER=014
CMD=
DECODE=0
DECODE_TYPE=
DECODE_GET=
IEXPRESS=0
IEXPRESS_LIST=
IEXPRESS_CMD=
PREVIOUS_SP=
COMMENT=

[KB2729094]
TITLE=Update for Windows 7 for x64-based Systems (KB2729094)
INFO=http://support.microsoft.com/kb/2729094
FILE=http://download.windowsupdate.com/msdownload/update/software/updt/2012/09/windows6.1-kb2729094-v2-x64_e1a3ecc5030a51711f558f90dd1db52e24ce074b.msu
RENAME=windows6.1-kb2729094-v2-x64.msu
SIZE=1663018
TYPE=HOTFIX(SVCPACK.INF)
CATEGORY=
TIE_UP=
XOR_KEY=
SYNCHRO_KEY=
RELEASE=2012/09/26
RUN_ORDER=015
CMD=
DECODE=0
DECODE_TYPE=
DECODE_GET=
IEXPRESS=0
IEXPRESS_LIST=
IEXPRESS_CMD=
PREVIOUS_SP=
COMMENT=Internet Explorer 11 用必須更新プログラム

[KB2732059]
TITLE=Update for Windows 7 for x64-based Systems (KB2732059)
INFO=http://support.microsoft.com/kb/2732059
FILE=http://download.windowsupdate.com/msdownload/update/software/updt/2012/09/windows6.1-kb2732059-v5-x64_102edb47f7704f3f1deb4ae6ace3f7e4f0ee9765.msu
RENAME=windows6.1-kb2732059-v5-x64.msu
SIZE=451815
TYPE=HOTFIX(SVCPACK.INF)
CATEGORY=
TIE_UP=
XOR_KEY=KB3125574
SYNCHRO_KEY=
RELEASE=2012/09/19
RUN_ORDER=016
CMD=
DECODE=0
DECODE_TYPE=
DECODE_GET=
IEXPRESS=0
IEXPRESS_LIST=
IEXPRESS_CMD=
PREVIOUS_SP=
COMMENT=

[KB2750841]
TITLE=Update for Windows 7 for x64-based Systems (KB2750841)
INFO=http://support.microsoft.com/kb/2750841
FILE=http://download.windowsupdate.com/msdownload/update/software/updt/2012/11/windows6.1-kb2750841-x64_bb08f9dbac0d72f1227b362ee503deda2f3dceb6.msu
RENAME=windows6.1-kb2750841-x64.msu
SIZE=3138050
TYPE=HOTFIX(SVCPACK.INF)
CATEGORY=
TIE_UP=
XOR_KEY=
SYNCHRO_KEY=
RELEASE=2012/11/07
RUN_ORDER=017
CMD=
DECODE=0
DECODE_TYPE=
DECODE_GET=
IEXPRESS=0
IEXPRESS_LIST=
IEXPRESS_CMD=
PREVIOUS_SP=
COMMENT=

[KB2761217]
TITLE=Update for Windows 7 for x64-based Systems (KB2761217)
INFO=http://support.microsoft.com/kb/2761217
FILE=http://download.windowsupdate.com/msdownload/update/software/updt/2012/11/windows6.1-kb2761217-x64_50d02b8fe1321e36a33545d7350730ced229d15a.msu
RENAME=windows6.1-kb2761217-x64.msu
SIZE=2177370
TYPE=HOTFIX(SVCPACK.INF)
CATEGORY=
TIE_UP=
XOR_KEY=
SYNCHRO_KEY=
RELEASE=2012/11/07
RUN_ORDER=018
CMD=
DECODE=0
DECODE_TYPE=
DECODE_GET=
IEXPRESS=0
IEXPRESS_LIST=
IEXPRESS_CMD=
PREVIOUS_SP=
COMMENT=

[KB2773072]
TITLE=Update for Windows 7 for x64-based Systems (KB2773072)
INFO=http://support.microsoft.com/kb/2773072
FILE=http://download.windowsupdate.com/msdownload/update/software/updt/2013/01/windows6.1-kb2773072-x64_8fb31aa027962522048bfd1d65398561f5232ce7.msu
RENAME=windows6.1-kb2773072-x64.msu
SIZE=4572203
TYPE=HOTFIX(SVCPACK.INF)
CATEGORY=
TIE_UP=
XOR_KEY=KB3125574
SYNCHRO_KEY=
RELEASE=2013/01/01
RUN_ORDER=019
CMD=
DECODE=0
DECODE_TYPE=
DECODE_GET=
IEXPRESS=0
IEXPRESS_LIST=
IEXPRESS_CMD=
PREVIOUS_SP=
COMMENT=

[KB2818604]
TITLE=Update for Windows 7 for x64-based Systems (KB2818604)
INFO=http://support.microsoft.com/kb/2818604
FILE=http://download.windowsupdate.com/msdownload/update/software/updt/2013/05/windows6.1-kb2818604-x64_dee27dd953d006d41a9d37f4f557743b8f140580.msu
RENAME=windows6.1-kb2818604-x64.msu
SIZE=230474
TYPE=HOTFIX(SVCPACK.INF)
CATEGORY=
TIE_UP=
XOR_KEY=
SYNCHRO_KEY=
RELEASE=2013/05/06
RUN_ORDER=020
CMD=
DECODE=0
DECODE_TYPE=
DECODE_GET=
IEXPRESS=0
IEXPRESS_LIST=
IEXPRESS_CMD=
PREVIOUS_SP=
COMMENT=

[KB2834140]
TITLE=Update for Windows 7 for x64-based Systems (KB2834140)
INFO=http://support.microsoft.com/kb/2834140
FILE=http://download.windowsupdate.com/d/msdownload/update/software/updt/2013/08/windows6.1-kb2834140-v2-x64_3db9d9b3dc20515bf4b164821b721402e34ad9d6.msu
RENAME=windows6.1-kb2834140-v2-x64.msu
SIZE=1003796
TYPE=HOTFIX(SVCPACK.INF)
CATEGORY=
TIE_UP=
XOR_KEY=KB3125574
SYNCHRO_KEY=
RELEASE=2013/08/29
RUN_ORDER=021
CMD=
DECODE=0
DECODE_TYPE=
DECODE_GET=
IEXPRESS=0
IEXPRESS_LIST=
IEXPRESS_CMD=
PREVIOUS_SP=
COMMENT=Internet Explorer 11 用必須更新プログラム

[KB2731771]
TITLE=An update that provides new APIs for conversion between local time and UTC in Windows 7 or in Windows Server 2008 R2 is available
INFO=https://support.microsoft.com/help/2731771
FILE=http://download.microsoft.com/download/9/f/e/9fe868f6-a0e1-4f46-96e5-87d7b6573356/windows6.1-kb2731771-x64.msu
RENAME=
SIZE=6580602
TYPE=HOTFIX(SVCPACK.INF)
CATEGORY=
TIE_UP=
XOR_KEY=
SYNCHRO_KEY=
RELEASE=2018/10/16
RUN_ORDER=082
CMD=
DECODE=0
DECODE_TYPE=
DECODE_GET=
IEXPRESS=0
IEXPRESS_LIST=
IEXPRESS_CMD=
PREVIOUS_SP=
COMMENT=Internet Explorer 11 用必須更新プログラム

[KB2533623]
TITLE=Microsoft Security Advisory: Insecure library loading could allow remote code execution
INFO=https://support.microsoft.com/help/2533623
FILE=http://download.microsoft.com/download/f/1/0/f106e158-89a1-41e3-a9b5-32feb2a99a0b/windows6.1-kb2533623-x64.msu
RENAME=
SIZE=2314805
TYPE=HOTFIX(SVCPACK.INF)
CATEGORY=
TIE_UP=
XOR_KEY=
SYNCHRO_KEY=
RELEASE=2018/10/16
RUN_ORDER=083
CMD=
DECODE=0
DECODE_TYPE=
DECODE_GET=
IEXPRESS=0
IEXPRESS_LIST=
IEXPRESS_CMD=
PREVIOUS_SP=
COMMENT=Internet Explorer 11 用必須更新プログラム

[KB2786081]
TITLE=Internet Explorer 10 does not save credentials for a website after you log off or restart a computer that is running Windows 7 SP1 or Windows Server 2008 R2 SP1
INFO=https://support.microsoft.com/help/2786081
FILE=http://download.microsoft.com/download/1/8/f/18f9ae2c-4a10-417a-8408-c205420c22c3/windows6.1-kb2786081-x64.msu
RENAME=
SIZE=235933
TYPE=HOTFIX(SVCPACK.INF)
CATEGORY=
TIE_UP=
XOR_KEY=
SYNCHRO_KEY=
RELEASE=2018/10/13
RUN_ORDER=084
CMD=
DECODE=0
DECODE_TYPE=
DECODE_GET=
IEXPRESS=0
IEXPRESS_LIST=
IEXPRESS_CMD=
PREVIOUS_SP=
COMMENT=Internet Explorer 11 用必須更新プログラム

[IE11]
TITLE=Internet Explorer 11 for Windows 7 x64
INFO=https://www.microsoft.com/ja-jp/download/details.aspx?id=40901
FILE=https://download.microsoft.com/download/3/F/2/3F2D186B-826D-4F72-8386-91AFCCAED57F/IE11-Windows6.1-x64-ja-jp.exe
RENAME=IE11-Windows6.1-x64-ja-jp.exe
SIZE=57400016
TYPE=HOTFIX(SVCPACK.INF)
CATEGORY=
TIE_UP=
XOR_KEY=
SYNCHRO_KEY=
RELEASE=2018/10/13
RUN_ORDER=022
CMD=/quiet /update-no /norestart
DECODE=0
DECODE_TYPE=
DECODE_GET=
IEXPRESS=0
IEXPRESS_LIST=
IEXPRESS_CMD=
PREVIOUS_SP=
COMMENT=

[KB2639308]
TITLE=An update is available for the ASLR feature in Windows 7 or in Windows Server 2008 R2
INFO=https://support.microsoft.com/help/2639308
FILE=http://download.microsoft.com/download/9/1/c/91cc3b0d-f58b-4b36-941d-d810a8ff6805/windows6.1-kb2639308-x64.msu
RENAME=
SIZE=5319912
TYPE=HOTFIX(SVCPACK.INF)
CATEGORY=
TIE_UP=IE11
XOR_KEY=
SYNCHRO_KEY=
RELEASE=2018/10/16
RUN_ORDER=085
CMD=
DECODE=0
DECODE_TYPE=
DECODE_GET=
IEXPRESS=0
IEXPRESS_LIST=
IEXPRESS_CMD=
PREVIOUS_SP=
COMMENT=Internet Explorer 11 用更新プログラム

[KB2888049]
TITLE=Update is available that improves the network performance of Internet Explorer 11 in Windows
INFO=https://support.microsoft.com/help/2888049
FILE=http://download.microsoft.com/download/4/1/3/41321d2e-2d08-4699-a635-d9828aadb177/windows6.1-kb2888049-x64.msu
RENAME=
SIZE=2041176
TYPE=HOTFIX(SVCPACK.INF)
CATEGORY=
TIE_UP=IE11
XOR_KEY=
SYNCHRO_KEY=
RELEASE=2018/10/13
RUN_ORDER=086
CMD=
DECODE=0
DECODE_TYPE=
DECODE_GET=
IEXPRESS=0
IEXPRESS_LIST=
IEXPRESS_CMD=
PREVIOUS_SP=
COMMENT=Internet Explorer 11 用更新プログラム

[KB2882822]
TITLE=Update adds ITraceRelogger interface support to Windows Embedded Standard 7 SP1, Windows 7 SP1 and Windows Server 2008 R2 SP1
INFO=https://support.microsoft.com/help/2882822
FILE=http://download.microsoft.com/download/6/1/4/6141bfd5-40fd-4148-a3c9-e355338a9ac8/windows6.1-kb2882822-x64.msu
RENAME=
SIZE=8439057
TYPE=HOTFIX(SVCPACK.INF)
CATEGORY=
TIE_UP=IE11
XOR_KEY=
SYNCHRO_KEY=
RELEASE=2018/10/13
RUN_ORDER=087
CMD=
DECODE=0
DECODE_TYPE=
DECODE_GET=
IEXPRESS=0
IEXPRESS_LIST=
IEXPRESS_CMD=
PREVIOUS_SP=
COMMENT=Internet Explorer 11 用更新プログラム

[KB2862330]
TITLE=Security Update for Windows 7 for x64-based Systems (KB2862330)
INFO=http://support.microsoft.com/kb/2862330
FILE=http://download.windowsupdate.com/c/msdownload/update/software/secu/2013/12/windows6.1-kb2862330-v2-x64_c1a8b768d8c22640d0a80966d124f441eb625934.msu
RENAME=windows6.1-kb2862330-v2-x64.msu
SIZE=569989
TYPE=HOTFIX(SVCPACK.INF)
CATEGORY=
TIE_UP=
XOR_KEY=
SYNCHRO_KEY=
RELEASE=2013/12/04
RUN_ORDER=023
CMD=
DECODE=0
DECODE_TYPE=
DECODE_GET=
IEXPRESS=0
IEXPRESS_LIST=
IEXPRESS_CMD=
PREVIOUS_SP=
COMMENT=

[KB2894844]
TITLE=Security Update for Microsoft .NET Framework 3.5.1 on Windows 7 and Windows Server 2008 R2 SP1 for x64-based Systems (KB2894844)
INFO=http://support.microsoft.com/kb/2894844
FILE=http://download.windowsupdate.com/c/msdownload/update/software/secu/2014/08/windows6.1-kb2894844-x64_71b051d4b2eae12423868e28b0e5b04a9e10c048.msu
RENAME=windows6.1-kb2894844-x64.msu
SIZE=4657042
TYPE=HOTFIX(SVCPACK.INF)
CATEGORY=
TIE_UP=
XOR_KEY=
SYNCHRO_KEY=
RELEASE=2014/08/19
RUN_ORDER=024
CMD=
DECODE=0
DECODE_TYPE=
DECODE_GET=
IEXPRESS=0
IEXPRESS_LIST=
IEXPRESS_CMD=
PREVIOUS_SP=
COMMENT=

[KB2898851]
TITLE=Security Update for Microsoft .NET Framework 3.5.1 on Windows 7 and Windows Server 2008 R2 SP1 for x64-based Systems (KB2898851)
INFO=http://support.microsoft.com/kb/2898851
FILE=http://download.windowsupdate.com/d/msdownload/update/software/secu/2014/04/windows6.1-kb2898851-x64_37f0780a032414c1fc6a98a274c319564546716f.msu
RENAME=windows6.1-kb2898851-x64.msu
SIZE=2111101
TYPE=HOTFIX(SVCPACK.INF)
CATEGORY=
TIE_UP=
XOR_KEY=
SYNCHRO_KEY=
RELEASE=2014/04/22
RUN_ORDER=025
CMD=
DECODE=0
DECODE_TYPE=
DECODE_GET=
IEXPRESS=0
IEXPRESS_LIST=
IEXPRESS_CMD=
PREVIOUS_SP=
COMMENT=

[KB2900986]
TITLE=Cumulative Security Update for ActiveX Killbits for Windows 7 for x64-based Systems (KB2900986)
INFO=http://support.microsoft.com/kb/2900986
FILE=http://download.windowsupdate.com/d/msdownload/update/software/secu/2013/11/windows6.1-kb2900986-x64_a56afda70b8208665280cb79d0a6704bb7dcc3bb.msu
RENAME=windows6.1-kb2900986-x64.msu
SIZE=215577
TYPE=HOTFIX(SVCPACK.INF)
CATEGORY=
TIE_UP=
XOR_KEY=
SYNCHRO_KEY=
RELEASE=2013/11/07
RUN_ORDER=026
CMD=
DECODE=0
DECODE_TYPE=
DECODE_GET=
IEXPRESS=0
IEXPRESS_LIST=
IEXPRESS_CMD=
PREVIOUS_SP=
COMMENT=

[KB2919469]
TITLE=Update for Windows 7 for x64-based Systems (KB2919469)
INFO=http://support.microsoft.com/kb/2919469
FILE=http://download.windowsupdate.com/c/msdownload/update/software/updt/2014/02/windows6.1-kb2919469-x64_86cda4c626b085836b92ee00a182f1c20bb93c7b.msu
RENAME=windows6.1-kb2919469-x64.msu
SIZE=5692189
TYPE=HOTFIX(SVCPACK.INF)
CATEGORY=
TIE_UP=
XOR_KEY=KB3125574
SYNCHRO_KEY=
RELEASE=2014/02/05
RUN_ORDER=027
CMD=
DECODE=0
DECODE_TYPE=
DECODE_GET=
IEXPRESS=0
IEXPRESS_LIST=
IEXPRESS_CMD=
PREVIOUS_SP=
COMMENT=

[KB2923545]
TITLE=Update for Windows 7 for x64-based Systems (KB2923545)
INFO=http://support.microsoft.com/kb/2923545
FILE=http://download.windowsupdate.com/c/msdownload/update/software/updt/2014/02/windows6.1-kb2923545-x64_d263a19b8935efa334ef713cfbfecede3c51a3d1.msu
RENAME=windows6.1-kb2923545-x64.msu
SIZE=5480096
TYPE=HOTFIX(SVCPACK.INF)
CATEGORY=
TIE_UP=
XOR_KEY=
SYNCHRO_KEY=
RELEASE=2014/02/19
RUN_ORDER=028
CMD=
DECODE=0
DECODE_TYPE=
DECODE_GET=
IEXPRESS=0
IEXPRESS_LIST=
IEXPRESS_CMD=
PREVIOUS_SP=
COMMENT=

[KB2970228]
TITLE=Update for Windows 7 for x64-based Systems (KB2970228)
INFO=http://support.microsoft.com/kb/2970228
FILE=http://download.windowsupdate.com/d/msdownload/update/software/updt/2014/08/windows6.1-kb2970228-x64_929e88aa259841f7936be32c82da56bf2ba22f73.msu
RENAME=windows6.1-kb2970228-x64.msu
SIZE=8441945
TYPE=HOTFIX(SVCPACK.INF)
CATEGORY=
TIE_UP=
XOR_KEY=KB3125574
SYNCHRO_KEY=
RELEASE=2014/08/07
RUN_ORDER=029
CMD=
DECODE=0
DECODE_TYPE=
DECODE_GET=
IEXPRESS=0
IEXPRESS_LIST=
IEXPRESS_CMD=
PREVIOUS_SP=
COMMENT=

[KB2984972]
TITLE=Security Update for Windows 7 for x64-based Systems (KB2984972)
INFO=http://support.microsoft.com/kb/2984972
FILE=http://download.windowsupdate.com/c/msdownload/update/software/secu/2014/10/windows6.1-kb2984972-x64_2545620eadc06a0a3fd426b5853b2e0b48187599.msu
RENAME=windows6.1-kb2984972-x64.msu
SIZE=11828222
TYPE=HOTFIX(SVCPACK.INF)
CATEGORY=
TIE_UP=
XOR_KEY=
SYNCHRO_KEY=
RELEASE=2014/10/02
RUN_ORDER=030
CMD=
DECODE=0
DECODE_TYPE=
DECODE_GET=
IEXPRESS=0
IEXPRESS_LIST=
IEXPRESS_CMD=
PREVIOUS_SP=
COMMENT=

[KB2990941]
TITLE=Update to add native driver support in NVM Express in Windows 7 and Windows Server 2008 R2
INFO=http://support.microsoft.com/kb/2990941
FILE=Windows6.1-KB2990941-v3-x64.msu
RENAME=Windows6.1-KB2990941-v3-x64.msu
SIZE=6213911
TYPE=HOTFIX(SVCPACK.INF)
CATEGORY=
TIE_UP=
XOR_KEY=
SYNCHRO_KEY=
RELEASE=2014/09/29
RUN_ORDER=031
CMD=
DECODE=0
DECODE_TYPE=
DECODE_GET=
IEXPRESS=0
IEXPRESS_LIST=
IEXPRESS_CMD=
PREVIOUS_SP=
COMMENT=

[KB3004375]
TITLE=Security Update for Windows 7 for x64-based Systems (KB3004375)
INFO=http://support.microsoft.com/kb/3004375
FILE=http://download.windowsupdate.com/c/msdownload/update/software/secu/2015/01/windows6.1-kb3004375-v3-x64_c4f55f4d06ce51e923bd0e269af11126c5e7196a.msu
RENAME=windows6.1-kb3004375-v3-x64.msu
SIZE=12198191
TYPE=HOTFIX(SVCPACK.INF)
CATEGORY=
TIE_UP=
XOR_KEY=
SYNCHRO_KEY=
RELEASE=2015/01/27
RUN_ORDER=032
CMD=
DECODE=0
DECODE_TYPE=
DECODE_GET=
IEXPRESS=0
IEXPRESS_LIST=
IEXPRESS_CMD=
PREVIOUS_SP=
COMMENT=

[KB3006137]
TITLE=Update for Windows 7 for x64-based Systems (KB3006137)
INFO=http://support.microsoft.com/kb/3006137
FILE=http://download.windowsupdate.com/d/msdownload/update/software/updt/2015/02/windows6.1-kb3006137-x64_3e0f0b8edfd6cda0c37fba3575724c6e829cdda3.msu
RENAME=windows6.1-kb3006137-x64.msu
SIZE=5611863
TYPE=HOTFIX(SVCPACK.INF)
CATEGORY=
TIE_UP=
XOR_KEY=KB3125574
SYNCHRO_KEY=
RELEASE=2015/02/20
RUN_ORDER=033
CMD=
DECODE=0
DECODE_TYPE=
DECODE_GET=
IEXPRESS=0
IEXPRESS_LIST=
IEXPRESS_CMD=
PREVIOUS_SP=
COMMENT=

[KB3020369]
TITLE=Update for Windows 7 for x64-based Systems (KB3020369)
INFO=http://support.microsoft.com/kb/3020369
FILE=http://download.windowsupdate.com/d/msdownload/update/software/updt/2015/04/windows6.1-kb3020369-x64_5393066469758e619f21731fc31ff2d109595445.msu
RENAME=windows6.1-kb3020369-x64.msu
SIZE=9575735
TYPE=HOTFIX(SVCPACK.INF)
CATEGORY=
TIE_UP=
XOR_KEY=KB3177467
SYNCHRO_KEY=
RELEASE=2015/04/11
RUN_ORDER=034
CMD=
DECODE=0
DECODE_TYPE=
DECODE_GET=
IEXPRESS=0
IEXPRESS_LIST=
IEXPRESS_CMD=
PREVIOUS_SP=
COMMENT=

[KB3020387]
TITLE=Security Update for Windows 7 for x64-based Systems (KB3020387)
INFO=http://support.microsoft.com/kb/3020387
FILE=http://download.windowsupdate.com/c/msdownload/update/software/secu/2014/12/windows6.1-kb3020387-x64_6380045ee51b5aae2727415a3c17dea1175df5f7.msu
RENAME=windows6.1-kb3020387-x64.msu
SIZE=236254
TYPE=HOTFIX(SVCPACK.INF)
CATEGORY=
TIE_UP=
XOR_KEY=
SYNCHRO_KEY=
RELEASE=2014/12/17
RUN_ORDER=035
CMD=
DECODE=0
DECODE_TYPE=
DECODE_GET=
IEXPRESS=0
IEXPRESS_LIST=
IEXPRESS_CMD=
PREVIOUS_SP=
COMMENT=

[KB3020388]
TITLE=Security Update for Windows 7 for x64-based Systems (KB3020388)
INFO=http://support.microsoft.com/kb/3020388
FILE=http://download.windowsupdate.com/c/msdownload/update/software/secu/2014/12/windows6.1-kb3020388-x64_1627cf039f34cdbc63078c61e9fa7f1a78b284c0.msu
RENAME=windows6.1-kb3020388-x64.msu
SIZE=247483
TYPE=HOTFIX(SVCPACK.INF)
CATEGORY=
TIE_UP=
XOR_KEY=
SYNCHRO_KEY=
RELEASE=2014/12/17
RUN_ORDER=036
CMD=
DECODE=0
DECODE_TYPE=
DECODE_GET=
IEXPRESS=0
IEXPRESS_LIST=
IEXPRESS_CMD=
PREVIOUS_SP=
COMMENT=

[KB3021917]
TITLE=Update for Windows 7 for x64-based Systems (KB3021917)
INFO=http://support.microsoft.com/kb/3021917
FILE=http://download.windowsupdate.com/d/msdownload/update/software/updt/2015/01/windows6.1-kb3021917-x64_d516fd2300ae1077ab2a5d899e31d795a52c2da0.msu
RENAME=windows6.1-kb3021917-x64.msu
SIZE=605252
TYPE=HOTFIX(SVCPACK.INF)
CATEGORY=
TIE_UP=
XOR_KEY=
SYNCHRO_KEY=
RELEASE=2015/01/29
RUN_ORDER=037
CMD=
DECODE=0
DECODE_TYPE=
DECODE_GET=
IEXPRESS=0
IEXPRESS_LIST=
IEXPRESS_CMD=
PREVIOUS_SP=
COMMENT=

[KB3031432]
TITLE=Security Update for Windows 7 for x64-based Systems (KB3031432)
INFO=http://support.microsoft.com/kb/3031432
FILE=http://download.windowsupdate.com/c/msdownload/update/software/secu/2015/01/windows6.1-kb3031432-x64_e648abe279c8b0095a57271ffbab5d5d376da558.msu
RENAME=windows6.1-kb3031432-x64.msu
SIZE=6673592
TYPE=HOTFIX(SVCPACK.INF)
CATEGORY=
TIE_UP=KB3004375
XOR_KEY=
SYNCHRO_KEY=
RELEASE=2015/01/21
RUN_ORDER=038
CMD=
DECODE=0
DECODE_TYPE=
DECODE_GET=
IEXPRESS=0
IEXPRESS_LIST=
IEXPRESS_CMD=
PREVIOUS_SP=
COMMENT=

[KB3042058]
TITLE=Security Update for Windows 7 for x64-based Systems (KB3042058)
INFO=http://support.microsoft.com/kb/3042058
FILE=http://download.windowsupdate.com/d/msdownload/update/software/secu/2015/09/windows6.1-kb3042058-x64_4e7e044dbb5c095851bd1c28c9d8eb5c17975e10.msu
RENAME=windows6.1-kb3042058-x64.msu
SIZE=6284597
TYPE=HOTFIX(SVCPACK.INF)
CATEGORY=
TIE_UP=KB3020369
XOR_KEY=
SYNCHRO_KEY=
RELEASE=2015/09/23
RUN_ORDER=039
CMD=
DECODE=0
DECODE_TYPE=
DECODE_GET=
IEXPRESS=0
IEXPRESS_LIST=
IEXPRESS_CMD=
PREVIOUS_SP=
COMMENT=

[KB3046269]
TITLE=Security Update for Windows 7 for x64-based Systems (KB3046269)
INFO=http://support.microsoft.com/kb/3046269
FILE=http://download.windowsupdate.com/d/msdownload/update/software/secu/2015/03/windows6.1-kb3046269-x64_9cdabeb9c2a859414c27c4f981d6b1334aee0ad5.msu
RENAME=windows6.1-kb3046269-x64.msu
SIZE=207188
TYPE=HOTFIX(SVCPACK.INF)
CATEGORY=
TIE_UP=
XOR_KEY=
SYNCHRO_KEY=
RELEASE=2015/03/23
RUN_ORDER=040
CMD=
DECODE=0
DECODE_TYPE=
DECODE_GET=
IEXPRESS=0
IEXPRESS_LIST=
IEXPRESS_CMD=
PREVIOUS_SP=
COMMENT=

[KB3059317]
TITLE=Security Update for Windows 7 for x64-based Systems (KB3059317)
INFO=http://support.microsoft.com/kb/3059317
FILE=http://download.windowsupdate.com/d/msdownload/update/software/secu/2015/05/windows6.1-kb3059317-x64_b68db33239bddcb59e881252cfc7b79d58a2f26b.msu
RENAME=windows6.1-kb3059317-x64.msu
SIZE=2322719
TYPE=HOTFIX(SVCPACK.INF)
CATEGORY=
TIE_UP=
XOR_KEY=
SYNCHRO_KEY=
RELEASE=2015/05/20
RUN_ORDER=041
CMD=
DECODE=0
DECODE_TYPE=
DECODE_GET=
IEXPRESS=0
IEXPRESS_LIST=
IEXPRESS_CMD=
PREVIOUS_SP=
COMMENT=

[KB3068708]
TITLE=Update for Windows 7 for x64-based Systems (KB3068708)
INFO=http://support.microsoft.com/kb/3068708
FILE=http://download.windowsupdate.com/d/msdownload/update/software/updt/2015/06/windows6.1-kb3068708-x64_1ce8daca73621d47367242d57f4a9fd702d31df9.msu
RENAME=windows6.1-kb3068708-x64.msu
SIZE=29176706
TYPE=HOTFIX(SVCPACK.INF)
CATEGORY=
TIE_UP=
XOR_KEY=KB3125574
SYNCHRO_KEY=
RELEASE=2015/06/01
RUN_ORDER=042
CMD=
DECODE=0
DECODE_TYPE=
DECODE_GET=
IEXPRESS=0
IEXPRESS_LIST=
IEXPRESS_CMD=
PREVIOUS_SP=
COMMENT=

[KB3075226]
TITLE=Security Update for Windows 7 for x64-based Systems (KB3075226)
INFO=http://support.microsoft.com/kb/3075226
FILE=http://download.windowsupdate.com/d/msdownload/update/software/secu/2015/07/windows6.1-kb3075226-x64_edcaa1b72946b2894f0a3debf08adb059d5a254b.msu
RENAME=windows6.1-kb3075226-x64.msu
SIZE=5184347
TYPE=HOTFIX(SVCPACK.INF)
CATEGORY=
TIE_UP=
XOR_KEY=
SYNCHRO_KEY=
RELEASE=2015/07/22
RUN_ORDER=043
CMD=
DECODE=0
DECODE_TYPE=
DECODE_GET=
IEXPRESS=0
IEXPRESS_LIST=
IEXPRESS_CMD=
PREVIOUS_SP=
COMMENT=

[KB3080149]
TITLE=Update for Windows 7 for x64-based Systems (KB3080149)
INFO=http://support.microsoft.com/kb/3080149
FILE=http://download.windowsupdate.com/d/msdownload/update/software/updt/2015/08/windows6.1-kb3080149-x64_f25965cefd63a0188b1b6f4aad476a6bd28b68ce.msu
RENAME=windows6.1-kb3080149-x64.msu
SIZE=17678484
TYPE=HOTFIX(SVCPACK.INF)
CATEGORY=
TIE_UP=
XOR_KEY=KB3125574
SYNCHRO_KEY=
RELEASE=2015/08/14
RUN_ORDER=044
CMD=
DECODE=0
DECODE_TYPE=
DECODE_GET=
IEXPRESS=0
IEXPRESS_LIST=
IEXPRESS_CMD=
PREVIOUS_SP=
COMMENT=

[KB3087873]
TITLE=Hotfix for Windows 7 for x64-based Systems (KB3087873)
INFO=http://support.microsoft.com/kb/3087873
FILE=http://download.windowsupdate.com/d/msdownload/update/software/htfx/2015/09/windows6.1-kb3087873-v2-x64_098e3dc3e7133ba8a37b2e47260cd8cba960deb8.msu
RENAME=windows6.1-kb3087873-v2-x64.msu
SIZE=699191
TYPE=HOTFIX(SVCPACK.INF)
CATEGORY=
TIE_UP=KB2990941
XOR_KEY=
SYNCHRO_KEY=
RELEASE=2015/09/02
RUN_ORDER=045
CMD=
DECODE=0
DECODE_TYPE=
DECODE_GET=
IEXPRESS=0
IEXPRESS_LIST=
IEXPRESS_CMD=
PREVIOUS_SP=
COMMENT=

[KB3102429]
TITLE=Update for Windows 7 for x64-based Systems (KB3102429)
INFO=http://support.microsoft.com/kb/3102429
FILE=http://download.windowsupdate.com/d/msdownload/update/software/updt/2016/01/windows6.1-kb3102429-v2-x64_fbf07105ff35e936f413663e0f4900cb7055368a.msu
RENAME=windows6.1-kb3102429-v2-x64.msu
SIZE=18937565
TYPE=HOTFIX(SVCPACK.INF)
CATEGORY=
TIE_UP=
XOR_KEY=KB3125574
SYNCHRO_KEY=
RELEASE=2016/01/09
RUN_ORDER=046
CMD=
DECODE=0
DECODE_TYPE=
DECODE_GET=
IEXPRESS=0
IEXPRESS_LIST=
IEXPRESS_CMD=
PREVIOUS_SP=
COMMENT=

[KB3125574]
TITLE=Update for Windows 7 for x64-based Systems (KB3125574)
INFO=http://support.microsoft.com/kb/3125574
FILE=http://download.windowsupdate.com/d/msdownload/update/software/updt/2016/05/windows6.1-kb3125574-v4-x64_2dafb1d203c8964239af3048b5dd4b1264cd93b9.msu
RENAME=windows6.1-kb3125574-v4-x64.msu
SIZE=500046015
TYPE=HOTFIX(SVCPACK.INF)
CATEGORY=
TIE_UP=KB976932;KB3020369
XOR_KEY=
SYNCHRO_KEY=
RELEASE=2016/05/12
RUN_ORDER=047
CMD=
DECODE=0
DECODE_TYPE=
DECODE_GET=
IEXPRESS=0
IEXPRESS_LIST=
IEXPRESS_CMD=
PREVIOUS_SP=
COMMENT=

[KB3138612]
TITLE=Update for Windows 7 for x64-based Systems (KB3138612)
INFO=http://support.microsoft.com/kb/3138612
FILE=http://download.windowsupdate.com/d/msdownload/update/software/updt/2016/02/windows6.1-kb3138612-x64_f7b1de8ea7cf8faf57b0138c4068d2e899e2b266.msu
RENAME=windows6.1-kb3138612-x64.msu
SIZE=3319424
TYPE=HOTFIX(SVCPACK.INF)
CATEGORY=
TIE_UP=
XOR_KEY=
SYNCHRO_KEY=
RELEASE=2016/02/29
RUN_ORDER=048
CMD=
DECODE=0
DECODE_TYPE=
DECODE_GET=
IEXPRESS=0
IEXPRESS_LIST=
IEXPRESS_CMD=
PREVIOUS_SP=
COMMENT=

[KB3150513]
TITLE=Update for Windows 7 for x64-based Systems (KB3150513)
INFO=http://support.microsoft.com/kb/3150513
FILE=http://download.windowsupdate.com/d/msdownload/update/software/updt/2016/05/windows6.1-kb3150513-x64_6cbb71abc859a82acd6842b5765ab43f981c08e5.msu
RENAME=windows6.1-kb3150513-x64.msu
SIZE=1512600
TYPE=HOTFIX(SVCPACK.INF)
CATEGORY=
TIE_UP=
XOR_KEY=
SYNCHRO_KEY=
RELEASE=2016/05/10
RUN_ORDER=049
CMD=
DECODE=0
DECODE_TYPE=
DECODE_GET=
IEXPRESS=0
IEXPRESS_LIST=
IEXPRESS_CMD=
PREVIOUS_SP=
COMMENT=

[KB3155178]
TITLE=Security Update for Windows 7 for x64-based Systems (KB3155178)
INFO=http://support.microsoft.com/kb/3155178
FILE=http://download.windowsupdate.com/c/msdownload/update/software/secu/2016/04/windows6.1-kb3155178-x64_5db0e41e4bb12253f5c9f9bc5c1431b1b6073bf8.msu
RENAME=windows6.1-kb3155178-x64.msu
SIZE=2656864
TYPE=HOTFIX(SVCPACK.INF)
CATEGORY=
TIE_UP=
XOR_KEY=
SYNCHRO_KEY=
RELEASE=2016/04/21
RUN_ORDER=050
CMD=
DECODE=0
DECODE_TYPE=
DECODE_GET=
IEXPRESS=0
IEXPRESS_LIST=
IEXPRESS_CMD=
PREVIOUS_SP=
COMMENT=

[KB3156016]
TITLE=Security Update for Windows 7 for x64-based Systems (KB3156016)
INFO=http://support.microsoft.com/kb/3156016
FILE=http://download.windowsupdate.com/c/msdownload/update/software/secu/2016/04/windows6.1-kb3156016-x64_97fa9ecb5f3a03a0739c6baeea3d9371c1474a6a.msu
RENAME=windows6.1-kb3156016-x64.msu
SIZE=925945
TYPE=HOTFIX(SVCPACK.INF)
CATEGORY=
TIE_UP=
XOR_KEY=
SYNCHRO_KEY=
RELEASE=2016/04/21
RUN_ORDER=051
CMD=
DECODE=0
DECODE_TYPE=
DECODE_GET=
IEXPRESS=0
IEXPRESS_LIST=
IEXPRESS_CMD=
PREVIOUS_SP=
COMMENT=

[KB3159398]
TITLE=Security Update for Windows 7 for x64-based Systems (KB3159398)
INFO=http://support.microsoft.com/kb/3159398
FILE=http://download.windowsupdate.com/d/msdownload/update/software/secu/2016/05/windows6.1-kb3159398-x64_dc2b2c11af4b38b0b632bd7f6d683d57a93b711c.msu
RENAME=windows6.1-kb3159398-x64.msu
SIZE=1858318
TYPE=HOTFIX(SVCPACK.INF)
CATEGORY=
TIE_UP=
XOR_KEY=
SYNCHRO_KEY=
RELEASE=2016/05/24
RUN_ORDER=052
CMD=
DECODE=0
DECODE_TYPE=
DECODE_GET=
IEXPRESS=0
IEXPRESS_LIST=
IEXPRESS_CMD=
PREVIOUS_SP=
COMMENT=

[KB3161102]
TITLE=Update for Windows 7 for x64-based Systems (KB3161102)
INFO=http://support.microsoft.com/kb/3161102
FILE=http://download.windowsupdate.com/d/msdownload/update/software/updt/2016/07/windows6.1-kb3161102-x64_3ade1fbc413cae1afc0d3f1e1d10379ef4b44aad.msu
RENAME=windows6.1-kb3161102-x64.msu
SIZE=310691
TYPE=HOTFIX(SVCPACK.INF)
CATEGORY=
TIE_UP=
XOR_KEY=
SYNCHRO_KEY=
RELEASE=2016/07/25
RUN_ORDER=053
CMD=
DECODE=0
DECODE_TYPE=
DECODE_GET=
IEXPRESS=0
IEXPRESS_LIST=
IEXPRESS_CMD=
PREVIOUS_SP=
COMMENT=

[KB3161949]
TITLE=Security Update for Windows 7 for x64-based Systems (KB3161949)
INFO=http://support.microsoft.com/kb/3161949
FILE=http://download.windowsupdate.com/c/msdownload/update/software/secu/2016/05/windows6.1-kb3161949-x64_e2372fb5746e9474cec6ef1710f8d58ec5c6c000.msu
RENAME=windows6.1-kb3161949-x64.msu
SIZE=1169957
TYPE=HOTFIX(SVCPACK.INF)
CATEGORY=
TIE_UP=
XOR_KEY=
SYNCHRO_KEY=
RELEASE=2016/05/24
RUN_ORDER=054
CMD=
DECODE=0
DECODE_TYPE=
DECODE_GET=
IEXPRESS=0
IEXPRESS_LIST=
IEXPRESS_CMD=
PREVIOUS_SP=
COMMENT=

[KB3170735]
TITLE=Update for Windows 7 for x64-based Systems (KB3170735)
INFO=http://support.microsoft.com/kb/3170735
FILE=http://download.windowsupdate.com/d/msdownload/update/software/updt/2016/07/windows6.1-kb3170735-x64_f3acca0567bdc906ba7ef05d3d75550bb34db0cd.msu
RENAME=windows6.1-kb3170735-x64.msu
SIZE=2983180
TYPE=HOTFIX(SVCPACK.INF)
CATEGORY=
TIE_UP=
XOR_KEY=
SYNCHRO_KEY=
RELEASE=2016/07/02
RUN_ORDER=055
CMD=
DECODE=0
DECODE_TYPE=
DECODE_GET=
IEXPRESS=0
IEXPRESS_LIST=
IEXPRESS_CMD=
PREVIOUS_SP=
COMMENT=

[KB3172605]
TITLE=Update for Windows 7 for x64-based Systems (KB3172605)
INFO=http://support.microsoft.com/kb/3172605
FILE=http://download.windowsupdate.com/d/msdownload/update/software/updt/2016/09/windows6.1-kb3172605-x64_2bb9bc55f347eee34b1454b50c436eb6fd9301fc.msu
RENAME=windows6.1-kb3172605-x64.msu
SIZE=30678976
TYPE=HOTFIX(SVCPACK.INF)
CATEGORY=
TIE_UP=
XOR_KEY=
SYNCHRO_KEY=
RELEASE=2016/09/09
RUN_ORDER=056
CMD=
DECODE=0
DECODE_TYPE=
DECODE_GET=
IEXPRESS=0
IEXPRESS_LIST=
IEXPRESS_CMD=
PREVIOUS_SP=
COMMENT=

[KB3179573]
TITLE=Update for Windows 7 for x64-based Systems (KB3179573)
INFO=http://support.microsoft.com/kb/3179573
FILE=http://download.windowsupdate.com/c/msdownload/update/software/updt/2016/07/windows6.1-kb3179573-x64_0ec541490b3f7b02e41f26cb2c444cbd9e13df4d.msu
RENAME=windows6.1-kb3179573-x64.msu
SIZE=2436005
TYPE=HOTFIX(SVCPACK.INF)
CATEGORY=
TIE_UP=
XOR_KEY=
SYNCHRO_KEY=
RELEASE=2016/07/29
RUN_ORDER=057
CMD=
DECODE=0
DECODE_TYPE=
DECODE_GET=
IEXPRESS=0
IEXPRESS_LIST=
IEXPRESS_CMD=
PREVIOUS_SP=
COMMENT=

[KB3184143]
TITLE=Update for Windows 7 for x64-based Systems (KB3184143)
INFO=http://support.microsoft.com/kb/3184143
FILE=http://download.windowsupdate.com/d/msdownload/update/software/updt/2016/09/windows6.1-kb3184143-x64_6db4ed132eacefab0f780ef5ce4611ffe4f577a4.msu
RENAME=windows6.1-kb3184143-x64.msu
SIZE=10315218
TYPE=HOTFIX(SVCPACK.INF)
CATEGORY=
TIE_UP=
XOR_KEY=
SYNCHRO_KEY=
RELEASE=2016/09/07
RUN_ORDER=058
CMD=
DECODE=0
DECODE_TYPE=
DECODE_GET=
IEXPRESS=0
IEXPRESS_LIST=
IEXPRESS_CMD=
PREVIOUS_SP=
COMMENT=

[KB3185319]
TITLE=Cumulative Security Update for Internet Explorer 11 for Windows 7 for x64-based Systems (KB3185319)
INFO=http://support.microsoft.com/kb/3185319
FILE=http://download.windowsupdate.com/c/msdownload/update/software/secu/2016/09/ie11-windows6.1-kb3185319-x64_fc0fd52e6ce28c212c2ce5b3dd13cf5fbcb95ca5.msu
RENAME=ie11-windows6.1-kb3185319-x64.msu
SIZE=54701011
TYPE=HOTFIX(SVCPACK.INF)
CATEGORY=
TIE_UP=
XOR_KEY=KB3185330;KB3192391;KB3197868;KB3197867;KB3205394;KB4457426;KB4462949;KB4466536;KB4470199;KB4483187;KB4480965;KB4486474;KB4489873;KB4493435;KB4498206;KB4503259;KB4507434;KB4511872;KB4516046;KB4522007;KB4519974;KB4524135;KB4525106;KB4530677;KB4534251;KB4012204;KB4014661;KB4018271;KB4021558;KB4025252;KB4034733;KB4036586;KB4040685;KB4047206;KB4052978;KB4056568;KB4074736;KB4089187;KB4092946;KB4096040;KB4103768;KB4230450;KB4339093;KB4343205
SYNCHRO_KEY=
RELEASE=2016/09/08
RUN_ORDER=059
CMD=
DECODE=0
DECODE_TYPE=
DECODE_GET=
IEXPRESS=0
IEXPRESS_LIST=
IEXPRESS_CMD=
PREVIOUS_SP=
COMMENT=

[KB4019990]
TITLE=Update for Windows 7 for x64-based Systems (KB4019990)
INFO=http://support.microsoft.com/kb/4019990
FILE=http://download.windowsupdate.com/c/msdownload/update/software/updt/2017/05/windows6.1-kb4019990-x64_35cc310e81ef23439ba0ec1f11d7b71dd34adfe5.msu
RENAME=windows6.1-kb4019990-x64.msu
SIZE=2873529
TYPE=HOTFIX(SVCPACK.INF)
CATEGORY=
TIE_UP=
XOR_KEY=
SYNCHRO_KEY=
RELEASE=2017/05/11
RUN_ORDER=060
CMD=
DECODE=0
DECODE_TYPE=
DECODE_GET=
IEXPRESS=0
IEXPRESS_LIST=
IEXPRESS_CMD=
PREVIOUS_SP=
COMMENT=

[KB4040980]
TITLE=2017-11 Security and Quality Rollup for .NET Framework 3.5.1, 4.5.2, 4.6, 4.6.1, 4.6.2, 4.7 on Windows 7 and Server 2008 R2 for x64 (KB4049016)
INFO=http://support.microsoft.com/kb/4049016
FILE=http://download.windowsupdate.com/c/msdownload/update/software/secu/2017/09/windows6.1-kb4040980-x64_83282fb5210091802984ead0d4175879056d602c.msu
RENAME=windows6.1-kb4040980-x64.msu
SIZE=19995690
TYPE=HOTFIX(SVCPACK.INF)
CATEGORY=
TIE_UP=
XOR_KEY=
SYNCHRO_KEY=
RELEASE=2017/09/08
RUN_ORDER=061
CMD=
DECODE=0
DECODE_TYPE=
DECODE_GET=
IEXPRESS=0
IEXPRESS_LIST=
IEXPRESS_CMD=
PREVIOUS_SP=
COMMENT=

[KB4474419]
TITLE=2019-09 Security Update for Windows 7 for x64-based Systems (KB4474419)
INFO=https://support.microsoft.com/help/4474419
FILE=http://download.windowsupdate.com/c/msdownload/update/software/secu/2019/09/windows6.1-kb4474419-v3-x64_b5614c6cea5cb4e198717789633dca16308ef79c.msu
RENAME=windows6.1-kb4474419-v3-x64.msu
SIZE=55853327
TYPE=HOTFIX(SVCPACK.INF)
CATEGORY=
TIE_UP=
XOR_KEY=
SYNCHRO_KEY=
RELEASE=2019/09/02
RUN_ORDER=062
CMD=
DECODE=0
DECODE_TYPE=
DECODE_GET=
IEXPRESS=0
IEXPRESS_LIST=
IEXPRESS_CMD=
PREVIOUS_SP=
COMMENT=

[KB4490628]
TITLE=2019-03 Servicing Stack Update for Windows 7 for x64-based Systems (KB4490628)
INFO=http://support.microsoft.com/help/4490628
FILE=http://download.windowsupdate.com/c/msdownload/update/software/secu/2019/03/windows6.1-kb4490628-x64_d3de52d6987f7c8bdc2c015dca69eac96047c76e.msu
RENAME=windows6.1-kb4490628-x64.msu
SIZE=9543846
TYPE=HOTFIX(SVCPACK.INF)
CATEGORY=
TIE_UP=
XOR_KEY=
SYNCHRO_KEY=
RELEASE=2019/03/06
RUN_ORDER=063
CMD=
DECODE=0
DECODE_TYPE=
DECODE_GET=
IEXPRESS=0
IEXPRESS_LIST=
IEXPRESS_CMD=
PREVIOUS_SP=
COMMENT=

[KB4507004]
TITLE=2019-07 Security and Quality Rollup for .NET Framework 3.5.1 for Windows 7 and Server 2008 R2 for x64 (KB4507004)
INFO=http://support.microsoft.com/kb/4507004
FILE=http://download.windowsupdate.com/d/msdownload/update/software/secu/2019/07/windows6.1-kb4507004-x64_a7d988d65422c8cfbbed141c95aeea37a8743167.msu
RENAME=windows6.1-kb4507004-x64.msu
SIZE=24457304
TYPE=HOTFIX(SVCPACK.INF)
CATEGORY=
TIE_UP=
XOR_KEY=
SYNCHRO_KEY=
RELEASE=2019/07/07
RUN_ORDER=064
CMD=
DECODE=0
DECODE_TYPE=
DECODE_GET=
IEXPRESS=0
IEXPRESS_LIST=
IEXPRESS_CMD=
PREVIOUS_SP=
COMMENT=

[KB4532945]
TITLE=2020-01 Security and Quality Rollup for .NET Framework 3.5.1, 4.5.2, 4.6, 4.6.1, 4.6.2, 4.7, 4.7.1, 4.7.2, 4.8 for Windows 7 and Server 2008 R2 for x64 (KB4535102)
INFO=http://support.microsoft.com/kb/4535102
FILE=http://download.windowsupdate.com/c/msdownload/update/software/secu/2020/01/windows6.1-kb4532945-x64_d070fb06c4c56f70e4d2e891181028fa7c35694d.msu
RENAME=windows6.1-kb4532945-x64.msu
SIZE=24453794
TYPE=HOTFIX(SVCPACK.INF)
CATEGORY=
TIE_UP=
XOR_KEY=
SYNCHRO_KEY=
RELEASE=2020/01/03
RUN_ORDER=065
CMD=
DECODE=0
DECODE_TYPE=
DECODE_GET=
IEXPRESS=0
IEXPRESS_LIST=
IEXPRESS_CMD=
PREVIOUS_SP=
COMMENT=

[KB4534251]
TITLE=2020-01 Cumulative Security Update for Internet Explorer 11 for Windows 7 for x64-based systems (KB4534251)
INFO=https://support.microsoft.com/help/4534251
FILE=http://download.windowsupdate.com/c/msdownload/update/software/secu/2019/12/ie11-windows6.1-kb4534251-x64_91ee2d40871aba94d4c13eaaa623c7f4b6577e46.msu
RENAME=ie11-windows6.1-kb4534251-x64.msu
SIZE=55812997
TYPE=HOTFIX(SVCPACK.INF)
CATEGORY=
TIE_UP=
XOR_KEY=
SYNCHRO_KEY=
RELEASE=2019/12/18
RUN_ORDER=066
CMD=
DECODE=0
DECODE_TYPE=
DECODE_GET=
IEXPRESS=0
IEXPRESS_LIST=
IEXPRESS_CMD=
PREVIOUS_SP=
COMMENT=

[KB4536952]
TITLE=2020-01 Servicing Stack Update for Windows 7 for x64-based Systems (KB4536952)
INFO=https://support.microsoft.com/help/4536952
FILE=http://download.windowsupdate.com/c/msdownload/update/software/secu/2020/01/windows6.1-kb4536952-x64_87f81056110003107fa0e0ec35a3b600ef300a14.msu
RENAME=windows6.1-kb4536952-x64.msu
SIZE=9583079
TYPE=HOTFIX(SVCPACK.INF)
CATEGORY=
TIE_UP=
XOR_KEY=
SYNCHRO_KEY=
RELEASE=2020/01/06
RUN_ORDER=067
CMD=
DECODE=0
DECODE_TYPE=
DECODE_GET=
IEXPRESS=0
IEXPRESS_LIST=
IEXPRESS_CMD=
PREVIOUS_SP=
COMMENT=

[KB947821]
TITLE=System Update Readiness Tool for Windows 7 for x64-based Systems (KB947821) [October 2014]
INFO=http://support.microsoft.com/kb/947821
FILE=http://download.windowsupdate.com/d/msdownload/update/software/crup/2014/10/windows6.1-kb947821-v34-x64_cc4a605bcda8288af75983312e8fb25367e98fdd.msu
RENAME=windows6.1-kb947821-v34-x64.msu
SIZE=564744309
TYPE=HOTFIX(SVCPACK.INF)
CATEGORY=
TIE_UP=
XOR_KEY=
SYNCHRO_KEY=
RELEASE=2014/10/23
RUN_ORDER=068
CMD=
DECODE=0
DECODE_TYPE=
DECODE_GET=
IEXPRESS=0
IEXPRESS_LIST=
IEXPRESS_CMD=
PREVIOUS_SP=
COMMENT=

[KB4534310]
TITLE=2020-01 Security Monthly Quality Rollup for Windows 7 for x64-based Systems (KB4534310)
INFO=https://support.microsoft.com/help/4534310
FILE=http://download.windowsupdate.com/c/msdownload/update/software/secu/2020/01/windows6.1-kb4534310-x64_4dc78a6eeb14e2eac1ede7381f4a93658c8e2cdc.msu
RENAME=windows6.1-kb4534310-x64.msu
SIZE=329224110
TYPE=HOTFIX(SVCPACK.INF)
CATEGORY=
TIE_UP=KB4490628;KB4474419
XOR_KEY=
SYNCHRO_KEY=
RELEASE=2020/01/07
RUN_ORDER=069
CMD=
DECODE=0
DECODE_TYPE=
DECODE_GET=
IEXPRESS=0
IEXPRESS_LIST=
IEXPRESS_CMD=
PREVIOUS_SP=
COMMENT=

[KB2454826]
TITLE=Update for Windows 7 for x64-based Systems (KB2454826)
INFO=http://support.microsoft.com/kb/2454826
FILE=http://download.windowsupdate.com/msdownload/update/software/updt/2011/02/windows6.1-kb2454826-v2-x64_1c0a9c5f9fa8a2ffebfc81c3163a46caf077838a.msu
RENAME=windows6.1-kb2454826-v2-x64.msu
SIZE=10328301
TYPE=HOTFIX(SVCPACK.INF)
CATEGORY=
TIE_UP=
XOR_KEY=
SYNCHRO_KEY=
RELEASE=2011/02/02
RUN_ORDER=070
CMD=
DECODE=0
DECODE_TYPE=
DECODE_GET=
IEXPRESS=0
IEXPRESS_LIST=
IEXPRESS_CMD=
PREVIOUS_SP=
COMMENT=

[KB4503548]
TITLE=Microsoft .NET Framework 4.8 for Windows 7 for x64 (KB4503548)
INFO=http://support.microsoft.com/kb/4503548
FILE=http://download.windowsupdate.com/c/msdownload/update/software/ftpk/2019/08/ndp48-x86-x64-enu_0885a72554ca76d2cd3ad76f98878f22b6a1d0b2.exe
RENAME=ndp48-x86-x64-enu.exe
SIZE=54492616
TYPE=HOTFIX(SVCPACK.INF)
CATEGORY=
TIE_UP=
XOR_KEY=
SYNCHRO_KEY=
RELEASE=2019/08/06
RUN_ORDER=071
CMD=/norestart /passive
DECODE=0
DECODE_TYPE=
DECODE_GET=
IEXPRESS=0
IEXPRESS_LIST=
IEXPRESS_CMD=
PREVIOUS_SP=
COMMENT=

[KB4497410]
TITLE=Microsoft .NET Framework 4.8 Language Packs for Windows 7 and Server 2008 R2 (KB4497410)
INFO=http://support.microsoft.com/kb/4497410
FILE=http://download.windowsupdate.com/d/msdownload/update/software/ftpk/2019/08/ndp48-x86-x64-allos-jpn_5db56388695ff8728de328da002f70ee8c441bd7.exe
RENAME=ndp48-x86-x64-allos-jpn.exe
SIZE=5802184
TYPE=HOTFIX(SVCPACK.INF)
CATEGORY=
TIE_UP=KB4503548
XOR_KEY=
SYNCHRO_KEY=
RELEASE=2019/08/07
RUN_ORDER=072
CMD=/norestart /passive
DECODE=0
DECODE_TYPE=
DECODE_GET=
IEXPRESS=0
IEXPRESS_LIST=
IEXPRESS_CMD=
PREVIOUS_SP=
COMMENT=

[KB4503575]
TITLE=Microsoft .NET Framework 4.8 for Windows 7 for x64 (KB4503548)
INFO=http://support.microsoft.com/kb/4503548
FILE=http://download.windowsupdate.com/d/msdownload/update/software/ftpk/2020/01/ndp48-kb4503575-x64_6c25d7b9595000a2575fd1596e70341234df7bfe.exe
RENAME=ndp48-kb4503575-x64.exe
SIZE=37676800
TYPE=HOTFIX(SVCPACK.INF)
CATEGORY=
TIE_UP=KB4503548
XOR_KEY=
SYNCHRO_KEY=
RELEASE=2020/01/03
RUN_ORDER=073
CMD=/norestart /passive
DECODE=0
DECODE_TYPE=
DECODE_GET=
IEXPRESS=0
IEXPRESS_LIST=
IEXPRESS_CMD=
PREVIOUS_SP=
COMMENT=

[KB4515847]
TITLE=2019-09 Preview of Quality Rollup for .NET Framework 4.8 for Windows 7 and Server 2008 R2 for x64 (KB4515847)
INFO=http://support.microsoft.com/kb/4515847
FILE=http://download.windowsupdate.com/c/msdownload/update/software/updt/2019/09/ndp48-kb4515847-x64_3b7b16daeb99c5b1d3fdfd53d879fdb42d8a5545.exe
RENAME=ndp48-kb4515847-x64.exe
SIZE=35579240
TYPE=HOTFIX(SVCPACK.INF)
CATEGORY=
TIE_UP=
XOR_KEY=
SYNCHRO_KEY=
RELEASE=2019/09/12
RUN_ORDER=074
CMD=/norestart /passive
DECODE=0
DECODE_TYPE=
DECODE_GET=
IEXPRESS=0
IEXPRESS_LIST=
IEXPRESS_CMD=
PREVIOUS_SP=
COMMENT=

[KB3191566]
TITLE=Windows Management Framework 5.1
INFO=https://www.microsoft.com/en-us/download/details.aspx?id=54616
FILE=https://download.microsoft.com/download/6/F/5/6F5FF66C-6775-42B0-86C4-47D41F2DA187/Win7AndW2K8R2-KB3191566-x64.zip
RENAME=
SIZE=68076477
TYPE=HOTFIX(SVCPACK.INF)
CATEGORY=
TIE_UP=KB4503548
XOR_KEY=
SYNCHRO_KEY=
RELEASE=2018/10/15
RUN_ORDER=075
CMD=/quiet /norestart
DECODE=0
DECODE_TYPE=
DECODE_GET=
IEXPRESS=0
IEXPRESS_LIST=
IEXPRESS_CMD=
PREVIOUS_SP=
COMMENT=

[KB4481252]
TITLE=Microsoft Silverlight (KB4481252)
INFO=http://go.microsoft.com/fwlink/?LinkId=2050218
FILE=http://download.windowsupdate.com/d/msdownload/update/software/ftpk/2019/01/silverlight_a6ea175976edbdeeddfbfb65e64d9d1cfded84a1.exe
RENAME=silverlight.exe
SIZE=7023448
TYPE=HOTFIX(SVCPACK.INF)
CATEGORY=
TIE_UP=
XOR_KEY=
SYNCHRO_KEY=
RELEASE=2019/01/02
RUN_ORDER=076
CMD=/q
DECODE=0
DECODE_TYPE=
DECODE_GET=
IEXPRESS=0
IEXPRESS_LIST=
IEXPRESS_CMD=
PREVIOUS_SP=
COMMENT=

[KB890830]
TITLE=Windows Malicious Software Removal Tool x64 - January 2020 (KB890830)
INFO=http://support.microsoft.com/kb/890830
FILE=http://download.windowsupdate.com/c/msdownload/update/software/uprl/2020/01/windows-kb890830-x64-v5.79_61eb38de1be8c2c209955189129c9f60edcced91.exe
RENAME=windows-kb890830-x64-v5.79.exe
SIZE=31339368
TYPE=HOTFIX(SVCPACK.INF)
CATEGORY=
TIE_UP=
XOR_KEY=
SYNCHRO_KEY=
RELEASE=2020/01/03
RUN_ORDER=077
CMD=/Q
DECODE=0
DECODE_TYPE=
DECODE_GET=
IEXPRESS=0
IEXPRESS_LIST=
IEXPRESS_CMD=
PREVIOUS_SP=
COMMENT=

[KB915597]
TITLE=Windows Defender in Windows 7 and Windows Vista
INFO=https://www.microsoft.com/en-us/wdsi/defenderupdates
FILE=https://go.microsoft.com/fwlink/?LinkID=121721&arch=x64
RENAME=mpas-fe-x64.exe
SIZE=1
TYPE=HOTFIX(SVCPACK.INF)
CATEGORY=
TIE_UP=
XOR_KEY=
SYNCHRO_KEY=
RELEASE=2020/01/14
RUN_ORDER=078
CMD=-q
DECODE=0
DECODE_TYPE=
DECODE_GET=
IEXPRESS=0
IEXPRESS_LIST=
IEXPRESS_CMD=
PREVIOUS_SP=
COMMENT=

[MSE]
TITLE=Microsoft Security Essentials
INFO=https://www.microsoft.com/ja-jp/download/details.aspx?id=5201
FILE=https://download.microsoft.com/download/6/B/A/6BA6CAB0-DDB8-4DDD-88E3-F707D96E84D7/JAJP/amd64/MSEInstall.exe
RENAME=MSEInstall-x64.exe
SIZE=15090872
TYPE=HOTFIX(SVCPACK.INF)
CATEGORY=
TIE_UP=
XOR_KEY=
SYNCHRO_KEY=
RELEASE=2018/10/13
RUN_ORDER=079
CMD=/s /runwgacheck /o
DECODE=0
DECODE_TYPE=
DECODE_GET=
IEXPRESS=0
IEXPRESS_LIST=
IEXPRESS_CMD=
PREVIOUS_SP=
COMMENT=

[MSE_DUP]
TITLE=Security Intelligence Update for Microsoft Security Essentials - KB2310138
INFO=https://www.microsoft.com/en-us/wdsi/defenderupdates
FILE=https://go.microsoft.com/fwlink/?LinkID=121721&arch=x64
RENAME=mpam-fe-x64.exe
SIZE=1
TYPE=HOTFIX(SVCPACK.INF)
CATEGORY=
TIE_UP=MSE
XOR_KEY=
SYNCHRO_KEY=
RELEASE=2019/04/10
RUN_ORDER=080
CMD=-q
DECODE=0
DECODE_TYPE=
DECODE_GET=
IEXPRESS=0
IEXPRESS_LIST=
IEXPRESS_CMD=
PREVIOUS_SP=
COMMENT=

[EDGE]
TITLE=Download and deploy the new Microsoft Edge for business
INFO=https://www.microsoft.com/en-us/edge/business/download
FILE=http://go.microsoft.com/fwlink/?LinkID=2093437
RENAME=MicrosoftEdgeEnterprise-x64.msi
SIZE=1
TYPE=HOTFIX(SVCPACK.INF)
CATEGORY=
TIE_UP=
XOR_KEY=
SYNCHRO_KEY=
RELEASE=
RUN_ORDER=081
CMD=/quiet /norestart
DECODE=0
DECODE_TYPE=
DECODE_GET=
IEXPRESS=0
IEXPRESS_LIST=
IEXPRESS_CMD=
PREVIOUS_SP=
COMMENT=
