[INFO]
VERSION=0.103.0
SOFTWARE=Windows 10 x64
TARGET=
LANGUAGE=Japanese
NAME=Jun Itou
COMMENT=RollupìùçáDVDçÏê¨óp 2020/09

[LIST]
COUNT=8
1=LOGITECH_MOUSE
2=INTEL4SERIES_X64
3=INTEL4SERIES_X86
4=AES1610
5=HDD_PROTECT
6=ACPI
7=HOTKEY
8=TOSSRVCTL

[LOGITECH_MOUSE]
TITLE=Logitech USB Input Device
INFO=http://sysdev.microsoft.com/support/default.aspx
FILE=http://download.windowsupdate.com/d/msdownload/update/driver/drvs/2016/10/20941481_e482b2dc5d83e8992c871a94c382653fd148214f.cab
RENAME=dynabook\20941481_e482b2dc5d83e8992c871a94c382653fd148214f.cab
SIZE=4830688
TYPE=HOTFIX(HOTFIX9.CMD)
CATEGORY=8
TIE_UP=
XOR_KEY=
SYNCHRO_KEY=
RELEASE=2016/10/14
RUN_ORDER=001
CMD=/quiet /norestart
DECODE=1
DECODE_TYPE=IExpress Setup
DECODE_GET=
IEXPRESS=0
IEXPRESS_LIST=
IEXPRESS_CMD=
PREVIOUS_SP=
COMMENT=

[INTEL4SERIES_X64]
TITLE=Mobile Intel(R) 4 Series Express Chipset Family (Microsoft Corporation - WDDM 1.1) x64
INFO=http://sysdev.microsoft.com/support/default.aspx
FILE=http://download.windowsupdate.com/msdownload/update/driver/drvs/2013/04/200000265_b70e6e89dc0f24433f6fcc6b33d5f160f30a33cd.cab
RENAME=dynabook\200000265_b70e6e89dc0f24433f6fcc6b33d5f160f30a33cd.cab
SIZE=9678658
TYPE=HOTFIX(HOTFIX9.CMD)
CATEGORY=8
TIE_UP=
XOR_KEY=
SYNCHRO_KEY=
RELEASE=2013/04/03
RUN_ORDER=002
CMD=/quiet /norestart
DECODE=1
DECODE_TYPE=IExpress Setup
DECODE_GET=
IEXPRESS=0
IEXPRESS_LIST=
IEXPRESS_CMD=
PREVIOUS_SP=
COMMENT=

[INTEL4SERIES_X86]
TITLE=Mobile Intel(R) 4 Series Express Chipset Family (Microsoft Corporation - WDDM 1.1) x86
INFO=http://sysdev.microsoft.com/support/default.aspx
FILE=http://download.windowsupdate.com/msdownload/update/driver/drvs/2013/04/200000268_69e51a687acc555a97b220bb0facacfc2060c7dc.cab
RENAME=dynabook\200000268_69e51a687acc555a97b220bb0facacfc2060c7dc.cab
SIZE=6308327
TYPE=HOTFIX(HOTFIX9.CMD)
CATEGORY=8
TIE_UP=
XOR_KEY=
SYNCHRO_KEY=
RELEASE=2013/04/03
RUN_ORDER=003
CMD=/quiet /norestart
DECODE=1
DECODE_TYPE=IExpress Setup
DECODE_GET=
IEXPRESS=0
IEXPRESS_LIST=
IEXPRESS_CMD=
PREVIOUS_SP=
COMMENT=

[AES1610]
TITLE=AuthenTec Inc. AES1610
INFO=http://sysdev.microsoft.com/support/default.aspx
FILE=http://download.windowsupdate.com/msdownload/update/driver/drvs/2013/03/200000241_dbbd9421c7e464a2fd7a0f910946e140e52d7a88.cab
RENAME=dynabook\200000241_dbbd9421c7e464a2fd7a0f910946e140e52d7a88.cab
SIZE=4576989
TYPE=HOTFIX(HOTFIX9.CMD)
CATEGORY=8
TIE_UP=
XOR_KEY=
SYNCHRO_KEY=
RELEASE=2013/03/06
RUN_ORDER=004
CMD=/quiet /norestart
DECODE=1
DECODE_TYPE=IExpress Setup
DECODE_GET=
IEXPRESS=0
IEXPRESS_LIST=
IEXPRESS_CMD=
PREVIOUS_SP=
COMMENT=

[HDD_PROTECT]
TITLE=dynabook HDD Protection - Shock Sensor Driver
INFO=http://sysdev.microsoft.com/support/default.aspx
FILE=http://download.windowsupdate.com/c/msdownload/update/driver/drvs/2019/12/907dc64e-e09d-4dfa-8d13-fd94e0e3e895_a2ec207d0b9ad312ac9857ed1ccbb93f671df890.cab
RENAME=dynabook\907dc64e-e09d-4dfa-8d13-fd94e0e3e895_a2ec207d0b9ad312ac9857ed1ccbb93f671df890.cab
SIZE=102159
TYPE=HOTFIX(HOTFIX9.CMD)
CATEGORY=8
TIE_UP=
XOR_KEY=
SYNCHRO_KEY=
RELEASE=2019/12/06
RUN_ORDER=005
CMD=/quiet /norestart
DECODE=1
DECODE_TYPE=IExpress Setup
DECODE_GET=
IEXPRESS=0
IEXPRESS_LIST=
IEXPRESS_CMD=
PREVIOUS_SP=
COMMENT=

[ACPI]
TITLE=dynabook ACPI-Compliant Value Added Logical and General Purpose Device
INFO=http://sysdev.microsoft.com/support/default.aspx
FILE=http://download.windowsupdate.com/d/msdownload/update/driver/drvs/2020/09/5291fb71-4ada-4e90-99d2-6b37498aad39_a1072a0e80f1b262c4de5d7fdd6f6b880255cf80.cab
RENAME=dynabook\5291fb71-4ada-4e90-99d2-6b37498aad39_a1072a0e80f1b262c4de5d7fdd6f6b880255cf80.cab
SIZE=1682384
TYPE=HOTFIX(HOTFIX9.CMD)
CATEGORY=8
TIE_UP=
XOR_KEY=
SYNCHRO_KEY=
RELEASE=2020/09/06
RUN_ORDER=006
CMD=/quiet /norestart
DECODE=1
DECODE_TYPE=IExpress Setup
DECODE_GET=
IEXPRESS=0
IEXPRESS_LIST=
IEXPRESS_CMD=
PREVIOUS_SP=
COMMENT=

[HOTKEY]
TITLE=dynabook Hotkey Driver
INFO=http://sysdev.microsoft.com/support/default.aspx
FILE=http://download.windowsupdate.com/c/msdownload/update/driver/drvs/2019/05/4acaeda0-acfe-4e89-b585-b7c4820cb17b_d4b7bfc08151df371e01226fdb288c12e096ce80.cab
RENAME=dynabook\4acaeda0-acfe-4e89-b585-b7c4820cb17b_d4b7bfc08151df371e01226fdb288c12e096ce80.cab
SIZE=42746
TYPE=HOTFIX(HOTFIX9.CMD)
CATEGORY=8
TIE_UP=
XOR_KEY=
SYNCHRO_KEY=
RELEASE=2019/05/31
RUN_ORDER=007
CMD=/quiet /norestart
DECODE=1
DECODE_TYPE=IExpress Setup
DECODE_GET=
IEXPRESS=0
IEXPRESS_LIST=
IEXPRESS_CMD=
PREVIOUS_SP=
COMMENT=

[TOSSRVCTL]
TITLE=dynabook Service Control Driver
INFO=http://sysdev.microsoft.com/support/default.aspx
FILE=http://download.windowsupdate.com/d/msdownload/update/driver/drvs/2020/07/375f9910-5daf-423e-838d-685ba9b1f9fe_7152d8c56c852543359bd468f4cdf43cc0fe2b88.cab
RENAME=dynabook\375f9910-5daf-423e-838d-685ba9b1f9fe_7152d8c56c852543359bd468f4cdf43cc0fe2b88.cab
SIZE=1653783
TYPE=HOTFIX(HOTFIX9.CMD)
CATEGORY=8
TIE_UP=
XOR_KEY=
SYNCHRO_KEY=
RELEASE=2020/07/25
RUN_ORDER=008
CMD=/quiet /norestart
DECODE=1
DECODE_TYPE=IExpress Setup
DECODE_GET=
IEXPRESS=0
IEXPRESS_LIST=
IEXPRESS_CMD=
PREVIOUS_SP=
COMMENT=
