[INFO]
VERSION=0.103.0
SOFTWARE=Windows 7 x64
TARGET=Service Pack 1
LANGUAGE=Japanese
NAME=Jun Itou
COMMENT=RollupìùçáDVDçÏê¨óp 2020/01

[LIST]
COUNT=5
1=AES1610
2=AR9280
3=82567V
4=LOGITECH_MOUSE
5=INTEL_4_SERIES

[AES1610]
TITLE=AuthenTec Inc. driver update for AuthenTec Inc. AES1610
INFO=http://sysdev.microsoft.com/support/default.aspx
FILE=http://download.windowsupdate.com/msdownload/update/driver/drvs/2013/03/200000241_dbbd9421c7e464a2fd7a0f910946e140e52d7a88.cab
RENAME=dynabook\200000241_dbbd9421c7e464a2fd7a0f910946e140e52d7a88.cab
SIZE=4576989
TYPE=HOTFIX(HOTFIX9.CMD)
CATEGORY=8
TIE_UP=
XOR_KEY=
SYNCHRO_KEY=
RELEASE=2013/03/06
RUN_ORDER=001
CMD=/quiet /norestart
DECODE=1
DECODE_TYPE=IExpress Setup
DECODE_GET=
IEXPRESS=0
IEXPRESS_LIST=
IEXPRESS_CMD=
PREVIOUS_SP=
COMMENT=

[AR9280]
TITLE=Atheros Communications Inc. - Network - Atheros AR9280 Wireless Network Adapter
INFO=http://sysdev.microsoft.com/support/default.aspx
FILE=http://download.windowsupdate.com/msdownload/update/driver/drvs/2013/03/20301636_d5e5018721292798b49e8cbc9d80ea2a51cf1577.cab
RENAME=dynabook\20301636_d5e5018721292798b49e8cbc9d80ea2a51cf1577.cab
SIZE=1421026
TYPE=HOTFIX(HOTFIX9.CMD)
CATEGORY=8
TIE_UP=
XOR_KEY=
SYNCHRO_KEY=
RELEASE=2013/03/03
RUN_ORDER=002
CMD=/quiet /norestart
DECODE=1
DECODE_TYPE=IExpress Setup
DECODE_GET=
IEXPRESS=0
IEXPRESS_LIST=
IEXPRESS_CMD=
PREVIOUS_SP=
COMMENT=

[82567V]
TITLE=Intel - LAN - Intel(R) 82567V-4 Gigabit Network Connection
INFO=http://sysdev.microsoft.com/support/default.aspx
FILE=http://download.windowsupdate.com/d/msdownload/update/driver/drvs/2013/12/20613990_06c69b11464d788830d23d3cc397c14337a40616.cab
RENAME=dynabook\20613990_06c69b11464d788830d23d3cc397c14337a40616.cab
SIZE=281442
TYPE=HOTFIX(HOTFIX9.CMD)
CATEGORY=8
TIE_UP=
XOR_KEY=
SYNCHRO_KEY=
RELEASE=2013/12/20
RUN_ORDER=003
CMD=/quiet /norestart
DECODE=1
DECODE_TYPE=IExpress Setup
DECODE_GET=
IEXPRESS=0
IEXPRESS_LIST=
IEXPRESS_CMD=
PREVIOUS_SP=
COMMENT=

[LOGITECH_MOUSE]
TITLE=Logitech - Other hardware - Logitech USB Input Device
INFO=http://sysdev.microsoft.com/support/default.aspx
FILE=http://download.windowsupdate.com/c/msdownload/update/driver/drvs/2016/10/20941520_c8ce8c3504ee36697164eddda18aa8740f455849.cab
RENAME=dynabook\20941520_c8ce8c3504ee36697164eddda18aa8740f455849.cab
SIZE=897600
TYPE=HOTFIX(HOTFIX9.CMD)
CATEGORY=8
TIE_UP=
XOR_KEY=
SYNCHRO_KEY=
RELEASE=2016/10/14
RUN_ORDER=004
CMD=/quiet /norestart
DECODE=1
DECODE_TYPE=IExpress Setup
DECODE_GET=
IEXPRESS=0
IEXPRESS_LIST=
IEXPRESS_CMD=
PREVIOUS_SP=
COMMENT=

[INTEL_4_SERIES]
TITLE=Intel Corporation - Display - Mobile Intel(R) 4 Series Express Chipset Family
INFO=http://sysdev.microsoft.com/support/default.aspx
FILE=http://download.windowsupdate.com/msdownload/update/driver/drvs/2013/02/20541202_69255649c39c0b2eeaa72014f7cfb1c4fd673ae1.cab
RENAME=dynabook\20541202_69255649c39c0b2eeaa72014f7cfb1c4fd673ae1.cab
SIZE=20572304
TYPE=HOTFIX(HOTFIX9.CMD)
CATEGORY=8
TIE_UP=
XOR_KEY=
SYNCHRO_KEY=
RELEASE=2013/02/28
RUN_ORDER=005
CMD=/quiet /norestart
DECODE=1
DECODE_TYPE=IExpress Setup
DECODE_GET=
IEXPRESS=0
IEXPRESS_LIST=
IEXPRESS_CMD=
PREVIOUS_SP=
COMMENT=
