https://raw.githubusercontent.com/office-itou/Windows/master/New-Project/Make_ISO_files/MakeIsoFile.cmd
https://raw.githubusercontent.com/office-itou/Windows/master/New-Project/Make_ISO_files/MakeUsbStick.cmd
https://raw.githubusercontent.com/office-itou/Windows/master/New-Project/Make_ISO_files/MicrosoftUpdateCatalog.url
https://raw.githubusercontent.com/office-itou/Windows/master/New-Project/Make_ISO_files/Windows10adk_Rollup_202001.lst
https://raw.githubusercontent.com/office-itou/Windows/master/New-Project/Make_ISO_files/Windows10drv_Rollup_202001.lst
https://raw.githubusercontent.com/office-itou/Windows/master/New-Project/Make_ISO_files/Windows10x86_Rollup_202001.lst
https://raw.githubusercontent.com/office-itou/Windows/master/New-Project/Make_ISO_files/Windows10x64_Rollup_202001.lst
https://raw.githubusercontent.com/office-itou/Windows/master/New-Project/Make_ISO_files/Windows10zip_Rollup_202001.lst
https://raw.githubusercontent.com/office-itou/Windows/master/New-Project/Make_ISO_files/Windows7adk_Rollup_202001.lst
https://raw.githubusercontent.com/office-itou/Windows/master/New-Project/Make_ISO_files/Windows7drv_Rollup_202001.lst
https://raw.githubusercontent.com/office-itou/Windows/master/New-Project/Make_ISO_files/Windows7x86_Rollup_202001.lst
https://raw.githubusercontent.com/office-itou/Windows/master/New-Project/Make_ISO_files/Windows7x64_Rollup_202001.lst
https://raw.githubusercontent.com/office-itou/Windows/master/New-Project/Make_ISO_files/Windows7zip_Rollup_202001.lst
https://raw.githubusercontent.com/office-itou/Windows/master/New-Project/Make_ISO_files/autounattend-windows10-x64.xml
https://raw.githubusercontent.com/office-itou/Windows/master/New-Project/Make_ISO_files/autounattend-windows10-x86.xml
https://raw.githubusercontent.com/office-itou/Windows/master/New-Project/Make_ISO_files/autounattend-windows7-x64.xml
https://raw.githubusercontent.com/office-itou/Windows/master/New-Project/Make_ISO_files/autounattend-windows7-x86.xml
