[INFO]
VERSION=0.103.0
SOFTWARE=Windows 7 x64
TARGET=Service Pack 1
LANGUAGE=Japanese
NAME=Jun Itou
COMMENT=Rollup統合DVD作成用 2020/01

[LIST]
COUNT=6
1=INTEL_USB
2=INTEL_RST_X64
3=INTEL_RST_X86
4=INTEL_NVME_X64
5=INTEL_NVME_X86
6=ASUS_EZINSTALLER

[INTEL_USB]
TITLE=インテル USB 3.0 eXtensible ホスト・コントローラー・ドライバー 8/9/100 シリーズおよびインテル C220/C610 チップセット ファミリ
INFO=https://downloadcenter.intel.com/ja/download/22824/
FILE=https://downloadmirror.intel.com/22824/eng/Intel(R)_USB_3.0_eXtensible_Host_Controller_Driver_5.0.4.43_v2.zip
RENAME=USB\Intel(R)_USB_3.0_eXtensible_Host_Controller_Driver_5.0.4.43_v2.zip
SIZE=5574777
TYPE=HOTFIX(SVCPACK.INF)
CATEGORY=
TIE_UP=
XOR_KEY=
SYNCHRO_KEY=
RELEASE=2018/10/11
RUN_ORDER=001
CMD=
DECODE=
DECODE_TYPE=HOTFIX(SVCPACK.INF)
DECODE_GET=
IEXPRESS=
IEXPRESS_LIST=
IEXPRESS_CMD=
PREVIOUS_SP=
COMMENT=

[INTEL_RST_X64]
TITLE=インテル ラピッド・ストレージ・テクノロジー (インテル RST) ユーザー・インターフェイスとドライバー (x64)
INFO=https://downloadcenter.intel.com/ja/download/28997/
FILE=https://downloadmirror.intel.com/28997/eng/f6flpy-x64.zip
RENAME=RST\f6flpy-x64.zip
SIZE=1769923
TYPE=HOTFIX(SVCPACK.INF)
CATEGORY=
TIE_UP=
XOR_KEY=
SYNCHRO_KEY=
RELEASE=2019/12/24
RUN_ORDER=002
CMD=
DECODE=
DECODE_TYPE=HOTFIX(SVCPACK.INF)
DECODE_GET=
IEXPRESS=
IEXPRESS_LIST=
IEXPRESS_CMD=
PREVIOUS_SP=
COMMENT=

[INTEL_RST_X86]
TITLE=インテル ラピッド・ストレージ・テクノロジー (インテル RST) ユーザー・インターフェイスとドライバー (x86)
INFO=https://downloadcenter.intel.com/ja/download/28997/
FILE=https://downloadmirror.intel.com/28997/eng/f6flpy-x86.zip
RENAME=RST\f6flpy-x86.zip
SIZE=457937
TYPE=HOTFIX(SVCPACK.INF)
CATEGORY=
TIE_UP=
XOR_KEY=
SYNCHRO_KEY=
RELEASE=2019/12/24
RUN_ORDER=003
CMD=
DECODE=
DECODE_TYPE=HOTFIX(SVCPACK.INF)
DECODE_GET=
IEXPRESS=
IEXPRESS_LIST=
IEXPRESS_CMD=
PREVIOUS_SP=
COMMENT=

[INTEL_NVME_X64]
TITLE=インテル Ssd 用クライアント NVMe Microsoft Windows ドライバー (x64)
INFO=https://downloadcenter.intel.com/ja/download/29172/
FILE=https://downloadmirror.intel.com/29172/eng/Client-x64.zip
RENAME=NVMe\Client-x64.zip
SIZE=240579
TYPE=HOTFIX(SVCPACK.INF)
CATEGORY=
TIE_UP=
XOR_KEY=
SYNCHRO_KEY=
RELEASE=2019/11/08
RUN_ORDER=004
CMD=
DECODE=
DECODE_TYPE=HOTFIX(SVCPACK.INF)
DECODE_GET=
IEXPRESS=
IEXPRESS_LIST=
IEXPRESS_CMD=
PREVIOUS_SP=
COMMENT=

[INTEL_NVME_X86]
TITLE=インテル Ssd 用クライアント NVMe Microsoft Windows ドライバー (x86)
INFO=https://downloadcenter.intel.com/ja/download/29172/
FILE=https://downloadmirror.intel.com/29172/eng/Client-x86.zip
RENAME=NVMe\Client-x86.zip
SIZE=231720
TYPE=HOTFIX(SVCPACK.INF)
CATEGORY=
TIE_UP=
XOR_KEY=
SYNCHRO_KEY=
RELEASE=2019/11/08
RUN_ORDER=005
CMD=
DECODE=
DECODE_TYPE=HOTFIX(SVCPACK.INF)
DECODE_GET=
IEXPRESS=
IEXPRESS_LIST=
IEXPRESS_CMD=
PREVIOUS_SP=
COMMENT=

[ASUS_EZINSTALLER]
TITLE=Asus EZ installer-V1.03.06
INFO=https://www.asus.com/jp/Motherboards/H170-PRO/HelpDesk_Download/
FILE=https://dlcdnets.asus.com/pub/ASUS/misc/utils/ASUS_EZInstaller_V10306.zip
RENAME=NVMe\ASUS_EZInstaller_V10306.zip
SIZE=28473118
TYPE=HOTFIX(SVCPACK.INF)
CATEGORY=
TIE_UP=
XOR_KEY=
SYNCHRO_KEY=
RELEASE=2019/03/09
RUN_ORDER=006
CMD=
DECODE=
DECODE_TYPE=HOTFIX(SVCPACK.INF)
DECODE_GET=
IEXPRESS=
IEXPRESS_LIST=
IEXPRESS_CMD=
PREVIOUS_SP=
COMMENT=
