[INFO]
VERSION=0.103.0
SOFTWARE=Windows 10 x64
TARGET=None
LANGUAGE=Japanese
NAME=Jun Itou
COMMENT=統合DVD作成用 2020/05 Version 1909用

[LIST]
COUNT=10
1=KB890830
2=MSE_DUP
3=KB4052623
4=KB4052623_2
5=KB4552152
6=KB4552931
7=KB4537759
8=KB4497165
9=KB4556799
10=EDGE

[KB890830]
TITLE=Windows 悪意のあるソフトウェアの削除ツール (64-bit)
INFO=https://support.microsoft.com/kb/890830
FILE=https://download.microsoft.com/download/2/C/5/2C563B99-54D9-4D85-A82B-45D3CD2F53CE/Windows-KB890830-x64-V5.82.exe
RENAME=
SIZE=31414424
TYPE=HOTFIX(SVCPACK.INF)
CATEGORY=
TIE_UP=
XOR_KEY=
SYNCHRO_KEY=
RELEASE=2020/05/12
RUN_ORDER=001
CMD=/x
DECODE=0
DECODE_TYPE=
DECODE_GET=
IEXPRESS=0
IEXPRESS_LIST=
IEXPRESS_CMD=
PREVIOUS_SP=
COMMENT=悪意のあるソフトウェアの削除ツール

[MSE_DUP]
TITLE=Windows Defender Antivirus for Windows 10 and Windows 8.1
INFO=https://www.microsoft.com/en-us/wdsi/defenderupdates
FILE=https://go.microsoft.com/fwlink/?LinkID=121721&arch=x64
RENAME=mpam-fe-x64.exe
SIZE=1
TYPE=HOTFIX(SVCPACK.INF)
CATEGORY=
TIE_UP=
XOR_KEY=
SYNCHRO_KEY=
RELEASE=2019/04/10
RUN_ORDER=002
CMD=-q
DECODE=0
DECODE_TYPE=
DECODE_GET=
IEXPRESS=0
IEXPRESS_LIST=
IEXPRESS_CMD=
PREVIOUS_SP=
COMMENT=

[KB4052623]
TITLE=Windows Defender Antivirus マルウェア対策プラットフォームの更新プログラム - KB4052623 (Version 4.18.2001.10)
INFO=https://support.microsoft.com/en-us/help/4052623/update-for-windows-defender-antimalware-platform
FILE=http://download.windowsupdate.com/c/msdownload/update/software/updt/2020/02/updateplatform_0456e6719c3ee098af03b785230ac020643fa1ac.exe
RENAME=
SIZE=5124128
TYPE=HOTFIX(SVCPACK.INF)
CATEGORY=
TIE_UP=
XOR_KEY=
SYNCHRO_KEY=
RELEASE=2020/02/13
RUN_ORDER=003
CMD=/quiet /norestart
DECODE=0
DECODE_TYPE=
DECODE_GET=
IEXPRESS=0
IEXPRESS_LIST=
IEXPRESS_CMD=
PREVIOUS_SP=
COMMENT=Windows Defender Antivirus マルウェア対策プラットフォームの更新プログラム

[KB4052623_2]
TITLE=Microsoft Defender Antivirus マルウェア対策プラットフォームの更新プログラム - KB4052623 (Version 4.18.2004.6)
INFO=https://support.microsoft.com/en-us/help/4052623/update-for-windows-defender-antimalware-platform
FILE=http://download.windowsupdate.com/d/msdownload/update/software/defu/2020/04/updateplatform_9c42b6f7c20854ac24db153f76441b68d30f3aa4.exe
RENAME=
SIZE=5490008
TYPE=HOTFIX(SVCPACK.INF)
CATEGORY=
TIE_UP=
XOR_KEY=
SYNCHRO_KEY=
RELEASE=2020/04/20
RUN_ORDER=010
CMD=
DECODE=0
DECODE_TYPE=
DECODE_GET=
IEXPRESS=0
IEXPRESS_LIST=
IEXPRESS_CMD=
PREVIOUS_SP=
COMMENT=Microsoft Defender Antivirus マルウェア対策プラットフォームの更新プログラム

[KB4552152]
TITLE=2020-04x64 ベース システム用 Windows 10 Version 1909 サービス スタック更新プログラム (KB4552152)
INFO=https://support.microsoft.com/help/4552152
FILE=http://download.windowsupdate.com/c/msdownload/update/software/secu/2020/04/windows10.0-kb4552152-x64_705fda69935538eab5054d9d616e1761742816ec.msu
RENAME=
SIZE=15079715
TYPE=HOTFIX(SVCPACK.INF)
CATEGORY=
TIE_UP=
XOR_KEY=
SYNCHRO_KEY=
RELEASE=2020/04/06
RUN_ORDER=004
CMD=
DECODE=0
DECODE_TYPE=
DECODE_GET=
IEXPRESS=0
IEXPRESS_LIST=
IEXPRESS_CMD=
PREVIOUS_SP=
COMMENT=サービス スタック更新プログラム

[KB4552931]
TITLE=2020-05 .NET Framework 3.5 および 4.8 の累積的な更新プログラム (x64 向け Windows 10 Version 1909 用) (KB4552931)
INFO=https://support.microsoft.com/kb/4552931
FILE=http://download.windowsupdate.com/d/msdownload/update/software/secu/2020/05/windows10.0-kb4552931-x64_2db4f6d9a62833406875986aae69351f82f3ca2b.msu
RENAME=
SIZE=73080674
TYPE=HOTFIX(SVCPACK.INF)
CATEGORY=
TIE_UP=
XOR_KEY=
SYNCHRO_KEY=
RELEASE=2020/05/04
RUN_ORDER=007
CMD=
DECODE=0
DECODE_TYPE=
DECODE_GET=
IEXPRESS=0
IEXPRESS_LIST=
IEXPRESS_CMD=
PREVIOUS_SP=
COMMENT=.NET Framework 3.5 および 4.8 の累積的な更新プログラム

[KB4537759]
TITLE=2020-02 x64 ベース システム用 Windows 10 Version 1909 セキュリティ更新プログラム (Adobe Flash Player 対応) (KB4537759)
INFO=https://support.microsoft.com/help/4537759
FILE=http://download.windowsupdate.com/c/msdownload/update/software/secu/2020/02/windows10.0-kb4537759-x64_ea293539b86301f3c89abbae0d4cc70060d00848.msu
RENAME=
SIZE=21916546
TYPE=HOTFIX(SVCPACK.INF)
CATEGORY=
TIE_UP=
XOR_KEY=
SYNCHRO_KEY=
RELEASE=2020/02/04
RUN_ORDER=005
CMD=
DECODE=0
DECODE_TYPE=
DECODE_GET=
IEXPRESS=0
IEXPRESS_LIST=
IEXPRESS_CMD=
PREVIOUS_SP=
COMMENT=1909 セキュリティ更新プログラム (Adobe Flash Player 対応)

[KB4497165]
TITLE=2020-01 x64 ベース システム用 Windows 10 Version 1909 更新プログラム (KB4497165)
INFO=https://support.microsoft.com/help/4497165
FILE=http://download.windowsupdate.com/c/msdownload/update/software/updt/2020/01/windows10.0-kb4497165-v4-x64_56bf6498dd6757ab61790f40b464c1349c195c11.msu
RENAME=
SIZE=2484936
TYPE=HOTFIX(SVCPACK.INF)
CATEGORY=
TIE_UP=
XOR_KEY=
SYNCHRO_KEY=
RELEASE=2020/01/22
RUN_ORDER=009
CMD=
DECODE=0
DECODE_TYPE=
DECODE_GET=
IEXPRESS=0
IEXPRESS_LIST=
IEXPRESS_CMD=
PREVIOUS_SP=
COMMENT=1909 更新プログラム

[KB4556799]
TITLE=2020-05 x64 ベース システム用 Windows 10 Version 1909 の累積更新プログラム (KB4556799)
INFO=https://support.microsoft.com/help/4556799
FILE=http://download.windowsupdate.com/d/msdownload/update/software/secu/2020/05/windows10.0-kb4556799-x64_9de920d8738612baa81a751b003ff98f0ce7156b.msu
RENAME=
SIZE=385030243
TYPE=HOTFIX(SVCPACK.INF)
CATEGORY=
TIE_UP=
XOR_KEY=
SYNCHRO_KEY=
RELEASE=2020/05/07
RUN_ORDER=008
CMD=
DECODE=0
DECODE_TYPE=
DECODE_GET=
IEXPRESS=0
IEXPRESS_LIST=
IEXPRESS_CMD=
PREVIOUS_SP=
COMMENT=1909 累積更新プログラム

[EDGE]
TITLE=Download and deploy the new Microsoft Edge for business
INFO=https://www.microsoft.com/en-us/edge/business/download
FILE=http://go.microsoft.com/fwlink/?LinkID=2093437
RENAME=MicrosoftEdgeEnterprise-x64.msi
SIZE=1
TYPE=HOTFIX(SVCPACK.INF)
CATEGORY=
TIE_UP=
XOR_KEY=
SYNCHRO_KEY=
RELEASE=
RUN_ORDER=006
CMD=/quiet /norestart
DECODE=0
DECODE_TYPE=
DECODE_GET=
IEXPRESS=0
IEXPRESS_LIST=
IEXPRESS_CMD=
PREVIOUS_SP=
COMMENT=
