[INFO]
VERSION=0.103.0
SOFTWARE=Windows 10 x64
TARGET=None
LANGUAGE=Japanese
NAME=Jun Itou
COMMENT=ìùçáDVDçÏê¨óp 2020/01

[LIST]
COUNT=6
1=KB890830
2=KB4052623-3
3=KB4532938
4=KB4528760
5=EDGE_X86
6=MSE_DUP

[KB890830]
TITLE=Windows Malicious Software Removal Tool x86 - January 2020 (KB890830)
INFO=http://support.microsoft.com/kb/890830
FILE=http://download.windowsupdate.com/c/msdownload/update/software/uprl/2020/01/windows-kb890830-v5.79_61ed700b897ee54a51957c23f245ed9054fc35dc.exe
RENAME=windows-kb890830-x86-v5.79.exe
SIZE=30403944
TYPE=HOTFIX(SVCPACK.INF)
CATEGORY=
TIE_UP=
XOR_KEY=
SYNCHRO_KEY=
RELEASE=2020/01/03
RUN_ORDER=999
CMD=
DECODE=0
DECODE_TYPE=
DECODE_GET=
IEXPRESS=0
IEXPRESS_LIST=
IEXPRESS_CMD=
PREVIOUS_SP=
COMMENT=

[KB4052623-3]
TITLE=Update for Windows Defender Antivirus antimalware platform - KB4052623 (Version 4.18.1911.3)
INFO=https://support.microsoft.com/en-us/help/4052623/update-for-windows-defender-antimalware-platform
FILE=http://download.windowsupdate.com/c/msdownload/update/software/defu/2019/11/updateplatform_9f1e96f57aa41f556d5a21bc415dec947eb753b3.exe
RENAME=updateplatform-x86.exe
SIZE=3726344
TYPE=HOTFIX(SVCPACK.INF)
CATEGORY=
TIE_UP=
XOR_KEY=
SYNCHRO_KEY=
RELEASE=2019/11/22
RUN_ORDER=999
CMD=
DECODE=0
DECODE_TYPE=
DECODE_GET=
IEXPRESS=0
IEXPRESS_LIST=
IEXPRESS_CMD=
PREVIOUS_SP=
COMMENT=

[KB4532938]
TITLE=2020-01 Cumulative Update for .NET Framework 3.5 and 4.8 for Windows 10 Version 1903 for x64 (KB4532938)
INFO=http://support.microsoft.com/kb/4532938
FILE=http://download.windowsupdate.com/c/msdownload/update/software/secu/2020/01/windows10.0-kb4532938-x86-ndp48_7150e40918a59392b90e6f96f241bc767c838e06.msu
RENAME=windows10.0-kb4532938-x86-ndp48.msu
SIZE=40570156
TYPE=HOTFIX(SVCPACK.INF)
CATEGORY=
TIE_UP=
XOR_KEY=
SYNCHRO_KEY=
RELEASE=2020/01/03
RUN_ORDER=999
CMD=
DECODE=0
DECODE_TYPE=
DECODE_GET=
IEXPRESS=0
IEXPRESS_LIST=
IEXPRESS_CMD=
PREVIOUS_SP=
COMMENT=

[KB4528760]
TITLE=2020-01 Cumulative Update for Windows 10 Version 1909 for x86-based Systems (KB4528760)
INFO=https://support.microsoft.com/help/4528760
FILE=http://download.windowsupdate.com/d/msdownload/update/software/secu/2020/01/windows10.0-kb4528760-x86_e8a6aae0076403e9d8d68c3ccc3f753728298b83.msu
RENAME=windows10.0-kb4528760-x86.msu
SIZE=162262469
TYPE=HOTFIX(SVCPACK.INF)
CATEGORY=
TIE_UP=
XOR_KEY=
SYNCHRO_KEY=
RELEASE=2020/01/06
RUN_ORDER=999
CMD=
DECODE=0
DECODE_TYPE=
DECODE_GET=
IEXPRESS=0
IEXPRESS_LIST=
IEXPRESS_CMD=
PREVIOUS_SP=
COMMENT=

[EDGE_X86]
TITLE=Download and deploy the new Microsoft Edge for business
INFO=https://www.microsoft.com/en-us/edge/business/download
FILE=http://go.microsoft.com/fwlink/?LinkID=2093505
RENAME=MicrosoftEdgeEnterprise-x86.msi
SIZE=1
TYPE=HOTFIX(SVCPACK.INF)
CATEGORY=
TIE_UP=
XOR_KEY=
SYNCHRO_KEY=
RELEASE=
RUN_ORDER=
CMD=/quiet /norestart
DECODE=0
DECODE_TYPE=
DECODE_GET=
IEXPRESS=0
IEXPRESS_LIST=
IEXPRESS_CMD=
PREVIOUS_SP=
COMMENT=

[MSE_DUP]
TITLE=Windows Defender Antivirus for Windows 10 and Windows 8.1
INFO=https://www.microsoft.com/en-us/wdsi/defenderupdates
FILE=https://go.microsoft.com/fwlink/?LinkID=121721&arch=x86
RENAME=mpam-fe-x86.exe
SIZE=1
TYPE=HOTFIX(HOTFIX4.CMD)
CATEGORY=
TIE_UP=MSE
XOR_KEY=
SYNCHRO_KEY=
RELEASE=2019/04/10
RUN_ORDER=999
CMD=-q
DECODE=0
DECODE_TYPE=
DECODE_GET=
IEXPRESS=0
IEXPRESS_LIST=
IEXPRESS_CMD=
PREVIOUS_SP=
COMMENT=
