[INFO]
VERSION=0.103.0
SOFTWARE=Windows 10 x64
TARGET=None
LANGUAGE=Japanese
NAME=Jun Itou
COMMENT=ìùçáDVDçÏê¨óp 2020/01

[LIST]
COUNT=3
1=WIN_PRE_2K
2=WIN_PRE_VISTA
3=WINDOWS

[WIN_PRE_2K]
TITLE=tools-winPre2k.tar
INFO=http://softwareupdate.vmware.com/cds/vmw-desktop/ws/
FILE=http://softwareupdate.vmware.com/cds/vmw-desktop/ws/15.5.1/15018445/windows/packages/tools-winPre2k.tar
RENAME=tools-winPre2k.tar
SIZE=14100480
TYPE=HOTFIX(SVCPACK.INF)
CATEGORY=
TIE_UP=
XOR_KEY=
SYNCHRO_KEY=
RELEASE=2019/11/05
RUN_ORDER=
CMD=
DECODE=
DECODE_TYPE=HOTFIX(SVCPACK.INF)
DECODE_GET=
IEXPRESS=
IEXPRESS_LIST=
IEXPRESS_CMD=
PREVIOUS_SP=
COMMENT=

[WIN_PRE_VISTA]
TITLE=tools-winPreVista.tar
INFO=http://softwareupdate.vmware.com/cds/vmw-desktop/ws/
FILE=http://softwareupdate.vmware.com/cds/vmw-desktop/ws/15.5.1/15018445/windows/packages/tools-winPreVista.tar
RENAME=tools-winPreVista.tar
SIZE=87756800
TYPE=HOTFIX(SVCPACK.INF)
CATEGORY=
TIE_UP=
XOR_KEY=
SYNCHRO_KEY=
RELEASE=2019/11/05
RUN_ORDER=
CMD=
DECODE=
DECODE_TYPE=HOTFIX(SVCPACK.INF)
DECODE_GET=
IEXPRESS=
IEXPRESS_LIST=
IEXPRESS_CMD=
PREVIOUS_SP=
COMMENT=

[WINDOWS]
TITLE=tools-windows.tar
INFO=http://softwareupdate.vmware.com/cds/vmw-desktop/ws/
FILE=http://softwareupdate.vmware.com/cds/vmw-desktop/ws/15.5.1/15018445/windows/packages/tools-windows.tar
RENAME=tools-windows.tar
SIZE=142796800
TYPE=HOTFIX(SVCPACK.INF)
CATEGORY=
TIE_UP=
XOR_KEY=
SYNCHRO_KEY=
RELEASE=2019/11/05
RUN_ORDER=
CMD=
DECODE=
DECODE_TYPE=HOTFIX(SVCPACK.INF)
DECODE_GET=
IEXPRESS=
IEXPRESS_LIST=
IEXPRESS_CMD=
PREVIOUS_SP=
COMMENT=
