[INFO]
VERSION=0.103.0
SOFTWARE=Windows 10 x64
TARGET=None
LANGUAGE=Japanese
NAME=Jun Itou
COMMENT=統合DVD作成用 2020/01

[LIST]
COUNT=10
1=CHIPSET
2=IME
3=NIC_X86
4=NIC_X64
5=RST
6=OPTANE
7=RST_X64
8=VGA
9=WIFI_X86
10=WIFI_X64

[CHIPSET]
TITLE=チップセット・INF・ユーティリティー
INFO=https://downloadcenter.intel.com/ja/download/29227/
FILE=https://downloadmirror.intel.com/29227/eng/chipset-10.1.18228.8176-public-mup.zip
RENAME=
SIZE=3273824
TYPE=HOTFIX(SVCPACK.INF)
CATEGORY=
TIE_UP=
XOR_KEY=
SYNCHRO_KEY=
RELEASE=2019/11/29
RUN_ORDER=999
CMD=
DECODE=0
DECODE_TYPE=
DECODE_GET=
IEXPRESS=0
IEXPRESS_LIST=
IEXPRESS_CMD=
PREVIOUS_SP=
COMMENT=

[IME]
TITLE=Windows 8.1およびWindows向けインテル マネジメント・エンジン・ドライバー 10
INFO=https://downloadcenter.intel.com/ja/download/28679/
FILE=https://downloadmirror.intel.com/28679/eng/ME_SW_1909.12.0.1236.zip
RENAME=
SIZE=305,379,201
TYPE=HOTFIX(SVCPACK.INF)
CATEGORY=
TIE_UP=
XOR_KEY=
SYNCHRO_KEY=
RELEASE=2019/11/05
RUN_ORDER=999
CMD=
DECODE=0
DECODE_TYPE=
DECODE_GET=
IEXPRESS=0
IEXPRESS_LIST=
IEXPRESS_CMD=
PREVIOUS_SP=
COMMENT=

[NIC_X86]
TITLE=Windows向けインテル ネットワーク・アダプター・ドライバー 10
INFO=https://downloadcenter.intel.com/ja/download/25016/
FILE=https://downloadmirror.intel.com/25016/eng/PROWin32.exe
RENAME=
SIZE=49782896
TYPE=HOTFIX(SVCPACK.INF)
CATEGORY=
TIE_UP=
XOR_KEY=
SYNCHRO_KEY=
RELEASE=2020/01/16
RUN_ORDER=999
CMD=
DECODE=0
DECODE_TYPE=
DECODE_GET=
IEXPRESS=0
IEXPRESS_LIST=
IEXPRESS_CMD=
PREVIOUS_SP=
COMMENT=

[NIC_X64]
TITLE=Windows向けインテル ネットワーク・アダプター・ドライバー 10
INFO=https://downloadcenter.intel.com/ja/download/25016/
FILE=https://downloadmirror.intel.com/25016/eng/PROWinx64.exe
RENAME=
SIZE=69769104
TYPE=HOTFIX(SVCPACK.INF)
CATEGORY=
TIE_UP=
XOR_KEY=
SYNCHRO_KEY=
RELEASE=2020/01/16
RUN_ORDER=999
CMD=
DECODE=0
DECODE_TYPE=
DECODE_GET=
IEXPRESS=0
IEXPRESS_LIST=
IEXPRESS_CMD=
PREVIOUS_SP=
COMMENT=

[RST]
TITLE=インテル ラピッド・ストレージ・テクノロジー (インテル RST) ユーザー・インターフェイスとドライバー
INFO=https://downloadcenter.intel.com/ja/download/29339/
FILE=https://downloadmirror.intel.com/29339/eng/SetupRST.exe
RENAME=
SIZE=23610936
TYPE=HOTFIX(SVCPACK.INF)
CATEGORY=
TIE_UP=
XOR_KEY=
SYNCHRO_KEY=
RELEASE=2020/01/20
RUN_ORDER=999
CMD=
DECODE=0
DECODE_TYPE=
DECODE_GET=
IEXPRESS=0
IEXPRESS_LIST=
IEXPRESS_CMD=
PREVIOUS_SP=
COMMENT=

[OPTANE]
TITLE=インテル ラピッド・ストレージ・テクノロジー (インテル RST) ユーザー・インターフェイスとドライバー
INFO=https://downloadcenter.intel.com/ja/download/29339/
FILE=https://downloadmirror.intel.com/29339/eng/SetupOptaneMemory.exe
RENAME=
SIZE=77075000
TYPE=HOTFIX(SVCPACK.INF)
CATEGORY=
TIE_UP=
XOR_KEY=
SYNCHRO_KEY=
RELEASE=2020/01/20
RUN_ORDER=999
CMD=
DECODE=0
DECODE_TYPE=
DECODE_GET=
IEXPRESS=0
IEXPRESS_LIST=
IEXPRESS_CMD=
PREVIOUS_SP=
COMMENT=

[RST_X64]
TITLE=インテル ラピッド・ストレージ・テクノロジー (インテル RST) ユーザー・インターフェイスとドライバー
INFO=https://downloadcenter.intel.com/ja/download/29339/
FILE=https://downloadmirror.intel.com/29339/eng/f6flpy-x64.zip
RENAME=
SIZE=4240033
TYPE=HOTFIX(SVCPACK.INF)
CATEGORY=
TIE_UP=
XOR_KEY=
SYNCHRO_KEY=
RELEASE=2020/01/22
RUN_ORDER=999
CMD=
DECODE=0
DECODE_TYPE=
DECODE_GET=
IEXPRESS=0
IEXPRESS_LIST=
IEXPRESS_CMD=
PREVIOUS_SP=
COMMENT=

[VGA]
TITLE=インテル グラフィックス-Windows 10 DCH ドライバー
INFO=https://downloadcenter.intel.com/ja/download/29335/
FILE=https://downloadmirror.intel.com/29335/a08/igfx_win10_100.7755.zip
RENAME=
SIZE=371659399
TYPE=HOTFIX(SVCPACK.INF)
CATEGORY=
TIE_UP=
XOR_KEY=
SYNCHRO_KEY=
RELEASE=2020/01/17
RUN_ORDER=999
CMD=
DECODE=0
DECODE_TYPE=
DECODE_GET=
IEXPRESS=0
IEXPRESS_LIST=
IEXPRESS_CMD=
PREVIOUS_SP=
COMMENT=

[WIFI_X86]
TITLE=IT 管理者向けインテル PROSet/Wireless ソフトウェアおよびドライバー
INFO=https://downloadcenter.intel.com/ja/download/29249/
FILE=https://downloadmirror.intel.com/29249/a08/WiFi_21.60.2_Driver32_Win10.zip
RENAME=
SIZE=3442353
TYPE=HOTFIX(SVCPACK.INF)
CATEGORY=
TIE_UP=
XOR_KEY=
SYNCHRO_KEY=
RELEASE=2019/12/24
RUN_ORDER=999
CMD=
DECODE=0
DECODE_TYPE=
DECODE_GET=
IEXPRESS=0
IEXPRESS_LIST=
IEXPRESS_CMD=
PREVIOUS_SP=
COMMENT=

[WIFI_X64]
TITLE=IT 管理者向けインテル PROSet/Wireless ソフトウェアおよびドライバー
INFO=https://downloadcenter.intel.com/ja/download/29249/
FILE=https://downloadmirror.intel.com/29249/a08/WiFi_21.60.2_Driver64_Win10.zip
RENAME=
SIZE=21102018
TYPE=HOTFIX(SVCPACK.INF)
CATEGORY=
TIE_UP=
XOR_KEY=
SYNCHRO_KEY=
RELEASE=2019/12/24
RUN_ORDER=999
CMD=
DECODE=0
DECODE_TYPE=
DECODE_GET=
IEXPRESS=0
IEXPRESS_LIST=
IEXPRESS_CMD=
PREVIOUS_SP=
COMMENT=
