[INFO]
VERSION=0.103.0
SOFTWARE=Windows 7 x64
TARGET=Service Pack 1
LANGUAGE=Japanese
NAME=Jun Itou
COMMENT=RollupìùçáDVDçÏê¨óp 2020/11

[LIST]
COUNT=7
1=DL-ASUS_EZINSTALLER
2=USB_X64
3=USB_X86
4=RST_X64
5=RST_X86
6=NVME_X64
7=NVME_X86

[DL-ASUS_EZINSTALLER]
TITLE=Asus EZ installer-V1.03.06
INFO=https://www.asus.com/jp/Motherboards/H170-PRO/HelpDesk_Download/
FILE=https://dlcdnets.asus.com/pub/ASUS/misc/utils/ASUS_EZInstaller_V10306.zip
RENAME=h170pro\ASUS_EZInstaller_V10306.zip
SIZE=28473118
TYPE=HOTFIX(HOTFIX8.CMD)
CATEGORY=8
TIE_UP=
XOR_KEY=
SYNCHRO_KEY=
RELEASE=2019/03/09
RUN_ORDER=001
CMD=
DECODE=
DECODE_TYPE=HOTFIX(HOTFIX8.CMD)
DECODE_GET=
IEXPRESS=
IEXPRESS_LIST=
IEXPRESS_CMD=
PREVIOUS_SP=
COMMENT=

[USB_X64]
TITLE=
INFO=
FILE=iusb3hub.inf
RENAME=h170pro\ASUS_EZInstaller_V10306\ASUS_EZInstaller_V10306\ASUS EZ Installer\ASUS EZ Installer\V1.03.06\OS\AutoUnattend\x64\Intel\iusb3hub.inf
SIZE=
TYPE=HOTFIX(HOTFIX9.CMD)
CATEGORY=
TIE_UP=
XOR_KEY=
SYNCHRO_KEY=
RELEASE=
RUN_ORDER=001
CMD=
DECODE=
DECODE_TYPE=
DECODE_GET=
IEXPRESS=
IEXPRESS_LIST=
IEXPRESS_CMD=
PREVIOUS_SP=
COMMENT=

[USB_X86]
TITLE=
INFO=
FILE=iusb3hub.inf
RENAME=h170pro\ASUS_EZInstaller_V10306\ASUS_EZInstaller_V10306\ASUS EZ Installer\ASUS EZ Installer\V1.03.06\OS\AutoUnattend\x86\Intel\iusb3hub.inf
SIZE=
TYPE=HOTFIX(HOTFIX9.CMD)
CATEGORY=
TIE_UP=
XOR_KEY=
SYNCHRO_KEY=
RELEASE=
RUN_ORDER=002
CMD=
DECODE=
DECODE_TYPE=
DECODE_GET=
IEXPRESS=
IEXPRESS_LIST=
IEXPRESS_CMD=
PREVIOUS_SP=
COMMENT=

[RST_X64]
TITLE=
INFO=
FILE=iaAHCIC.inf
RENAME=h170pro\ASUS_EZInstaller_V10306\ASUS_EZInstaller_V10306\ASUS EZ Installer\ASUS EZ Installer\V1.03.06\Other\x64\KabyLake_RAID\iaAHCIC.inf
SIZE=
TYPE=HOTFIX(HOTFIX9.CMD)
CATEGORY=
TIE_UP=
XOR_KEY=
SYNCHRO_KEY=
RELEASE=
RUN_ORDER=003
CMD=
DECODE=
DECODE_TYPE=
DECODE_GET=
IEXPRESS=
IEXPRESS_LIST=
IEXPRESS_CMD=
PREVIOUS_SP=
COMMENT=

[RST_X86]
TITLE=
INFO=
FILE=iaAHCIC.inf
RENAME=h170pro\ASUS_EZInstaller_V10306\ASUS_EZInstaller_V10306\ASUS EZ Installer\ASUS EZ Installer\V1.03.06\Other\x86\KabyLake_RAID\iaAHCIC.inf
SIZE=
TYPE=HOTFIX(HOTFIX9.CMD)
CATEGORY=
TIE_UP=
XOR_KEY=
SYNCHRO_KEY=
RELEASE=
RUN_ORDER=004
CMD=
DECODE=
DECODE_TYPE=
DECODE_GET=
IEXPRESS=
IEXPRESS_LIST=
IEXPRESS_CMD=
PREVIOUS_SP=
COMMENT=

[NVME_X64]
TITLE=
INFO=
FILE=IaNVMe.inf
RENAME=h170pro\ASUS_EZInstaller_V10306\ASUS_EZInstaller_V10306\ASUS EZ Installer\ASUS EZ Installer\V1.03.06\OS\AutoUnattend\x64\Intel_NVMe\IaNVMe.inf
SIZE=
TYPE=HOTFIX(HOTFIX9.CMD)
CATEGORY=
TIE_UP=
XOR_KEY=
SYNCHRO_KEY=
RELEASE=
RUN_ORDER=005
CMD=
DECODE=
DECODE_TYPE=
DECODE_GET=
IEXPRESS=
IEXPRESS_LIST=
IEXPRESS_CMD=
PREVIOUS_SP=
COMMENT=

[NVME_X86]
TITLE=
INFO=
FILE=IaNVMe.inf
RENAME=h170pro\ASUS_EZInstaller_V10306\ASUS_EZInstaller_V10306\ASUS EZ Installer\ASUS EZ Installer\V1.03.06\OS\AutoUnattend\x86\Intel_NVMe\IaNVMe.inf
SIZE=
TYPE=HOTFIX(HOTFIX9.CMD)
CATEGORY=
TIE_UP=
XOR_KEY=
SYNCHRO_KEY=
RELEASE=
RUN_ORDER=006
CMD=
DECODE=
DECODE_TYPE=
DECODE_GET=
IEXPRESS=
IEXPRESS_LIST=
IEXPRESS_CMD=
PREVIOUS_SP=
COMMENT=
