[INFO]
VERSION=0.103.0
SOFTWARE=Windows 10 x64
TARGET=None
LANGUAGE=Japanese
NAME=Jun Itou
COMMENT=統合DVD作成用 2020/10

[LIST]
COUNT=18
1=DL-CHIPSET
2=DL-IME
3=DL-NIC
4=DL-SND
5=DL-VGA
6=DL-RST
7=DL-OPTANE
8=DL-RST_X64
9=DL-NIC_X86
10=DL-NIC_X64
11=DL-WIFI_X86
12=DL-WIFI_X64
13=CHP
14=IME
15=NIC
16=RST
17=SND
18=VGA

[DL-CHIPSET]
TITLE=インテル チップセット・INF・ユーティリティー
INFO=https://downloadcenter.intel.com/ja/download/29634/
FILE=https://downloadmirror.intel.com/29634/eng/chipset-10.1.18383.8213-public-mup.zip
RENAME=h170pro\chp\chipset-10.1.18383.8213-public-mup.zip
SIZE=3506854
TYPE=HOTFIX(SVCPACK.INF)
CATEGORY=
TIE_UP=
XOR_KEY=
SYNCHRO_KEY=
RELEASE=2020/06/10
RUN_ORDER=001
CMD=
DECODE=0
DECODE_TYPE=
DECODE_GET=
IEXPRESS=0
IEXPRESS_LIST=
IEXPRESS_CMD=
PREVIOUS_SP=
COMMENT=

[DL-IME]
TITLE=インテル Windows 8.1およびWindows向けインテル マネジメント・エンジン・ドライバー 10
INFO=https://downloadcenter.intel.com/ja/download/28679/
FILE=https://downloadmirror.intel.com/28679/eng/ME_SW_1909.12.0.1236.zip
RENAME=h170pro\ime\ME_SW_1909.12.0.1236.zip
SIZE=305379201
TYPE=HOTFIX(SVCPACK.INF)
CATEGORY=
TIE_UP=
XOR_KEY=
SYNCHRO_KEY=
RELEASE=2019/11/05
RUN_ORDER=002
CMD=
DECODE=0
DECODE_TYPE=
DECODE_GET=
IEXPRESS=0
IEXPRESS_LIST=
IEXPRESS_CMD=
PREVIOUS_SP=
COMMENT=

[DL-NIC]
TITLE=Realtek PCIe FE / GBE / 2.5G / Gaming Ethernet Family Controller Software
INFO=https://www.realtek.com/ja/component/zoo/category/network-interface-controllers-10-100-1000m-gigabit-ethernet-pci-express-software
FILE=Install_Win10_10046_01212021.zip
RENAME=h170pro\nic\Install_Win10_10046_01212021.zip
SIZE=4963774
TYPE=HOTFIX(SVCPACK.INF)
CATEGORY=
TIE_UP=
XOR_KEY=
SYNCHRO_KEY=
RELEASE=2021/02/03
RUN_ORDER=003
CMD=
DECODE=0
DECODE_TYPE=
DECODE_GET=
IEXPRESS=0
IEXPRESS_LIST=
IEXPRESS_CMD=
PREVIOUS_SP=
COMMENT=

[DL-SND]
TITLE=Realtek PC Audio Codecs
INFO=https://www.realtek.com/ja/component/zoo/advanced-search/507?Itemid=389
FILE=0009-Win7_Win8_Win81_Win10_R282.zip
RENAME=h170pro\snd\0009-Win7_Win8_Win81_Win10_R282.zip
SIZE=437287490
TYPE=HOTFIX(SVCPACK.INF)
CATEGORY=
TIE_UP=
XOR_KEY=
SYNCHRO_KEY=
RELEASE=2018/09/17
RUN_ORDER=004
CMD=
DECODE=
DECODE_TYPE=
DECODE_GET=
IEXPRESS=
IEXPRESS_LIST=
IEXPRESS_CMD=
PREVIOUS_SP=
COMMENT=

[DL-VGA]
TITLE=インテル グラフィックス-Windows 10 DCH ドライバー
INFO=https://downloadcenter.intel.com/ja/download/30148/
FILE=https://downloadmirror.intel.com/30148/a08/igfx_win10_100.9168.zip
RENAME=h170pro\vga\igfx_win10_100.9168.zip
SIZE=435505741
TYPE=HOTFIX(SVCPACK.INF)
CATEGORY=
TIE_UP=
XOR_KEY=
SYNCHRO_KEY=
RELEASE=2021/01/20
RUN_ORDER=005
CMD=
DECODE=0
DECODE_TYPE=
DECODE_GET=
IEXPRESS=0
IEXPRESS_LIST=
IEXPRESS_CMD=
PREVIOUS_SP=
COMMENT=

[DL-RST]
TITLE=インテル ラピッド・ストレージ・テクノロジー (インテル RST) ユーザー・インターフェイスとドライバー
INFO=https://downloadcenter.intel.com/ja/download/28992/
FILE=https://downloadmirror.intel.com/28992/eng/SetupRST.exe
RENAME=h170pro\rst\SetupRST.exe
SIZE=21882800
TYPE=HOTFIX(SVCPACK.INF)
CATEGORY=
TIE_UP=
XOR_KEY=
SYNCHRO_KEY=
RELEASE=2020/07/23
RUN_ORDER=006
CMD=
DECODE=0
DECODE_TYPE=
DECODE_GET=
IEXPRESS=0
IEXPRESS_LIST=
IEXPRESS_CMD=
PREVIOUS_SP=
COMMENT=

[DL-OPTANE]
TITLE=インテル ラピッド・ストレージ・テクノロジー (インテル RST) ユーザー・インターフェイスとドライバー
INFO=https://downloadcenter.intel.com/ja/download/28992/
FILE=https://downloadmirror.intel.com/28992/eng/SetupOptaneMemory.exe
RENAME=h170pro\rst\SetupOptaneMemory.exe
SIZE=74976176
TYPE=HOTFIX(SVCPACK.INF)
CATEGORY=
TIE_UP=
XOR_KEY=
SYNCHRO_KEY=
RELEASE=2020/07/23
RUN_ORDER=007
CMD=
DECODE=0
DECODE_TYPE=
DECODE_GET=
IEXPRESS=0
IEXPRESS_LIST=
IEXPRESS_CMD=
PREVIOUS_SP=
COMMENT=

[DL-RST_X64]
TITLE=インテル ラピッド・ストレージ・テクノロジー (インテル RST) ユーザー・インターフェイスとドライバー
INFO=https://downloadcenter.intel.com/ja/download/28992/
FILE=https://downloadmirror.intel.com/28992/eng/f6flpy-x64.zip
RENAME=h170pro\rst\f6flpy-x64.zip
SIZE=3852269
TYPE=HOTFIX(SVCPACK.INF)
CATEGORY=
TIE_UP=
XOR_KEY=
SYNCHRO_KEY=
RELEASE=2020/07/23
RUN_ORDER=008
CMD=
DECODE=0
DECODE_TYPE=
DECODE_GET=
IEXPRESS=0
IEXPRESS_LIST=
IEXPRESS_CMD=
PREVIOUS_SP=
COMMENT=

[DL-NIC_X86]
TITLE=Windows向けインテル ネットワーク・アダプター・ドライバー 10
INFO=https://downloadcenter.intel.com/ja/download/25016/
FILE=https://downloadmirror.intel.com/25016/eng/PROWin32_26_0.zip
RENAME=h170pro\nic\PROWin32_26_0.zip
SIZE=44240150
TYPE=HOTFIX(SVCPACK.INF)
CATEGORY=
TIE_UP=
XOR_KEY=
SYNCHRO_KEY=
RELEASE=2021/02/13
RUN_ORDER=009
CMD=
DECODE=0
DECODE_TYPE=
DECODE_GET=
IEXPRESS=0
IEXPRESS_LIST=
IEXPRESS_CMD=
PREVIOUS_SP=
COMMENT=

[DL-NIC_X64]
TITLE=Windows向けインテル ネットワーク・アダプター・ドライバー 10
INFO=https://downloadcenter.intel.com/ja/download/25016/
FILE=https://downloadmirror.intel.com/25016/eng/PROWinx64_26_0.zip
RENAME=h170pro\nic\PROWinx64_26_0.zip
SIZE=64016803
TYPE=HOTFIX(SVCPACK.INF)
CATEGORY=
TIE_UP=
XOR_KEY=
SYNCHRO_KEY=
RELEASE=2021/02/13
RUN_ORDER=010
CMD=
DECODE=0
DECODE_TYPE=
DECODE_GET=
IEXPRESS=0
IEXPRESS_LIST=
IEXPRESS_CMD=
PREVIOUS_SP=
COMMENT=

[DL-WIFI_X86]
TITLE=IT 管理者向けインテル PROSet/Wireless ソフトウェアおよびドライバー
INFO=https://downloadcenter.intel.com/ja/download/30113/
FILE=https://downloadmirror.intel.com/30113/a08/WiFi_22.20.0_all.zip
RENAME=h170pro\nic\WiFi_22.20.0_all.zip
SIZE=370346549
TYPE=HOTFIX(SVCPACK.INF)
CATEGORY=
TIE_UP=
XOR_KEY=
SYNCHRO_KEY=
RELEASE=2021/01/06
RUN_ORDER=011
CMD=
DECODE=0
DECODE_TYPE=
DECODE_GET=
IEXPRESS=0
IEXPRESS_LIST=
IEXPRESS_CMD=
PREVIOUS_SP=
COMMENT=

[DL-WIFI_X64]
TITLE=IT 管理者向けインテル PROSet/Wireless ソフトウェアおよびドライバー
INFO=https://downloadcenter.intel.com/ja/download/30113/
FILE=https://downloadmirror.intel.com/30113/a08/WiFi_22.20.0_all.zip
RENAME=h170pro\nic\WiFi_22.20.0_all.zip
SIZE=370346549
TYPE=HOTFIX(SVCPACK.INF)
CATEGORY=
TIE_UP=
XOR_KEY=
SYNCHRO_KEY=
RELEASE=2021/01/06
RUN_ORDER=012
CMD=
DECODE=0
DECODE_TYPE=
DECODE_GET=
IEXPRESS=0
IEXPRESS_LIST=
IEXPRESS_CMD=
PREVIOUS_SP=
COMMENT=

[CHP]
TITLE=
INFO=
FILE=SetupChipset.exe
RENAME=h170pro\chp\chipset-10.1.18383.8213-public-mup\SetupChipset.exe
SIZE=
TYPE=HOTFIX(HOTFIX9.CMD)
CATEGORY=
TIE_UP=
XOR_KEY=
SYNCHRO_KEY=
RELEASE=
RUN_ORDER=001
CMD=-s -norestart
DECODE=
DECODE_TYPE=
DECODE_GET=
IEXPRESS=
IEXPRESS_LIST=
IEXPRESS_CMD=
PREVIOUS_SP=
COMMENT=

[IME]
TITLE=
INFO=
FILE=SetupME.exe
RENAME=h170pro\ime\ME_SW_1909.12.0.1236\ME_SW_1909.12.0.1236\Cons\ME_SW_MSI\SetupME.exe
SIZE=
TYPE=HOTFIX(HOTFIX9.CMD)
CATEGORY=
TIE_UP=
XOR_KEY=
SYNCHRO_KEY=
RELEASE=
RUN_ORDER=002
CMD=-s -norestart
DECODE=
DECODE_TYPE=
DECODE_GET=
IEXPRESS=
IEXPRESS_LIST=
IEXPRESS_CMD=
PREVIOUS_SP=
COMMENT=

[NIC]
TITLE=
INFO=
FILE=Install_Win10_10046_01212021.exe
RENAME=h170pro\nic\Install_Win10_10046_01212021\Install_Win10_10046_01212021.exe
SIZE=
TYPE=HOTFIX(HOTFIX9.CMD)
CATEGORY=
TIE_UP=
XOR_KEY=
SYNCHRO_KEY=
RELEASE=
RUN_ORDER=003
CMD=-s -norestart
DECODE=
DECODE_TYPE=
DECODE_GET=
IEXPRESS=
IEXPRESS_LIST=
IEXPRESS_CMD=
PREVIOUS_SP=
COMMENT=

[RST]
TITLE=
INFO=
FILE=SetupRST.exe
RENAME=h170pro\rst\SetupRST.exe
SIZE=
TYPE=HOTFIX(HOTFIX9.CMD)
CATEGORY=
TIE_UP=
XOR_KEY=
SYNCHRO_KEY=
RELEASE=
RUN_ORDER=004
CMD=-s -norestart
DECODE=
DECODE_TYPE=
DECODE_GET=
IEXPRESS=
IEXPRESS_LIST=
IEXPRESS_CMD=
PREVIOUS_SP=
COMMENT=

[SND]
TITLE=
INFO=
FILE=Setup.exe
RENAME=h170pro\snd\0009-Win7_Win8_Win81_Win10_R282\Win7_Win8_Win81_Win10_R282\Setup.exe
SIZE=
TYPE=HOTFIX(HOTFIX9.CMD)
CATEGORY=
TIE_UP=
XOR_KEY=
SYNCHRO_KEY=
RELEASE=
RUN_ORDER=005
CMD=-s -norestart
DECODE=
DECODE_TYPE=
DECODE_GET=
IEXPRESS=
IEXPRESS_LIST=
IEXPRESS_CMD=
PREVIOUS_SP=
COMMENT=

[VGA]
TITLE=
INFO=
FILE=GfxDownloadWrapper.exe
RENAME=h170pro\vga\igfx_win10_100.9168\Graphics\GfxDownloadWrapper.exe
SIZE=
TYPE=HOTFIX(HOTFIX9.CMD)
CATEGORY=
TIE_UP=
XOR_KEY=
SYNCHRO_KEY=
RELEASE=
RUN_ORDER=006
CMD=-s -norestart
DECODE=
DECODE_TYPE=
DECODE_GET=
IEXPRESS=
IEXPRESS_LIST=
IEXPRESS_CMD=
PREVIOUS_SP=
COMMENT=
