https://raw.githubusercontent.com/office-itou/Windows/master/Make_ISO_files/source/MakeIsoFile.cmd
https://raw.githubusercontent.com/office-itou/Windows/master/Make_ISO_files/source/MakeUsbStick.cmd
https://raw.githubusercontent.com/office-itou/Windows/master/Make_ISO_files/source/MicrosoftUpdateCatalog.url
https://raw.githubusercontent.com/office-itou/Windows/master/Make_ISO_files/source/Windows10adk_Rollup_202001.lst
https://raw.githubusercontent.com/office-itou/Windows/master/Make_ISO_files/source/Windows10bin_Rollup_202001.lst
https://raw.githubusercontent.com/office-itou/Windows/master/Make_ISO_files/source/Windows10drv_Rollup_202001.lst
https://raw.githubusercontent.com/office-itou/Windows/master/Make_ISO_files/source/Windows10x86_Rollup_202001.lst
https://raw.githubusercontent.com/office-itou/Windows/master/Make_ISO_files/source/Windows10x64_Rollup_202001.lst
https://raw.githubusercontent.com/office-itou/Windows/master/Make_ISO_files/source/Windows7adk_Rollup_202001.lst
https://raw.githubusercontent.com/office-itou/Windows/master/Make_ISO_files/source/Windows7bin_Rollup_202001.lst
https://raw.githubusercontent.com/office-itou/Windows/master/Make_ISO_files/source/Windows7drv_Rollup_202001.lst
https://raw.githubusercontent.com/office-itou/Windows/master/Make_ISO_files/source/Windows7x86_Rollup_202001.lst
https://raw.githubusercontent.com/office-itou/Windows/master/Make_ISO_files/source/Windows7x64_Rollup_202001.lst
https://raw.githubusercontent.com/office-itou/Windows/master/Make_ISO_files/source/autounattend-windows10-x64.xml
https://raw.githubusercontent.com/office-itou/Windows/master/Make_ISO_files/source/autounattend-windows10-x86.xml
https://raw.githubusercontent.com/office-itou/Windows/master/Make_ISO_files/source/autounattend-windows7-x64.xml
https://raw.githubusercontent.com/office-itou/Windows/master/Make_ISO_files/source/autounattend-windows7-x86.xml
