[INFO]
VERSION=0.103.0
SOFTWARE=Windows 10 x64
TARGET=None
LANGUAGE=Japanese
NAME=Jun Itou
COMMENT=統合DVD作成用 2020/10 Version 20H2用

[LIST]
COUNT=8
1=KB4577266
2=KB4580325
3=KB4580364
4=KB4580419
5=KB4052623_200907
6=KB4052623_200110
7=KB890830
8=MSE_DUP

[KB4577266]
TITLE=2020-09x64 ベース システム用 Windows 10 Version 20H2 サービス スタック更新プログラム (KB4577266)
INFO=http://support.microsoft.com/help/4577266
FILE=http://download.windowsupdate.com/d/msdownload/update/software/secu/2020/09/windows10.0-kb4577266-x64_126987f629769e860cd7985371754db91685ea16.msu
RENAME=
SIZE=15233480
TYPE=HOTFIX(SVCPACK.INF)
CATEGORY=
TIE_UP=
XOR_KEY=
SYNCHRO_KEY=
RELEASE=2020/09/05
RUN_ORDER=001
CMD=
DECODE=0
DECODE_TYPE=
DECODE_GET=
IEXPRESS=0
IEXPRESS_LIST=
IEXPRESS_CMD=
PREVIOUS_SP=
COMMENT=サービススタック更新プログラム

[KB4580325]
TITLE=2020-10 x64 ベース システム用 Windows 10 Version 20H2 セキュリティ更新プログラム (Adobe Flash Player 対応)
INFO=http://support.microsoft.com/help/4580325
FILE=http://download.windowsupdate.com/d/msdownload/update/software/secu/2020/10/windows10.0-kb4580325-x64_b6e8f5b34fd68a4e3c29a540000327f6d0675a7f.msu
RENAME=
SIZE=22346395
TYPE=HOTFIX(SVCPACK.INF)
CATEGORY=
TIE_UP=
XOR_KEY=
SYNCHRO_KEY=
RELEASE=2020/10/07
RUN_ORDER=003
CMD=
DECODE=0
DECODE_TYPE=
DECODE_GET=
IEXPRESS=0
IEXPRESS_LIST=
IEXPRESS_CMD=
PREVIOUS_SP=
COMMENT=セキュリティ更新プログラム (Adobe Flash Player 対応)

[KB4580364]
TITLE=2020-10x64 ベース システム用 Windows 10 Version 20H2 の累積更新プログラム (KB4580364)
INFO=http://support.microsoft.com/help/4580364
FILE=http://download.windowsupdate.com/c/msdownload/update/software/updt/2020/10/windows10.0-kb4580364-x64_a9b49d199e6632ebacfe5c908e3a4a76968de619.msu
RENAME=
SIZE=366779704
TYPE=HOTFIX(SVCPACK.INF)
CATEGORY=
TIE_UP=KB4577266
XOR_KEY=
SYNCHRO_KEY=
RELEASE=2020/10/27
RUN_ORDER=004
CMD=
DECODE=0
DECODE_TYPE=
DECODE_GET=
IEXPRESS=0
IEXPRESS_LIST=
IEXPRESS_CMD=
PREVIOUS_SP=
COMMENT=累積更新プログラム

[KB4580419]
TITLE=.NET Framework 3.5 用の2020-10累積的な更新プログラムのプレビューと x64 (KB4580419) のWindows 10 Version 2009 用の 4.8
INFO=http://support.microsoft.com/help/4580419
FILE=http://download.windowsupdate.com/c/msdownload/update/software/updt/2020/10/windows10.0-kb4580419-x64-ndp48_197efbd77177abe76a587359cea77bda5398c594.msu
RENAME=
SIZE=67841308
TYPE=HOTFIX(SVCPACK.INF)
CATEGORY=
TIE_UP=
XOR_KEY=KB4578968
SYNCHRO_KEY=
RELEASE=2020/10/05
RUN_ORDER=005
CMD=
DECODE=0
DECODE_TYPE=
DECODE_GET=
IEXPRESS=0
IEXPRESS_LIST=
IEXPRESS_CMD=
PREVIOUS_SP=
COMMENT=.NET用0累積的な更新プログラム

[KB4052623_200907]
TITLE=Microsoft Defender Antivirus マルウェア対策プラットフォームの更新プログラム - (Version 4.18.2009.7)
INFO=http://support.microsoft.com/help/4052623/update-for-windows-defender-antimalware-platform
FILE=http://download.windowsupdate.com/c/msdownload/update/software/defu/2020/09/updateplatform_d84736cae49773e4b7c56775b3d7ea192502f3a1.exe
RENAME=
SIZE=5126688
TYPE=HOTFIX(SVCPACK.INF)
CATEGORY=
TIE_UP=
XOR_KEY=
SYNCHRO_KEY=
RELEASE=2020/09/29
RUN_ORDER=006
CMD=/quiet /norestart
DECODE=0
DECODE_TYPE=
DECODE_GET=
IEXPRESS=0
IEXPRESS_LIST=
IEXPRESS_CMD=
PREVIOUS_SP=
COMMENT=マルウェア対策プラットフォームの更新プログラム

[KB4052623_200110]
TITLE=Windows Defender Antivirus マルウェア対策プラットフォームの更新プログラム - (Version 4.18.2001.10)
INFO=http://support.microsoft.com/help/4052623/update-for-windows-defender-antimalware-platform
FILE=http://download.windowsupdate.com/c/msdownload/update/software/updt/2020/02/updateplatform_0456e6719c3ee098af03b785230ac020643fa1ac.exe
RENAME=
SIZE=5124128
TYPE=HOTFIX(SVCPACK.INF)
CATEGORY=
TIE_UP=
XOR_KEY=
SYNCHRO_KEY=
RELEASE=2020/02/13
RUN_ORDER=007
CMD=/quiet /norestart
DECODE=0
DECODE_TYPE=
DECODE_GET=
IEXPRESS=0
IEXPRESS_LIST=
IEXPRESS_CMD=
PREVIOUS_SP=
COMMENT=マルウェア対策プラットフォームの更新プログラム

[KB890830]
TITLE=悪意のあるソフトウェアの削除ツール x64 - v5.83
INFO=http://support.microsoft.com/help/890830
FILE=http://download.windowsupdate.com/d/msdownload/update/software/uprl/2020/09/windows-kb890830-x64-v5.83_fede0eab17a3acf1aa945b14f37324ae6a8f6fc6.exe
RENAME=
SIZE=34667768
TYPE=HOTFIX(SVCPACK.INF)
CATEGORY=
TIE_UP=
XOR_KEY=
SYNCHRO_KEY=
RELEASE=2020/09/02
RUN_ORDER=008
CMD=/x
DECODE=0
DECODE_TYPE=
DECODE_GET=
IEXPRESS=0
IEXPRESS_LIST=
IEXPRESS_CMD=
PREVIOUS_SP=
COMMENT=悪意のあるソフトウェアの削除ツール

[MSE_DUP]
TITLE=Windows Defender Antivirus for Windows 10 and Windows 8.1
INFO=http://www.microsoft.com/en-us/wdsi/defenderupdates
FILE=http://go.microsoft.com/fwlink/?LinkID=121721&arch=x64
RENAME=mpam-fe-x64.exe
SIZE=1
TYPE=HOTFIX(SVCPACK.INF)
CATEGORY=
TIE_UP=
XOR_KEY=
SYNCHRO_KEY=
RELEASE=2019/04/10
RUN_ORDER=009
CMD=-q
DECODE=0
DECODE_TYPE=
DECODE_GET=
IEXPRESS=0
IEXPRESS_LIST=
IEXPRESS_CMD=
PREVIOUS_SP=
COMMENT=
