[INFO]
VERSION=0.103.0
SOFTWARE=Windows 10 x64
TARGET=None
LANGUAGE=Japanese
NAME=Jun Itou
COMMENT=ìùçáDVDçÏê¨óp 2020/02

[LIST]
COUNT=7
1=KB890830
2=MSE_DUP
3=KB4052623
4=KB4538674
5=KB4534132
6=KB4532693
7=EDGE

[KB890830]
TITLE=Windows Malicious Software Removal Tool x86 - February 2020 (KB890830)
INFO=https://support.microsoft.com/kb/890830
FILE=http://download.windowsupdate.com/d/msdownload/update/software/uprl/2020/02/windows-kb890830-v5.80_77597f5fe9430d5b5edcbf779167cccc591e34e9.exe
RENAME=windows-kb890830-v5.80.exe
SIZE=30550312
TYPE=HOTFIX(SVCPACK.INF)
CATEGORY=
TIE_UP=
XOR_KEY=
SYNCHRO_KEY=
RELEASE=2020/02/03
RUN_ORDER=001
CMD=/Q
DECODE=0
DECODE_TYPE=
DECODE_GET=
IEXPRESS=0
IEXPRESS_LIST=
IEXPRESS_CMD=
PREVIOUS_SP=
COMMENT=

[MSE_DUP]
TITLE=Windows Defender Antivirus for Windows 10 and Windows 8.1
INFO=https://www.microsoft.com/en-us/wdsi/defenderupdates
FILE=https://go.microsoft.com/fwlink/?LinkID=121721&arch=x86
RENAME=mpam-fe-x86.exe
SIZE=1
TYPE=HOTFIX(SVCPACK.INF)
CATEGORY=
TIE_UP=
XOR_KEY=
SYNCHRO_KEY=
RELEASE=2019/04/10
RUN_ORDER=002
CMD=-q
DECODE=0
DECODE_TYPE=
DECODE_GET=
IEXPRESS=0
IEXPRESS_LIST=
IEXPRESS_CMD=
PREVIOUS_SP=
COMMENT=

[KB4052623]
TITLE=Update for Windows Defender Antivirus antimalware platform - KB4052623 (Version 4.18.1911.3)
INFO=https://support.microsoft.com/en-us/help/4052623/update-for-windows-defender-antimalware-platform
FILE=http://download.windowsupdate.com/c/msdownload/update/software/defu/2019/11/updateplatform_9f1e96f57aa41f556d5a21bc415dec947eb753b3.exe
RENAME=updateplatform-x86.exe
SIZE=3726344
TYPE=HOTFIX(SVCPACK.INF)
CATEGORY=
TIE_UP=
XOR_KEY=
SYNCHRO_KEY=
RELEASE=2019/11/22
RUN_ORDER=003
CMD=
DECODE=0
DECODE_TYPE=
DECODE_GET=
IEXPRESS=0
IEXPRESS_LIST=
IEXPRESS_CMD=
PREVIOUS_SP=
COMMENT=

[KB4538674]
TITLE=2020-02 Servicing Stack Update for Windows 10 Version 1909 for x86-based Systems (KB4538674)
INFO=https://support.microsoft.com/help/4538674
FILE=http://download.windowsupdate.com/d/msdownload/update/software/secu/2020/02/windows10.0-kb4538674-x86_72edfc2887af04541831723799b45f4cbf4396a1.msu
RENAME=windows10.0-kb4538674-x86.msu
SIZE=6780763
TYPE=HOTFIX(SVCPACK.INF)
CATEGORY=
TIE_UP=
XOR_KEY=
SYNCHRO_KEY=
RELEASE=2020/02/07
RUN_ORDER=004
CMD=
DECODE=0
DECODE_TYPE=
DECODE_GET=
IEXPRESS=0
IEXPRESS_LIST=
IEXPRESS_CMD=
PREVIOUS_SP=
COMMENT=

[KB4534132]
TITLE=2020-02 Cumulative Update for .NET Framework 3.5 and 4.8 for Windows 10 Version 1909 for x86 (KB4534132)
INFO=https://support.microsoft.com/kb/4534132
FILE=http://download.windowsupdate.com/d/msdownload/update/software/updt/2020/01/windows10.0-kb4534132-x86-ndp48_5ab41114b84fea9b1e39ec803e0b5f435af85f9f.msu
RENAME=windows10.0-kb4534132-x86-ndp48.msu
SIZE=41594392
TYPE=HOTFIX(SVCPACK.INF)
CATEGORY=
TIE_UP=
XOR_KEY=KB4532938
SYNCHRO_KEY=
RELEASE=2020/01/07
RUN_ORDER=005
CMD=
DECODE=0
DECODE_TYPE=
DECODE_GET=
IEXPRESS=0
IEXPRESS_LIST=
IEXPRESS_CMD=
PREVIOUS_SP=
COMMENT=

[KB4532693]
TITLE=2020-02 Cumulative Update for Windows 10 Version 1909 for x86-based Systems (KB4532693)
INFO=https://support.microsoft.com/help/4532693
FILE=http://download.windowsupdate.com/d/msdownload/update/software/secu/2020/02/windows10.0-kb4532693-x86_149a95ca991206cf8df78d172250c55fec5a4fad.msu
RENAME=windows10.0-kb4532693-x86.msu
SIZE=188473268
TYPE=HOTFIX(SVCPACK.INF)
CATEGORY=
TIE_UP=
XOR_KEY=
SYNCHRO_KEY=
RELEASE=2020/02/10
RUN_ORDER=006
CMD=
DECODE=0
DECODE_TYPE=
DECODE_GET=
IEXPRESS=0
IEXPRESS_LIST=
IEXPRESS_CMD=
PREVIOUS_SP=
COMMENT=

[EDGE]
TITLE=Download and deploy the new Microsoft Edge for business
INFO=https://www.microsoft.com/en-us/edge/business/download
FILE=http://go.microsoft.com/fwlink/?LinkID=2093505
RENAME=MicrosoftEdgeEnterprise-x86.msi
SIZE=1
TYPE=HOTFIX(SVCPACK.INF)
CATEGORY=
TIE_UP=
XOR_KEY=
SYNCHRO_KEY=
RELEASE=
RUN_ORDER=007
CMD=/quiet /norestart
DECODE=0
DECODE_TYPE=
DECODE_GET=
IEXPRESS=0
IEXPRESS_LIST=
IEXPRESS_CMD=
PREVIOUS_SP=
COMMENT=
