[INFO]
VERSION=0.103.0
SOFTWARE=Windows 10
TARGET=None
LANGUAGE=Japanese
NAME=Jun Itou
COMMENT=統合DVD作成用 2021/03 Version 20H2用

[LIST]
COUNT=10
1=KB890830
2=KB2267602
3=KB4580325
4=KB4577586
5=KB4601554
6=KB4589212
7=KB5000802
8=KB4586858
9=KB4052623_210203
10=KB4052623_200110

[KB890830]
TITLE=悪意のあるソフトウェアの削除ツール x86 - v5.87 (KB890830)
INFO=http://support.microsoft.com/help/890830
FILE=http://download.windowsupdate.com/d/msdownload/update/software/uprl/2021/03/windows-kb890830-v5.87_bb257660e1c22961e7c8db7b268b2f327ee63de7.exe
RENAME=
SIZE=33135392
TYPE=HOTFIX(SVCPACK.INF)
CATEGORY=
TIE_UP=
XOR_KEY=
SYNCHRO_KEY=
RELEASE=2021/03/01
RUN_ORDER=001
CMD=/x
DECODE=0
DECODE_TYPE=
DECODE_GET=
IEXPRESS=0
IEXPRESS_LIST=
IEXPRESS_CMD=
PREVIOUS_SP=
COMMENT=悪意のあるソフトウェアの削除ツール

[KB2267602]
TITLE=Windows Defender Antivirus for Windows 10 and Windows 8.1
INFO=http://www.microsoft.com/en-us/wdsi/defenderupdates
FILE=http://go.microsoft.com/fwlink/?LinkID=121721&arch=x86
RENAME=mpam-fe-x86.exe
SIZE=1
TYPE=HOTFIX(SVCPACK.INF)
CATEGORY=
TIE_UP=
XOR_KEY=
SYNCHRO_KEY=
RELEASE=
RUN_ORDER=002
CMD=-q
DECODE=0
DECODE_TYPE=
DECODE_GET=
IEXPRESS=0
IEXPRESS_LIST=
IEXPRESS_CMD=
PREVIOUS_SP=
COMMENT=

[KB4580325]
TITLE=2020-10 x86 ベース システム用 Windows 10 Version 20H2 セキュリティ更新プログラム (Adobe Flash Player 対応) (KB4580325)
INFO=http://support.microsoft.com/help/4580325
FILE=http://download.windowsupdate.com/d/msdownload/update/software/secu/2020/10/windows10.0-kb4580325-x86_6371b8d20f4e0f3dc012ef9eb1260f2d65ec479d.msu
RENAME=
SIZE=10974990
TYPE=HOTFIX(SVCPACK.INF)
CATEGORY=
TIE_UP=
XOR_KEY=
SYNCHRO_KEY=
RELEASE=2020/10/07
RUN_ORDER=003
CMD=
DECODE=0
DECODE_TYPE=
DECODE_GET=
IEXPRESS=0
IEXPRESS_LIST=
IEXPRESS_CMD=
PREVIOUS_SP=
COMMENT=セキュリティ更新プログラム (Adobe Flash Player 対応)

[KB4577586]
TITLE=x86ベースのシステム（KB4577586）の Windows 10 Version 20H2 用 Adobe Flash Player の削除に関する更新
INFO=http://support.microsoft.com/help/4577586
FILE=http://download.windowsupdate.com/d/msdownload/update/software/updt/2020/10/windows10.0-kb4577586-x86_238da6b730a3f6a709f31980b87e2d8ecb0a8973.msu
RENAME=
SIZE=161598
TYPE=HOTFIX(SVCPACK.INF)
CATEGORY=
TIE_UP=
XOR_KEY=
SYNCHRO_KEY=
RELEASE=2020/10/19
RUN_ORDER=004
CMD=
DECODE=0
DECODE_TYPE=
DECODE_GET=
IEXPRESS=0
IEXPRESS_LIST=
IEXPRESS_CMD=
PREVIOUS_SP=
COMMENT=Adobe Flash Player の削除に関する更新

[KB4601554]
TITLE=.NET Framework 3.5 用の2021-02累積的な更新プログラムのプレビューと x86 (KB4601554) のWindows 10, version 20H2 用の 4.8
INFO=http://support.microsoft.com/kb/4601554
FILE=http://download.windowsupdate.com/d/msdownload/update/software/updt/2021/02/windows10.0-kb4601554-x86-ndp48_5ba9d77edeb2b9c15cf6c4914938fe64146ff857.msu
RENAME=
SIZE=43625383
TYPE=HOTFIX(SVCPACK.INF)
CATEGORY=
TIE_UP=
XOR_KEY=
SYNCHRO_KEY=
RELEASE=2021/02/11
RUN_ORDER=005
CMD=
DECODE=0
DECODE_TYPE=
DECODE_GET=
IEXPRESS=0
IEXPRESS_LIST=
IEXPRESS_CMD=
PREVIOUS_SP=
COMMENT=.NET Frameworkの累積的な更新プログラム

[KB4589212]
TITLE=2021-01 x86 ベース システム用 Windows 10 Version 20H2 更新プログラム (KB4589212)
INFO=http://support.microsoft.com/help/4589212
FILE=http://download.windowsupdate.com/c/msdownload/update/software/updt/2021/01/windows10.0-kb4589212-v2-x86_a8a239d9a22c85b87b333aee2c11f7b79c314449.msu
RENAME=
SIZE=3270394
TYPE=HOTFIX(SVCPACK.INF)
CATEGORY=
TIE_UP=
XOR_KEY=
SYNCHRO_KEY=
RELEASE=2021/01/22
RUN_ORDER=006
CMD=
DECODE=0
DECODE_TYPE=
DECODE_GET=
IEXPRESS=0
IEXPRESS_LIST=
IEXPRESS_CMD=
PREVIOUS_SP=
COMMENT=更新プログラム

[KB5000802]
TITLE=2021-03 x64 ベース システム用 Windows 10 Version 20H2 の累積更新プログラム (KB5000802)
INFO=http://support.microsoft.com/help/5000802
FILE=http://download.windowsupdate.com/c/msdownload/update/software/secu/2021/03/windows10.0-kb5000802-x86_5a208d589208d97cb839b30500656194e9f47cf6.msu
RENAME=
SIZE=159567537
TYPE=HOTFIX(SVCPACK.INF)
CATEGORY=
TIE_UP=
XOR_KEY=
SYNCHRO_KEY=
RELEASE=2021/03/06
RUN_ORDER=007
CMD=
DECODE=0
DECODE_TYPE=
DECODE_GET=
IEXPRESS=0
IEXPRESS_LIST=
IEXPRESS_CMD=
PREVIOUS_SP=
COMMENT=累積更新プログラム

[KB4586858]
TITLE=2020-11 Dynamic Update for Windows 10 Version 20H2 for x64-based Systems (KB4586858)
INFO=http://support.microsoft.com/help/4586858
FILE=http://download.windowsupdate.com/d/msdownload/update/software/crup/2020/11/windows10.0-kb4586858-x86_b28ffcba94f76db82d536b9639961ccb996971db.cab
RENAME=
SIZE=519318
TYPE=HOTFIX(SVCPACK.INF)
CATEGORY=
TIE_UP=
XOR_KEY=
SYNCHRO_KEY=
RELEASE=2020/11/05
RUN_ORDER=008
CMD=
DECODE=1
DECODE_TYPE=IExpress Setup
DECODE_GET=
IEXPRESS=0
IEXPRESS_LIST=
IEXPRESS_CMD=
PREVIOUS_SP=
COMMENT=Dynamic Update

[KB4052623_210203]
TITLE=Microsoft Defender Antivirus マルウェア対策プラットフォームの更新プログラム - KB4052623 (Version 4.18.2102.3)
INFO=http://support.microsoft.com/en-us/help/4052623/update-for-windows-defender-antimalware-platform
FILE=http://download.windowsupdate.com/c/msdownload/update/software/defu/2021/02/updateplatform_18ca8f8a200794aad12e40187104b6aa519bb40e.exe
RENAME=
SIZE=4084368
TYPE=HOTFIX(SVCPACK.INF)
CATEGORY=
TIE_UP=
XOR_KEY=
SYNCHRO_KEY=
RELEASE=2021/02/23
RUN_ORDER=009
CMD=
DECODE=0
DECODE_TYPE=
DECODE_GET=
IEXPRESS=0
IEXPRESS_LIST=
IEXPRESS_CMD=
PREVIOUS_SP=
COMMENT=マルウェア対策プラットフォームの更新プログラム

[KB4052623_200110]
TITLE=Windows Defender Antivirus マルウェア対策プラットフォームの更新プログラム - KB4052623 (Version 4.18.2001.10)
INFO=http://support.microsoft.com/en-us/help/4052623/update-for-windows-defender-antimalware-platform
FILE=http://download.windowsupdate.com/c/msdownload/update/software/updt/2020/02/updateplatform_eaf76728f00b841dc9b3b1722f778e50ed59438a.exe
RENAME=
SIZE=3811792
TYPE=HOTFIX(SVCPACK.INF)
CATEGORY=
TIE_UP=
XOR_KEY=
SYNCHRO_KEY=
RELEASE=2020/02/13
RUN_ORDER=010
CMD=/quiet /norestart
DECODE=0
DECODE_TYPE=
DECODE_GET=
IEXPRESS=0
IEXPRESS_LIST=
IEXPRESS_CMD=
PREVIOUS_SP=
COMMENT=マルウェア対策プラットフォームの更新プログラム
