[INFO]
VERSION=0.103.0
SOFTWARE=Windows 10
TARGET=None
LANGUAGE=Japanese
NAME=Jun Itou
COMMENT=統合DVD作成用 2020/05 Version 1909用

[LIST]
COUNT=10
1=KB890830
2=MSE_DUP
3=KB4052623
4=KB4052623_2
5=KB4552152
6=KB4552931
7=KB4537759
8=KB4497165
9=KB4556799
10=EDGE

[KB890830]
TITLE=Windows 悪意のあるソフトウェアの削除ツール (32-bit)
INFO=https://support.microsoft.com/kb/890830
FILE=https://download.microsoft.com/download/4/A/A/4AA524C6-239D-47FF-860B-5B397199CBF8/Windows-KB890830-V5.82.exe
RENAME=
SIZE=30522408
TYPE=HOTFIX(SVCPACK.INF)
CATEGORY=
TIE_UP=
XOR_KEY=
SYNCHRO_KEY=
RELEASE=2020/05/12
RUN_ORDER=001
CMD=/x
DECODE=0
DECODE_TYPE=
DECODE_GET=
IEXPRESS=0
IEXPRESS_LIST=
IEXPRESS_CMD=
PREVIOUS_SP=
COMMENT=悪意のあるソフトウェアの削除ツール

[MSE_DUP]
TITLE=Windows Defender Antivirus for Windows 10 and Windows 8.1
INFO=https://www.microsoft.com/en-us/wdsi/defenderupdates
FILE=https://go.microsoft.com/fwlink/?LinkID=121721&arch=x86
RENAME=mpam-fe-x86.exe
SIZE=1
TYPE=HOTFIX(SVCPACK.INF)
CATEGORY=
TIE_UP=
XOR_KEY=
SYNCHRO_KEY=
RELEASE=2019/04/10
RUN_ORDER=002
CMD=-q
DECODE=0
DECODE_TYPE=
DECODE_GET=
IEXPRESS=0
IEXPRESS_LIST=
IEXPRESS_CMD=
PREVIOUS_SP=
COMMENT=

[KB4052623]
TITLE=Windows Defender Antivirus マルウェア対策プラットフォームの更新プログラム - KB4052623 (Version 4.18.2001.10)
INFO=https://support.microsoft.com/en-us/help/4052623/update-for-windows-defender-antimalware-platform
FILE=http://download.windowsupdate.com/c/msdownload/update/software/updt/2020/02/updateplatform_eaf76728f00b841dc9b3b1722f778e50ed59438a.exe
RENAME=
SIZE=3811792
TYPE=HOTFIX(SVCPACK.INF)
CATEGORY=
TIE_UP=
XOR_KEY=
SYNCHRO_KEY=
RELEASE=2020/02/13
RUN_ORDER=003
CMD=/quiet /norestart
DECODE=0
DECODE_TYPE=
DECODE_GET=
IEXPRESS=0
IEXPRESS_LIST=
IEXPRESS_CMD=
PREVIOUS_SP=
COMMENT=Windows Defender Antivirus マルウェア対策プラットフォームの更新プログラム

[KB4052623_2]
TITLE=Microsoft Defender Antivirus マルウェア対策プラットフォームの更新プログラム - KB4052623 (Version 4.18.2004.6)
INFO=https://support.microsoft.com/en-us/help/4052623/update-for-windows-defender-antimalware-platform
FILE=http://download.windowsupdate.com/d/msdownload/update/software/defu/2020/04/updateplatform_da549b3aab68eab6d0c0f13c2a939b71df79226a.exe
RENAME=
SIZE=3934480
TYPE=HOTFIX(SVCPACK.INF)
CATEGORY=
TIE_UP=
XOR_KEY=
SYNCHRO_KEY=
RELEASE=2020/04/20
RUN_ORDER=010
CMD=
DECODE=0
DECODE_TYPE=
DECODE_GET=
IEXPRESS=0
IEXPRESS_LIST=
IEXPRESS_CMD=
PREVIOUS_SP=
COMMENT=Microsoft Defender Antivirus マルウェア対策プラットフォームの更新プログラム

[KB4552152]
TITLE=2020-04x86 ベース システム用 Windows 10 Version 1909 サービス スタック更新プログラム (KB4552152)
INFO=https://support.microsoft.com/help/4552152
FILE=http://download.windowsupdate.com/c/msdownload/update/software/secu/2020/04/windows10.0-kb4552152-x86_847c06dada4f6b7e51aea651ddf391ec64de95bb.msu
RENAME=
SIZE=6791809
TYPE=HOTFIX(SVCPACK.INF)
CATEGORY=
TIE_UP=
XOR_KEY=
SYNCHRO_KEY=
RELEASE=2020/04/06
RUN_ORDER=004
CMD=
DECODE=0
DECODE_TYPE=
DECODE_GET=
IEXPRESS=0
IEXPRESS_LIST=
IEXPRESS_CMD=
PREVIOUS_SP=
COMMENT=サービス スタック更新プログラム

[KB4552931]
TITLE=2020-05 .NET Framework 3.5 および 4.8 の累積的な更新プログラム (Windows 10 Version 1909 用) (KB4552931)
INFO=https://support.microsoft.com/kb/4552931
FILE=http://download.windowsupdate.com/d/msdownload/update/software/secu/2020/05/windows10.0-kb4552931-x86_696ac4919db380f27eea10b449108851c289fa73.msu
RENAME=
SIZE=42214570
TYPE=HOTFIX(SVCPACK.INF)
CATEGORY=
TIE_UP=
XOR_KEY=
SYNCHRO_KEY=
RELEASE=2020/05/04
RUN_ORDER=007
CMD=
DECODE=0
DECODE_TYPE=
DECODE_GET=
IEXPRESS=0
IEXPRESS_LIST=
IEXPRESS_CMD=
PREVIOUS_SP=
COMMENT=.NET Framework 3.5 および 4.8 の累積的な更新プログラム

[KB4537759]
TITLE=2020-02 x86 ベース システム用 Windows 10 Version 1909 セキュリティ更新プログラム (Adobe Flash Player 対応) (KB4537759)
INFO=https://support.microsoft.com/help/4537759
FILE=http://download.windowsupdate.com/c/msdownload/update/software/secu/2020/02/windows10.0-kb4537759-x86_7367e240a7c951e9c51360f393f147980d9d0013.msu
RENAME=
SIZE=10723229
TYPE=HOTFIX(SVCPACK.INF)
CATEGORY=
TIE_UP=
XOR_KEY=
SYNCHRO_KEY=
RELEASE=2020/02/04
RUN_ORDER=005
CMD=
DECODE=0
DECODE_TYPE=
DECODE_GET=
IEXPRESS=0
IEXPRESS_LIST=
IEXPRESS_CMD=
PREVIOUS_SP=
COMMENT=1909 セキュリティ更新プログラム (Adobe Flash Player 対応)

[KB4497165]
TITLE=2020-01 x86 ベース システム用 Windows 10 Version 1909 更新プログラム (KB4497165)
INFO=https://support.microsoft.com/help/4497165
FILE=http://download.windowsupdate.com/d/msdownload/update/software/updt/2020/01/windows10.0-kb4497165-v4-x86_140a67bc9514a8d15f5e813c6f8d3a472037d8e1.msu
RENAME=
SIZE=2486388
TYPE=HOTFIX(SVCPACK.INF)
CATEGORY=
TIE_UP=
XOR_KEY=
SYNCHRO_KEY=
RELEASE=2020/01/22
RUN_ORDER=009
CMD=
DECODE=0
DECODE_TYPE=
DECODE_GET=
IEXPRESS=0
IEXPRESS_LIST=
IEXPRESS_CMD=
PREVIOUS_SP=
COMMENT=1909 更新プログラム

[KB4556799]
TITLE=2020-05 x86 ベース システム用 Windows 10 Version 1909 の累積更新プログラム (KB4556799)
INFO=https://support.microsoft.com/help/4556799
FILE=http://download.windowsupdate.com/c/msdownload/update/software/secu/2020/05/windows10.0-kb4556799-x86_c8e984567d449c7cd7ee245d3b5109d380d0f05e.msu
RENAME=
SIZE=204149211
TYPE=HOTFIX(SVCPACK.INF)
CATEGORY=
TIE_UP=
XOR_KEY=
SYNCHRO_KEY=
RELEASE=2020/05/07
RUN_ORDER=008
CMD=
DECODE=0
DECODE_TYPE=
DECODE_GET=
IEXPRESS=0
IEXPRESS_LIST=
IEXPRESS_CMD=
PREVIOUS_SP=
COMMENT=1909 累積更新プログラム

[EDGE]
TITLE=Download and deploy the new Microsoft Edge for business
INFO=https://www.microsoft.com/en-us/edge/business/download
FILE=http://go.microsoft.com/fwlink/?LinkID=2093505
RENAME=MicrosoftEdgeEnterprise-x86.msi
SIZE=1
TYPE=HOTFIX(SVCPACK.INF)
CATEGORY=
TIE_UP=
XOR_KEY=
SYNCHRO_KEY=
RELEASE=
RUN_ORDER=006
CMD=/quiet /norestart
DECODE=0
DECODE_TYPE=
DECODE_GET=
IEXPRESS=0
IEXPRESS_LIST=
IEXPRESS_CMD=
PREVIOUS_SP=
COMMENT=
