[INFO]
VERSION=0.103.0
SOFTWARE=Windows 7 x64
TARGET=Service Pack 1
LANGUAGE=Japanese
NAME=Jun Itou
COMMENT=Rollup統合DVD作成用 2020/11

[LIST]
COUNT=77
1=WUAGENT
2=KB2670838
3=KB4490628
4=KB4536952
5=KB2729094
6=KB2786081
7=KB2834140
8=IE11
9=KB2888049
10=KB2574819
11=KB2830477
12=KB2592687
13=KB3004375
14=KB2698365
15=KB3123479
16=KB2984972
17=KB3155178
18=KB2545698
19=KB2547666
20=KB2603229
21=KB2667402
22=KB2676562
23=KB2685811
24=KB2685813
25=KB2732059
26=KB2750841
27=KB2761217
28=KB2773072
29=KB2813347
30=KB2862330
31=KB2900986
32=KB2919469
33=KB2923545
34=KB2952664
35=KB2970228
36=KB3006137
37=KB3020388
38=KB3021917
39=KB3046269
40=KB3059317
41=KB3068708
42=KB3075226
43=KB3080149
44=KB3118401
45=KB3138612
46=KB3150513
47=KB3156016
48=KB3159398
49=KB3161102
50=KB3161949
51=KB3170735
52=KB3172605
53=KB3179573
54=KB3184143
55=KB3185319
56=KB3102429
57=KB4019990
58=KB3125574
59=KB4054518
60=KB4474419
61=KB4534310
62=KB4539601
63=KB4503548
64=KB4497410
65=KB2894844
66=KB3031432
67=KB4049016
68=KB4532945
69=KB4532941
70=KB947821
71=KB2533552
72=EDGE
73=KB890830
74=KB4481252
75=MSE
76=MSE_DUP
77=KB915597

[WUAGENT]
TITLE=Microsoft Update クライアントへの更新
INFO=http://support.microsoft.com/help/2887535
FILE=http://download.windowsupdate.com/windowsupdate/redist/standalone/7.6.7600.320/windowsupdateagent-7.6-x64.exe
RENAME=
SIZE=11313360
TYPE=HOTFIX(SVCPACK.INF)
CATEGORY=
TIE_UP=
XOR_KEY=
SYNCHRO_KEY=
RELEASE=2014/05/23
RUN_ORDER=001
CMD=/wuforce /quiet /norestart
DECODE=0
DECODE_TYPE=
DECODE_GET=
IEXPRESS=0
IEXPRESS_LIST=
IEXPRESS_CMD=
PREVIOUS_SP=
COMMENT=Windows Update Agent

[KB2670838]
TITLE=Windows 7 x64 Edition 用プラットフォーム更新プログラム (KB2670838)
INFO=http://support.microsoft.com/help/2670838
FILE=http://download.windowsupdate.com/msdownload/update/software/ftpk/2013/02/windows6.1-kb2670838-x64_9f667ff60e80b64cbed2774681302baeaf0fc6a6.msu
RENAME=
SIZE=11840839
TYPE=HOTFIX(SVCPACK.INF)
CATEGORY=
TIE_UP=
XOR_KEY=
SYNCHRO_KEY=
RELEASE=2013/02/18
RUN_ORDER=002
CMD=
DECODE=0
DECODE_TYPE=
DECODE_GET=
IEXPRESS=0
IEXPRESS_LIST=
IEXPRESS_CMD=
PREVIOUS_SP=
COMMENT=Internet Explorer 11 用必須更新プログラム

[KB4490628]
TITLE=2019-03x64 ベース システム用 Windows 7 サービス スタック更新プログラム (KB4490628)
INFO=http://support.microsoft.com/help/4490628
FILE=http://download.windowsupdate.com/c/msdownload/update/software/secu/2019/03/windows6.1-kb4490628-x64_d3de52d6987f7c8bdc2c015dca69eac96047c76e.msu
RENAME=
SIZE=9543846
TYPE=HOTFIX(SVCPACK.INF)
CATEGORY=
TIE_UP=
XOR_KEY=
SYNCHRO_KEY=
RELEASE=2019/03/06
RUN_ORDER=003
CMD=
DECODE=0
DECODE_TYPE=
DECODE_GET=
IEXPRESS=0
IEXPRESS_LIST=
IEXPRESS_CMD=
PREVIOUS_SP=
COMMENT=サービス スタック更新プログラム

[KB4536952]
TITLE=2020-01x64 ベース システム用 Windows 7 サービス スタック更新プログラム (KB4536952)
INFO=http://support.microsoft.com/help/4536952
FILE=http://download.windowsupdate.com/c/msdownload/update/software/secu/2020/01/windows6.1-kb4536952-x64_87f81056110003107fa0e0ec35a3b600ef300a14.msu
RENAME=
SIZE=9583079
TYPE=HOTFIX(SVCPACK.INF)
CATEGORY=
TIE_UP=
XOR_KEY=
SYNCHRO_KEY=
RELEASE=2020/01/06
RUN_ORDER=004
CMD=
DECODE=0
DECODE_TYPE=
DECODE_GET=
IEXPRESS=0
IEXPRESS_LIST=
IEXPRESS_CMD=
PREVIOUS_SP=
COMMENT=サービス スタック更新プログラム

[KB2729094]
TITLE=Windows 7 for x64-Based Systems 用更新プログラム (KB2729094)
INFO=http://support.microsoft.com/help/2729094
FILE=http://download.windowsupdate.com/msdownload/update/software/updt/2012/09/windows6.1-kb2729094-v2-x64_e1a3ecc5030a51711f558f90dd1db52e24ce074b.msu
RENAME=
SIZE=1663018
TYPE=HOTFIX(SVCPACK.INF)
CATEGORY=
TIE_UP=
XOR_KEY=
SYNCHRO_KEY=
RELEASE=2012/09/26
RUN_ORDER=005
CMD=
DECODE=0
DECODE_TYPE=
DECODE_GET=
IEXPRESS=0
IEXPRESS_LIST=
IEXPRESS_CMD=
PREVIOUS_SP=
COMMENT=Internet Explorer 11 用必須更新プログラム

[KB2786081]
TITLE=Windows 7 for x64-Based Systems 用更新プログラム (KB2786081)
INFO=http://support.microsoft.com/help/2786081
FILE=http://download.windowsupdate.com/msdownload/update/software/crup/2013/01/windows6.1-kb2786081-x64_dc63b04c58d952d533c40b185a8b555b50d47905.msu
RENAME=
SIZE=235933
TYPE=HOTFIX(SVCPACK.INF)
CATEGORY=
TIE_UP=
XOR_KEY=
SYNCHRO_KEY=
RELEASE=2013/01/01
RUN_ORDER=006
CMD=
DECODE=0
DECODE_TYPE=
DECODE_GET=
IEXPRESS=0
IEXPRESS_LIST=
IEXPRESS_CMD=
PREVIOUS_SP=
COMMENT=Internet Explorer 11 用必須更新プログラム

[KB2834140]
TITLE=Windows 7 for x64-Based Systems 用更新プログラム (KB2834140)
INFO=http://support.microsoft.com/help/2834140
FILE=http://download.windowsupdate.com/d/msdownload/update/software/updt/2013/08/windows6.1-kb2834140-v2-x64_3db9d9b3dc20515bf4b164821b721402e34ad9d6.msu
RENAME=
SIZE=1003796
TYPE=HOTFIX(SVCPACK.INF)
CATEGORY=
TIE_UP=
XOR_KEY=
SYNCHRO_KEY=
RELEASE=2013/08/29
RUN_ORDER=007
CMD=
DECODE=0
DECODE_TYPE=
DECODE_GET=
IEXPRESS=0
IEXPRESS_LIST=
IEXPRESS_CMD=
PREVIOUS_SP=
COMMENT=Internet Explorer 11 用必須更新プログラム

[IE11]
TITLE=Internet Explorer 11 for Windows 7 x64
INFO=http://www.microsoft.com/ja-jp/download/details.aspx?id=40901
FILE=http://download.microsoft.com/download/3/F/2/3F2D186B-826D-4F72-8386-91AFCCAED57F/IE11-Windows6.1-x64-ja-jp.exe
RENAME=
SIZE=57400016
TYPE=HOTFIX(SVCPACK.INF)
CATEGORY=
TIE_UP=
XOR_KEY=
SYNCHRO_KEY=
RELEASE=2018/10/13
RUN_ORDER=008
CMD=
DECODE=0
DECODE_TYPE=
DECODE_GET=
IEXPRESS=0
IEXPRESS_LIST=
IEXPRESS_CMD=
PREVIOUS_SP=
COMMENT=Internet Explorer 11

[KB2888049]
TITLE=Windows 7 for x64-Based Systems 用更新プログラム (KB2888049)
INFO=http://support.microsoft.com/help/2888049
FILE=http://download.microsoft.com/download/4/1/3/41321d2e-2d08-4699-a635-d9828aadb177/windows6.1-kb2888049-x64.msu
RENAME=
SIZE=2041176
TYPE=HOTFIX(SVCPACK.INF)
CATEGORY=
TIE_UP=IE11
XOR_KEY=
SYNCHRO_KEY=
RELEASE=2018/10/13
RUN_ORDER=009
CMD=
DECODE=0
DECODE_TYPE=
DECODE_GET=
IEXPRESS=0
IEXPRESS_LIST=
IEXPRESS_CMD=
PREVIOUS_SP=
COMMENT=Internet Explorer 11 用更新プログラム

[KB2574819]
TITLE=Windows 7 for x64-Based Systems 用更新プログラム (KB2574819)
INFO=http://support.microsoft.com/help/2574819
FILE=http://download.windowsupdate.com/c/msdownload/update/software/updt/2013/06/windows6.1-kb2574819-v2-x64_a0b7ffff5c8fc9b2f16b323e582bcda3bbe972d5.msu
RENAME=
SIZE=2327784
TYPE=HOTFIX(SVCPACK.INF)
CATEGORY=
TIE_UP=KB2830477
XOR_KEY=
SYNCHRO_KEY=
RELEASE=2013/06/03
RUN_ORDER=010
CMD=
DECODE=0
DECODE_TYPE=
DECODE_GET=
IEXPRESS=0
IEXPRESS_LIST=
IEXPRESS_CMD=
PREVIOUS_SP=
COMMENT=更新プログラム

[KB2830477]
TITLE=Windows 7 for x64-Based Systems 用更新プログラム (KB2830477)
INFO=http://support.microsoft.com/help/2830477
FILE=http://download.windowsupdate.com/d/msdownload/update/software/updt/2013/11/windows6.1-kb2830477-x64_21cae4796ac834f66eec9a190815e1e1b8195908.msu
RENAME=
SIZE=6746744
TYPE=HOTFIX(SVCPACK.INF)
CATEGORY=
TIE_UP=
XOR_KEY=
SYNCHRO_KEY=
RELEASE=2013/11/07
RUN_ORDER=011
CMD=
DECODE=0
DECODE_TYPE=
DECODE_GET=
IEXPRESS=0
IEXPRESS_LIST=
IEXPRESS_CMD=
PREVIOUS_SP=
COMMENT=更新プログラム

[KB2592687]
TITLE=Windows 7 for x64-Based Systems 用更新プログラム (KB2592687)
INFO=http://support.microsoft.com/help/2592687
FILE=http://download.windowsupdate.com/msdownload/update/software/updt/2012/10/windows6.1-kb2592687-x64_f5cd9f3dab8cdbbf287fee84148e8ea69042bcc3.msu
RENAME=
SIZE=7134419
TYPE=HOTFIX(SVCPACK.INF)
CATEGORY=
TIE_UP=KB2574819
XOR_KEY=
SYNCHRO_KEY=
RELEASE=2012/10/16
RUN_ORDER=012
CMD=
DECODE=0
DECODE_TYPE=
DECODE_GET=
IEXPRESS=0
IEXPRESS_LIST=
IEXPRESS_CMD=
PREVIOUS_SP=
COMMENT=更新プログラム

[KB3004375]
TITLE=Windows 7 for x64-Based Systems 用セキュリティ更新プログラム (KB3004375)
INFO=http://support.microsoft.com/help/3004375
FILE=http://download.windowsupdate.com/c/msdownload/update/software/secu/2015/01/windows6.1-kb3004375-v3-x64_c4f55f4d06ce51e923bd0e269af11126c5e7196a.msu
RENAME=
SIZE=12198191
TYPE=HOTFIX(SVCPACK.INF)
CATEGORY=
TIE_UP=
XOR_KEY=
SYNCHRO_KEY=
RELEASE=2015/01/27
RUN_ORDER=013
CMD=
DECODE=0
DECODE_TYPE=
DECODE_GET=
IEXPRESS=0
IEXPRESS_LIST=
IEXPRESS_CMD=
PREVIOUS_SP=
COMMENT=セキュリティ更新プログラム

[KB2698365]
TITLE=Windows 7 for x64-Based Systems 用セキュリティ更新プログラム (KB2698365)
INFO=http://go.microsoft.com/fwlink/?LinkId=254441
FILE=http://download.windowsupdate.com/msdownload/update/software/secu/2012/06/windows6.1-kb2698365-x64_f3ad859582ad240c95b9ed867bc9b99e39d15ba9.msu
RENAME=
SIZE=2655215
TYPE=HOTFIX(SVCPACK.INF)
CATEGORY=
TIE_UP=
XOR_KEY=
SYNCHRO_KEY=
RELEASE=2012/06/18
RUN_ORDER=014
CMD=
DECODE=0
DECODE_TYPE=
DECODE_GET=
IEXPRESS=0
IEXPRESS_LIST=
IEXPRESS_CMD=
PREVIOUS_SP=
COMMENT=セキュリティ更新プログラム

[KB3123479]
TITLE=Windows 7 for x64-Based Systems 用セキュリティ更新プログラム (KB3123479)
INFO=http://support.microsoft.com/help/3123479
FILE=http://download.windowsupdate.com/d/msdownload/update/software/secu/2015/12/windows6.1-kb3123479-x64_f8d8752d60da493c119b5b03c6b54ffc5dbff69d.msu
RENAME=
SIZE=210644
TYPE=HOTFIX(SVCPACK.INF)
CATEGORY=
TIE_UP=
XOR_KEY=
SYNCHRO_KEY=
RELEASE=2015/12/16
RUN_ORDER=015
CMD=
DECODE=0
DECODE_TYPE=
DECODE_GET=
IEXPRESS=0
IEXPRESS_LIST=
IEXPRESS_CMD=
PREVIOUS_SP=
COMMENT=セキュリティ更新プログラム

[KB2984972]
TITLE=Windows 7 for x64-Based Systems 用セキュリティ更新プログラム (KB2984972)
INFO=http://support.microsoft.com/help/2984972
FILE=http://download.windowsupdate.com/c/msdownload/update/software/secu/2014/10/windows6.1-kb2984972-x64_2545620eadc06a0a3fd426b5853b2e0b48187599.msu
RENAME=
SIZE=11828222
TYPE=HOTFIX(SVCPACK.INF)
CATEGORY=
TIE_UP=
XOR_KEY=
SYNCHRO_KEY=
RELEASE=2014/10/02
RUN_ORDER=016
CMD=
DECODE=0
DECODE_TYPE=
DECODE_GET=
IEXPRESS=0
IEXPRESS_LIST=
IEXPRESS_CMD=
PREVIOUS_SP=
COMMENT=セキュリティ更新プログラム

[KB3155178]
TITLE=Windows 7 for x64-Based Systems 用セキュリティ更新プログラム (KB3155178)
INFO=http://support.microsoft.com/help/3155178
FILE=http://download.windowsupdate.com/c/msdownload/update/software/secu/2016/04/windows6.1-kb3155178-x64_5db0e41e4bb12253f5c9f9bc5c1431b1b6073bf8.msu
RENAME=
SIZE=2656864
TYPE=HOTFIX(SVCPACK.INF)
CATEGORY=
TIE_UP=
XOR_KEY=
SYNCHRO_KEY=
RELEASE=2016/04/21
RUN_ORDER=017
CMD=
DECODE=0
DECODE_TYPE=
DECODE_GET=
IEXPRESS=0
IEXPRESS_LIST=
IEXPRESS_CMD=
PREVIOUS_SP=
COMMENT=セキュリティ更新プログラム

[KB2545698]
TITLE=Windows 7 for x64-Based Systems 用更新プログラム (KB2545698)
INFO=http://support.microsoft.com/help/2545698
FILE=http://download.windowsupdate.com/msdownload/update/software/updt/2011/06/windows6.1-kb2545698-x64_51753a436cc6358b6e3e15db9b43ffc97d523fc9.msu
RENAME=
SIZE=2434517
TYPE=HOTFIX(SVCPACK.INF)
CATEGORY=
TIE_UP=
XOR_KEY=
SYNCHRO_KEY=
RELEASE=2011/06/19
RUN_ORDER=018
CMD=
DECODE=0
DECODE_TYPE=
DECODE_GET=
IEXPRESS=0
IEXPRESS_LIST=
IEXPRESS_CMD=
PREVIOUS_SP=
COMMENT=更新プログラム

[KB2547666]
TITLE=Windows 7 for x64-Based Systems 用更新プログラム (KB2547666)
INFO=http://support.microsoft.com/help/2547666
FILE=http://download.windowsupdate.com/msdownload/update/software/updt/2011/06/windows6.1-kb2547666-x64_28b78926b1b1a04a9867050ecb5e81857ebd5d66.msu
RENAME=
SIZE=4971993
TYPE=HOTFIX(SVCPACK.INF)
CATEGORY=
TIE_UP=
XOR_KEY=
SYNCHRO_KEY=
RELEASE=2011/06/19
RUN_ORDER=019
CMD=
DECODE=0
DECODE_TYPE=
DECODE_GET=
IEXPRESS=0
IEXPRESS_LIST=
IEXPRESS_CMD=
PREVIOUS_SP=
COMMENT=更新プログラム

[KB2603229]
TITLE=Windows 7 for x64-Based Systems 用更新プログラム (KB2603229)
INFO=http://support.microsoft.com/help/2603229
FILE=http://download.windowsupdate.com/msdownload/update/software/updt/2011/10/windows6.1-kb2603229-x64_aea29b57253c8f271d99b76f09839dbf1c0a7f86.msu
RENAME=
SIZE=198065
TYPE=HOTFIX(SVCPACK.INF)
CATEGORY=
TIE_UP=
XOR_KEY=
SYNCHRO_KEY=
RELEASE=2011/10/17
RUN_ORDER=020
CMD=
DECODE=0
DECODE_TYPE=
DECODE_GET=
IEXPRESS=0
IEXPRESS_LIST=
IEXPRESS_CMD=
PREVIOUS_SP=
COMMENT=更新プログラム：64bitのみ

[KB2667402]
TITLE=Windows 7 for x64-Based Systems 用セキュリティ更新プログラム (KB2667402)
INFO=http://go.microsoft.com/fwlink/?LinkId=232664
FILE=http://download.windowsupdate.com/msdownload/update/software/secu/2012/05/windows6.1-kb2667402-v2-x64_15c04bd5944cd9b34a294a25b96911057593c465.msu
RENAME=
SIZE=334419
TYPE=HOTFIX(SVCPACK.INF)
CATEGORY=
TIE_UP=
XOR_KEY=
SYNCHRO_KEY=
RELEASE=2012/05/23
RUN_ORDER=021
CMD=
DECODE=0
DECODE_TYPE=
DECODE_GET=
IEXPRESS=0
IEXPRESS_LIST=
IEXPRESS_CMD=
PREVIOUS_SP=
COMMENT=セキュリティ更新プログラム

[KB2676562]
TITLE=Windows 7 for x64-Based Systems 用セキュリティ更新プログラム (KB2676562)
INFO=http://go.microsoft.com/fwlink/?LinkId=244692
FILE=http://download.windowsupdate.com/msdownload/update/software/secu/2012/04/windows6.1-kb2676562-x64_446b9165a9a52540896cefb69f6de1d193416056.msu
RENAME=
SIZE=6864196
TYPE=HOTFIX(SVCPACK.INF)
CATEGORY=
TIE_UP=
XOR_KEY=
SYNCHRO_KEY=
RELEASE=2012/04/09
RUN_ORDER=022
CMD=
DECODE=0
DECODE_TYPE=
DECODE_GET=
IEXPRESS=0
IEXPRESS_LIST=
IEXPRESS_CMD=
PREVIOUS_SP=
COMMENT=セキュリティ更新プログラム

[KB2685811]
TITLE=x64 ベース システム Windows 7 用カーネル モード ドライバー フレームワーク (バージョン 1.11) の更新プログラム
INFO=http://support.microsoft.com/help/2685811
FILE=http://download.windowsupdate.com/msdownload/update/software/updt/2012/11/windows6.1-kb2685811-x64_191e09df632b70fd4f4b27d4cb9227f7c5a1c98c.msu
RENAME=
SIZE=810233
TYPE=HOTFIX(SVCPACK.INF)
CATEGORY=
TIE_UP=
XOR_KEY=
SYNCHRO_KEY=
RELEASE=2012/11/08
RUN_ORDER=023
CMD=
DECODE=0
DECODE_TYPE=
DECODE_GET=
IEXPRESS=0
IEXPRESS_LIST=
IEXPRESS_CMD=
PREVIOUS_SP=
COMMENT=カーネルモードドライバーフレームワーク

[KB2685813]
TITLE=x64 ベース システム Windows 7 用ユーザー モード ドライバー フレームワーク (バージョン 1.11) の更新プログラム (KB2685813)
INFO=http://support.microsoft.com/help/2685813
FILE=http://download.windowsupdate.com/msdownload/update/software/updt/2012/11/windows6.1-kb2685813-x64_22a969bada171678b0936bb320e6a7778e8adc07.msu
RENAME=
SIZE=1167438
TYPE=HOTFIX(SVCPACK.INF)
CATEGORY=
TIE_UP=
XOR_KEY=
SYNCHRO_KEY=
RELEASE=2012/11/08
RUN_ORDER=024
CMD=
DECODE=0
DECODE_TYPE=
DECODE_GET=
IEXPRESS=0
IEXPRESS_LIST=
IEXPRESS_CMD=
PREVIOUS_SP=
COMMENT=ユーザーモードドライバーフレームワーク

[KB2732059]
TITLE=Windows 7 for x64-Based Systems 用更新プログラム (KB2732059)
INFO=http://support.microsoft.com/help/2732059
FILE=http://download.windowsupdate.com/msdownload/update/software/updt/2012/09/windows6.1-kb2732059-v5-x64_102edb47f7704f3f1deb4ae6ace3f7e4f0ee9765.msu
RENAME=
SIZE=451815
TYPE=HOTFIX(SVCPACK.INF)
CATEGORY=
TIE_UP=
XOR_KEY=
SYNCHRO_KEY=
RELEASE=2012/09/19
RUN_ORDER=025
CMD=
DECODE=0
DECODE_TYPE=
DECODE_GET=
IEXPRESS=0
IEXPRESS_LIST=
IEXPRESS_CMD=
PREVIOUS_SP=
COMMENT=更新プログラム

[KB2750841]
TITLE=Windows 7 for x64-Based Systems 用更新プログラム (KB2750841)
INFO=http://support.microsoft.com/help/2750841
FILE=http://download.windowsupdate.com/msdownload/update/software/updt/2012/11/windows6.1-kb2750841-x64_bb08f9dbac0d72f1227b362ee503deda2f3dceb6.msu
RENAME=
SIZE=3138050
TYPE=HOTFIX(SVCPACK.INF)
CATEGORY=
TIE_UP=
XOR_KEY=
SYNCHRO_KEY=
RELEASE=2012/11/07
RUN_ORDER=026
CMD=
DECODE=0
DECODE_TYPE=
DECODE_GET=
IEXPRESS=0
IEXPRESS_LIST=
IEXPRESS_CMD=
PREVIOUS_SP=
COMMENT=更新プログラム

[KB2761217]
TITLE=Windows 7 for x64-Based Systems 用更新プログラム (KB2761217)
INFO=http://support.microsoft.com/help/2761217
FILE=http://download.windowsupdate.com/msdownload/update/software/updt/2012/11/windows6.1-kb2761217-x64_50d02b8fe1321e36a33545d7350730ced229d15a.msu
RENAME=
SIZE=2177370
TYPE=HOTFIX(SVCPACK.INF)
CATEGORY=
TIE_UP=
XOR_KEY=
SYNCHRO_KEY=
RELEASE=2012/11/07
RUN_ORDER=027
CMD=
DECODE=0
DECODE_TYPE=
DECODE_GET=
IEXPRESS=0
IEXPRESS_LIST=
IEXPRESS_CMD=
PREVIOUS_SP=
COMMENT=更新プログラム

[KB2773072]
TITLE=Windows 7 for x64-Based Systems 用更新プログラム (KB2773072)
INFO=http://support.microsoft.com/help/2773072
FILE=http://download.windowsupdate.com/msdownload/update/software/updt/2013/01/windows6.1-kb2773072-x64_8fb31aa027962522048bfd1d65398561f5232ce7.msu
RENAME=
SIZE=4572203
TYPE=HOTFIX(SVCPACK.INF)
CATEGORY=
TIE_UP=
XOR_KEY=
SYNCHRO_KEY=
RELEASE=2013/01/01
RUN_ORDER=028
CMD=
DECODE=0
DECODE_TYPE=
DECODE_GET=
IEXPRESS=0
IEXPRESS_LIST=
IEXPRESS_CMD=
PREVIOUS_SP=
COMMENT=更新プログラム

[KB2813347]
TITLE=Windows 7 for x64-Based Systems 用セキュリティ更新プログラム (KB2813347)
INFO=http://go.microsoft.com/fwlink/?LinkId=286679
FILE=http://download.windowsupdate.com/msdownload/update/software/secu/2013/03/windows6.1-kb2813347-x64_76a7cdfabd3778dc9b4ffb603bbb5d9eaf3143aa.msu
RENAME=
SIZE=4526794
TYPE=HOTFIX(SVCPACK.INF)
CATEGORY=
TIE_UP=
XOR_KEY=
SYNCHRO_KEY=
RELEASE=2013/03/21
RUN_ORDER=029
CMD=
DECODE=0
DECODE_TYPE=
DECODE_GET=
IEXPRESS=0
IEXPRESS_LIST=
IEXPRESS_CMD=
PREVIOUS_SP=
COMMENT=セキュリティ更新プログラム

[KB2862330]
TITLE=Windows 7 for x64-Based Systems 用セキュリティ更新プログラム (KB2862330)
INFO=http://support.microsoft.com/help/2862330
FILE=http://download.windowsupdate.com/c/msdownload/update/software/secu/2013/12/windows6.1-kb2862330-v2-x64_c1a8b768d8c22640d0a80966d124f441eb625934.msu
RENAME=
SIZE=569989
TYPE=HOTFIX(SVCPACK.INF)
CATEGORY=
TIE_UP=
XOR_KEY=
SYNCHRO_KEY=
RELEASE=2013/12/04
RUN_ORDER=030
CMD=
DECODE=0
DECODE_TYPE=
DECODE_GET=
IEXPRESS=0
IEXPRESS_LIST=
IEXPRESS_CMD=
PREVIOUS_SP=
COMMENT=セキュリティ更新プログラム

[KB2900986]
TITLE=Windows 7 for x64-based Systems の ActiveX Killbits に対する累積的なセキュリティ更新プログラム (KB2900986)
INFO=http://support.microsoft.com/help/2900986
FILE=http://download.windowsupdate.com/d/msdownload/update/software/secu/2013/11/windows6.1-kb2900986-x64_a56afda70b8208665280cb79d0a6704bb7dcc3bb.msu
RENAME=
SIZE=215577
TYPE=HOTFIX(SVCPACK.INF)
CATEGORY=
TIE_UP=
XOR_KEY=
SYNCHRO_KEY=
RELEASE=2013/11/07
RUN_ORDER=031
CMD=
DECODE=0
DECODE_TYPE=
DECODE_GET=
IEXPRESS=0
IEXPRESS_LIST=
IEXPRESS_CMD=
PREVIOUS_SP=
COMMENT=セキュリティ更新プログラム

[KB2919469]
TITLE=Windows 7 for x64-Based Systems 用更新プログラム (KB2919469)
INFO=http://support.microsoft.com/help/2919469
FILE=http://download.windowsupdate.com/c/msdownload/update/software/updt/2014/02/windows6.1-kb2919469-x64_86cda4c626b085836b92ee00a182f1c20bb93c7b.msu
RENAME=
SIZE=5692189
TYPE=HOTFIX(SVCPACK.INF)
CATEGORY=
TIE_UP=
XOR_KEY=
SYNCHRO_KEY=
RELEASE=2014/02/05
RUN_ORDER=032
CMD=
DECODE=0
DECODE_TYPE=
DECODE_GET=
IEXPRESS=0
IEXPRESS_LIST=
IEXPRESS_CMD=
PREVIOUS_SP=
COMMENT=更新プログラム

[KB2923545]
TITLE=Windows 7 for x64-Based Systems 用更新プログラム (KB2923545)
INFO=http://support.microsoft.com/help/2923545
FILE=http://download.windowsupdate.com/c/msdownload/update/software/updt/2014/02/windows6.1-kb2923545-x64_d263a19b8935efa334ef713cfbfecede3c51a3d1.msu
RENAME=
SIZE=5480096
TYPE=HOTFIX(SVCPACK.INF)
CATEGORY=
TIE_UP=KB2830477
XOR_KEY=
SYNCHRO_KEY=
RELEASE=2014/02/19
RUN_ORDER=033
CMD=
DECODE=0
DECODE_TYPE=
DECODE_GET=
IEXPRESS=0
IEXPRESS_LIST=
IEXPRESS_CMD=
PREVIOUS_SP=
COMMENT=更新プログラム

[KB2952664]
TITLE=Windows 7 for x64-Based Systems 用更新プログラム (KB2952664)
INFO=http://support.microsoft.com/help/2952664
FILE=http://download.windowsupdate.com/c/msdownload/update/software/crup/2018/07/windows6.1-kb2952664-v25-x64_9c592f060c857166bb548b021223ed4b4cfe4d37.msu
RENAME=
SIZE=7258969
TYPE=HOTFIX(SVCPACK.INF)
CATEGORY=
TIE_UP=
XOR_KEY=
SYNCHRO_KEY=
RELEASE=2018/07/05
RUN_ORDER=034
CMD=
DECODE=0
DECODE_TYPE=
DECODE_GET=
IEXPRESS=0
IEXPRESS_LIST=
IEXPRESS_CMD=
PREVIOUS_SP=
COMMENT=更新プログラム

[KB2970228]
TITLE=Windows 7 for x64-Based Systems 用更新プログラム (KB2970228)
INFO=http://support.microsoft.com/help/2970228
FILE=http://download.windowsupdate.com/d/msdownload/update/software/updt/2014/08/windows6.1-kb2970228-x64_929e88aa259841f7936be32c82da56bf2ba22f73.msu
RENAME=
SIZE=8441945
TYPE=HOTFIX(SVCPACK.INF)
CATEGORY=
TIE_UP=
XOR_KEY=
SYNCHRO_KEY=
RELEASE=2014/08/07
RUN_ORDER=035
CMD=
DECODE=0
DECODE_TYPE=
DECODE_GET=
IEXPRESS=0
IEXPRESS_LIST=
IEXPRESS_CMD=
PREVIOUS_SP=
COMMENT=更新プログラム

[KB3006137]
TITLE=Windows 7 for x64-Based Systems 用更新プログラム (KB3006137)
INFO=http://support.microsoft.com/help/3006137
FILE=http://download.windowsupdate.com/d/msdownload/update/software/updt/2015/02/windows6.1-kb3006137-x64_3e0f0b8edfd6cda0c37fba3575724c6e829cdda3.msu
RENAME=
SIZE=5611863
TYPE=HOTFIX(SVCPACK.INF)
CATEGORY=
TIE_UP=
XOR_KEY=
SYNCHRO_KEY=
RELEASE=2015/02/20
RUN_ORDER=036
CMD=
DECODE=0
DECODE_TYPE=
DECODE_GET=
IEXPRESS=0
IEXPRESS_LIST=
IEXPRESS_CMD=
PREVIOUS_SP=
COMMENT=更新プログラム

[KB3020388]
TITLE=Windows 7 for x64-Based Systems 用セキュリティ更新プログラム (KB3020388)
INFO=http://support.microsoft.com/help/3020388
FILE=http://download.windowsupdate.com/c/msdownload/update/software/secu/2014/12/windows6.1-kb3020388-x64_1627cf039f34cdbc63078c61e9fa7f1a78b284c0.msu
RENAME=
SIZE=247483
TYPE=HOTFIX(SVCPACK.INF)
CATEGORY=
TIE_UP=KB2830477
XOR_KEY=
SYNCHRO_KEY=
RELEASE=2014/12/17
RUN_ORDER=037
CMD=
DECODE=0
DECODE_TYPE=
DECODE_GET=
IEXPRESS=0
IEXPRESS_LIST=
IEXPRESS_CMD=
PREVIOUS_SP=
COMMENT=セキュリティ更新プログラム

[KB3021917]
TITLE=Windows 7 for x64-Based Systems 用更新プログラム (KB3021917)
INFO=http://support.microsoft.com/help/3021917
FILE=http://download.windowsupdate.com/d/msdownload/update/software/updt/2015/01/windows6.1-kb3021917-x64_d516fd2300ae1077ab2a5d899e31d795a52c2da0.msu
RENAME=
SIZE=605252
TYPE=HOTFIX(SVCPACK.INF)
CATEGORY=
TIE_UP=
XOR_KEY=
SYNCHRO_KEY=
RELEASE=2015/01/29
RUN_ORDER=038
CMD=
DECODE=0
DECODE_TYPE=
DECODE_GET=
IEXPRESS=0
IEXPRESS_LIST=
IEXPRESS_CMD=
PREVIOUS_SP=
COMMENT=更新プログラム

[KB3046269]
TITLE=Windows 7 for x64-Based Systems 用セキュリティ更新プログラム (KB3046269)
INFO=http://support.microsoft.com/help/3046269
FILE=http://download.windowsupdate.com/d/msdownload/update/software/secu/2015/03/windows6.1-kb3046269-x64_9cdabeb9c2a859414c27c4f981d6b1334aee0ad5.msu
RENAME=
SIZE=207188
TYPE=HOTFIX(SVCPACK.INF)
CATEGORY=
TIE_UP=
XOR_KEY=
SYNCHRO_KEY=
RELEASE=2015/03/23
RUN_ORDER=039
CMD=
DECODE=0
DECODE_TYPE=
DECODE_GET=
IEXPRESS=0
IEXPRESS_LIST=
IEXPRESS_CMD=
PREVIOUS_SP=
COMMENT=セキュリティ更新プログラム

[KB3059317]
TITLE=Windows 7 for x64-Based Systems 用セキュリティ更新プログラム (KB3059317)
INFO=http://support.microsoft.com/help/3059317
FILE=http://download.windowsupdate.com/d/msdownload/update/software/secu/2015/05/windows6.1-kb3059317-x64_b68db33239bddcb59e881252cfc7b79d58a2f26b.msu
RENAME=
SIZE=2322719
TYPE=HOTFIX(SVCPACK.INF)
CATEGORY=
TIE_UP=
XOR_KEY=
SYNCHRO_KEY=
RELEASE=2015/05/20
RUN_ORDER=040
CMD=
DECODE=0
DECODE_TYPE=
DECODE_GET=
IEXPRESS=0
IEXPRESS_LIST=
IEXPRESS_CMD=
PREVIOUS_SP=
COMMENT=セキュリティ更新プログラム

[KB3068708]
TITLE=Windows 7 for x64-Based Systems 用更新プログラム (KB3068708)
INFO=http://support.microsoft.com/help/3068708
FILE=http://download.windowsupdate.com/d/msdownload/update/software/updt/2015/06/windows6.1-kb3068708-x64_1ce8daca73621d47367242d57f4a9fd702d31df9.msu
RENAME=
SIZE=29176706
TYPE=HOTFIX(SVCPACK.INF)
CATEGORY=
TIE_UP=
XOR_KEY=
SYNCHRO_KEY=
RELEASE=2015/06/01
RUN_ORDER=041
CMD=
DECODE=0
DECODE_TYPE=
DECODE_GET=
IEXPRESS=0
IEXPRESS_LIST=
IEXPRESS_CMD=
PREVIOUS_SP=
COMMENT=更新プログラム

[KB3075226]
TITLE=Windows 7 for x64-Based Systems 用セキュリティ更新プログラム (KB3075226)
INFO=http://support.microsoft.com/help/3075226
FILE=http://download.windowsupdate.com/d/msdownload/update/software/secu/2015/07/windows6.1-kb3075226-x64_edcaa1b72946b2894f0a3debf08adb059d5a254b.msu
RENAME=
SIZE=5184347
TYPE=HOTFIX(SVCPACK.INF)
CATEGORY=
TIE_UP=KB2830477
XOR_KEY=
SYNCHRO_KEY=
RELEASE=2015/07/22
RUN_ORDER=042
CMD=
DECODE=0
DECODE_TYPE=
DECODE_GET=
IEXPRESS=0
IEXPRESS_LIST=
IEXPRESS_CMD=
PREVIOUS_SP=
COMMENT=セキュリティ更新プログラム

[KB3080149]
TITLE=Windows 7 for x64-Based Systems 用更新プログラム (KB3080149)
INFO=http://support.microsoft.com/help/3080149
FILE=http://download.windowsupdate.com/d/msdownload/update/software/updt/2015/08/windows6.1-kb3080149-x64_f25965cefd63a0188b1b6f4aad476a6bd28b68ce.msu
RENAME=
SIZE=17678484
TYPE=HOTFIX(SVCPACK.INF)
CATEGORY=
TIE_UP=
XOR_KEY=
SYNCHRO_KEY=
RELEASE=2015/08/14
RUN_ORDER=043
CMD=
DECODE=0
DECODE_TYPE=
DECODE_GET=
IEXPRESS=0
IEXPRESS_LIST=
IEXPRESS_CMD=
PREVIOUS_SP=
COMMENT=更新プログラム

[KB3118401]
TITLE=Windows 7 for x64-Based Systems 用更新プログラム (KB3118401)
INFO=http://support.microsoft.com/help/3118401
FILE=http://download.windowsupdate.com/d/msdownload/update/software/updt/2016/02/windows6.1-kb3118401-x64_99153d75ee4d103a429464cdd9c63ef4e4957140.msu
RENAME=
SIZE=1047061
TYPE=HOTFIX(SVCPACK.INF)
CATEGORY=
TIE_UP=
XOR_KEY=
SYNCHRO_KEY=
RELEASE=2016/02/09
RUN_ORDER=044
CMD=
DECODE=0
DECODE_TYPE=
DECODE_GET=
IEXPRESS=0
IEXPRESS_LIST=
IEXPRESS_CMD=
PREVIOUS_SP=
COMMENT=更新プログラム

[KB3138612]
TITLE=Windows 7 for x64-Based Systems 用更新プログラム (KB3138612)
INFO=http://support.microsoft.com/help/3138612
FILE=http://download.windowsupdate.com/d/msdownload/update/software/updt/2016/02/windows6.1-kb3138612-x64_f7b1de8ea7cf8faf57b0138c4068d2e899e2b266.msu
RENAME=
SIZE=3319424
TYPE=HOTFIX(SVCPACK.INF)
CATEGORY=
TIE_UP=
XOR_KEY=
SYNCHRO_KEY=
RELEASE=2016/02/29
RUN_ORDER=045
CMD=
DECODE=0
DECODE_TYPE=
DECODE_GET=
IEXPRESS=0
IEXPRESS_LIST=
IEXPRESS_CMD=
PREVIOUS_SP=
COMMENT=更新プログラム

[KB3150513]
TITLE=Windows 7 for x64-Based Systems 用更新プログラム (KB3150513)
INFO=http://support.microsoft.com/help/3150513
FILE=http://download.windowsupdate.com/d/msdownload/update/software/updt/2016/05/windows6.1-kb3150513-x64_6cbb71abc859a82acd6842b5765ab43f981c08e5.msu
RENAME=
SIZE=1512600
TYPE=HOTFIX(SVCPACK.INF)
CATEGORY=
TIE_UP=
XOR_KEY=
SYNCHRO_KEY=
RELEASE=2016/05/10
RUN_ORDER=046
CMD=
DECODE=0
DECODE_TYPE=
DECODE_GET=
IEXPRESS=0
IEXPRESS_LIST=
IEXPRESS_CMD=
PREVIOUS_SP=
COMMENT=更新プログラム

[KB3156016]
TITLE=Windows 7 for x64-Based Systems 用セキュリティ更新プログラム (KB3156016)
INFO=http://support.microsoft.com/help/3156016
FILE=http://download.windowsupdate.com/c/msdownload/update/software/secu/2016/04/windows6.1-kb3156016-x64_97fa9ecb5f3a03a0739c6baeea3d9371c1474a6a.msu
RENAME=
SIZE=925945
TYPE=HOTFIX(SVCPACK.INF)
CATEGORY=
TIE_UP=
XOR_KEY=
SYNCHRO_KEY=
RELEASE=2016/04/21
RUN_ORDER=047
CMD=
DECODE=0
DECODE_TYPE=
DECODE_GET=
IEXPRESS=0
IEXPRESS_LIST=
IEXPRESS_CMD=
PREVIOUS_SP=
COMMENT=セキュリティ更新プログラム

[KB3159398]
TITLE=Windows 7 for x64-Based Systems 用セキュリティ更新プログラム (KB3159398)
INFO=http://support.microsoft.com/help/3159398
FILE=http://download.windowsupdate.com/d/msdownload/update/software/secu/2016/05/windows6.1-kb3159398-x64_dc2b2c11af4b38b0b632bd7f6d683d57a93b711c.msu
RENAME=
SIZE=1858318
TYPE=HOTFIX(SVCPACK.INF)
CATEGORY=
TIE_UP=
XOR_KEY=
SYNCHRO_KEY=
RELEASE=2016/05/24
RUN_ORDER=048
CMD=
DECODE=0
DECODE_TYPE=
DECODE_GET=
IEXPRESS=0
IEXPRESS_LIST=
IEXPRESS_CMD=
PREVIOUS_SP=
COMMENT=セキュリティ更新プログラム

[KB3161102]
TITLE=Windows 7 for x64-Based Systems 用更新プログラム (KB3161102)
INFO=http://support.microsoft.com/help/3161102
FILE=http://download.windowsupdate.com/d/msdownload/update/software/updt/2016/07/windows6.1-kb3161102-x64_3ade1fbc413cae1afc0d3f1e1d10379ef4b44aad.msu
RENAME=
SIZE=310691
TYPE=HOTFIX(SVCPACK.INF)
CATEGORY=
TIE_UP=
XOR_KEY=
SYNCHRO_KEY=
RELEASE=2016/07/25
RUN_ORDER=049
CMD=
DECODE=0
DECODE_TYPE=
DECODE_GET=
IEXPRESS=0
IEXPRESS_LIST=
IEXPRESS_CMD=
PREVIOUS_SP=
COMMENT=更新プログラム

[KB3161949]
TITLE=Windows 7 for x64-Based Systems 用セキュリティ更新プログラム (KB3161949)
INFO=http://support.microsoft.com/help/3161949
FILE=http://download.windowsupdate.com/c/msdownload/update/software/secu/2016/05/windows6.1-kb3161949-x64_e2372fb5746e9474cec6ef1710f8d58ec5c6c000.msu
RENAME=
SIZE=1169957
TYPE=HOTFIX(SVCPACK.INF)
CATEGORY=
TIE_UP=
XOR_KEY=
SYNCHRO_KEY=
RELEASE=2016/05/24
RUN_ORDER=050
CMD=
DECODE=0
DECODE_TYPE=
DECODE_GET=
IEXPRESS=0
IEXPRESS_LIST=
IEXPRESS_CMD=
PREVIOUS_SP=
COMMENT=セキュリティ更新プログラム

[KB3170735]
TITLE=Windows 7 for x64-Based Systems 用更新プログラム (KB3170735)
INFO=http://support.microsoft.com/help/3170735
FILE=http://download.windowsupdate.com/d/msdownload/update/software/updt/2016/07/windows6.1-kb3170735-x64_f3acca0567bdc906ba7ef05d3d75550bb34db0cd.msu
RENAME=
SIZE=2983180
TYPE=HOTFIX(SVCPACK.INF)
CATEGORY=
TIE_UP=
XOR_KEY=
SYNCHRO_KEY=
RELEASE=2016/07/02
RUN_ORDER=051
CMD=
DECODE=0
DECODE_TYPE=
DECODE_GET=
IEXPRESS=0
IEXPRESS_LIST=
IEXPRESS_CMD=
PREVIOUS_SP=
COMMENT=更新プログラム

[KB3172605]
TITLE=Windows 7 for x64-Based Systems 用更新プログラム (KB3172605)
INFO=http://support.microsoft.com/help/3172605
FILE=http://download.windowsupdate.com/d/msdownload/update/software/updt/2016/09/windows6.1-kb3172605-x64_2bb9bc55f347eee34b1454b50c436eb6fd9301fc.msu
RENAME=
SIZE=30678976
TYPE=HOTFIX(SVCPACK.INF)
CATEGORY=
TIE_UP=
XOR_KEY=
SYNCHRO_KEY=
RELEASE=2016/09/09
RUN_ORDER=052
CMD=
DECODE=0
DECODE_TYPE=
DECODE_GET=
IEXPRESS=0
IEXPRESS_LIST=
IEXPRESS_CMD=
PREVIOUS_SP=
COMMENT=更新プログラム

[KB3179573]
TITLE=Windows 7 for x64-Based Systems 用更新プログラム (KB3179573)
INFO=http://support.microsoft.com/help/3179573
FILE=http://download.windowsupdate.com/c/msdownload/update/software/updt/2016/07/windows6.1-kb3179573-x64_0ec541490b3f7b02e41f26cb2c444cbd9e13df4d.msu
RENAME=
SIZE=2436005
TYPE=HOTFIX(SVCPACK.INF)
CATEGORY=
TIE_UP=
XOR_KEY=
SYNCHRO_KEY=
RELEASE=2016/07/29
RUN_ORDER=053
CMD=
DECODE=0
DECODE_TYPE=
DECODE_GET=
IEXPRESS=0
IEXPRESS_LIST=
IEXPRESS_CMD=
PREVIOUS_SP=
COMMENT=更新プログラム

[KB3184143]
TITLE=Windows 7 for x64-Based Systems 用更新プログラム (KB3184143)
INFO=http://support.microsoft.com/help/3184143
FILE=http://download.windowsupdate.com/d/msdownload/update/software/updt/2016/09/windows6.1-kb3184143-x64_6db4ed132eacefab0f780ef5ce4611ffe4f577a4.msu
RENAME=
SIZE=10315218
TYPE=HOTFIX(SVCPACK.INF)
CATEGORY=
TIE_UP=
XOR_KEY=
SYNCHRO_KEY=
RELEASE=2016/09/07
RUN_ORDER=054
CMD=
DECODE=0
DECODE_TYPE=
DECODE_GET=
IEXPRESS=0
IEXPRESS_LIST=
IEXPRESS_CMD=
PREVIOUS_SP=
COMMENT=更新プログラム

[KB3185319]
TITLE=Windows 7 for x64-based Systems 用 Internet Explorer 11 の累積的なセキュリティ更新プログラム (KB3185319)
INFO=http://support.microsoft.com/help/3185319
FILE=http://download.windowsupdate.com/c/msdownload/update/software/secu/2016/09/ie11-windows6.1-kb3185319-x64_fc0fd52e6ce28c212c2ce5b3dd13cf5fbcb95ca5.msu
RENAME=
SIZE=54701011
TYPE=HOTFIX(SVCPACK.INF)
CATEGORY=
TIE_UP=IE11
XOR_KEY=
SYNCHRO_KEY=
RELEASE=2016/09/08
RUN_ORDER=055
CMD=
DECODE=0
DECODE_TYPE=
DECODE_GET=
IEXPRESS=0
IEXPRESS_LIST=
IEXPRESS_CMD=
PREVIOUS_SP=
COMMENT=Internet Explorer 11 用セキュリティ更新プログラム

[KB3102429]
TITLE=Windows 7 for x64-Based Systems 用更新プログラム (KB3102429)
INFO=http://support.microsoft.com/help/3102429
FILE=http://download.windowsupdate.com/d/msdownload/update/software/updt/2016/01/windows6.1-kb3102429-v2-x64_fbf07105ff35e936f413663e0f4900cb7055368a.msu
RENAME=
SIZE=18937565
TYPE=HOTFIX(SVCPACK.INF)
CATEGORY=
TIE_UP=
XOR_KEY=
SYNCHRO_KEY=
RELEASE=2016/01/09
RUN_ORDER=056
CMD=
DECODE=0
DECODE_TYPE=
DECODE_GET=
IEXPRESS=0
IEXPRESS_LIST=
IEXPRESS_CMD=
PREVIOUS_SP=
COMMENT=更新プログラム

[KB4019990]
TITLE=Windows 7 for x64-Based Systems 用更新プログラム (KB4019990)
INFO=http://support.microsoft.com/help/4019990
FILE=http://download.windowsupdate.com/c/msdownload/update/software/updt/2017/05/windows6.1-kb4019990-x64_35cc310e81ef23439ba0ec1f11d7b71dd34adfe5.msu
RENAME=
SIZE=2873529
TYPE=HOTFIX(SVCPACK.INF)
CATEGORY=
TIE_UP=
XOR_KEY=
SYNCHRO_KEY=
RELEASE=2017/05/11
RUN_ORDER=057
CMD=
DECODE=0
DECODE_TYPE=
DECODE_GET=
IEXPRESS=0
IEXPRESS_LIST=
IEXPRESS_CMD=
PREVIOUS_SP=
COMMENT=更新プログラム

[KB3125574]
TITLE=Windows 7 for x64-Based Systems 用更新プログラム (KB3125574)
INFO=http://support.microsoft.com/help/3125574
FILE=http://download.windowsupdate.com/d/msdownload/update/software/updt/2016/05/windows6.1-kb3125574-v4-x64_2dafb1d203c8964239af3048b5dd4b1264cd93b9.msu
RENAME=
SIZE=500046015
TYPE=HOTFIX(SVCPACK.INF)
CATEGORY=
TIE_UP=KB976932;KB3020369
XOR_KEY=
SYNCHRO_KEY=
RELEASE=2016/05/12
RUN_ORDER=058
CMD=
DECODE=0
DECODE_TYPE=
DECODE_GET=
IEXPRESS=0
IEXPRESS_LIST=
IEXPRESS_CMD=
PREVIOUS_SP=
COMMENT=更新プログラム

[KB4054518]
TITLE=2017-12 x64 ベース システム用 Windows 7 向けセキュリティ マンスリー品質ロールアップ (KB4054518)
INFO=http://support.microsoft.com/help/4054518
FILE=http://download.windowsupdate.com/c/msdownload/update/software/secu/2017/11/windows6.1-kb4054518-x64_290d02e1edc77bd5e809f867fc683d2ff4bf6df8.msu
RENAME=
SIZE=214638649
TYPE=HOTFIX(SVCPACK.INF)
CATEGORY=
TIE_UP=
XOR_KEY=
SYNCHRO_KEY=
RELEASE=2017/11/30
RUN_ORDER=059
CMD=
DECODE=0
DECODE_TYPE=
DECODE_GET=
IEXPRESS=0
IEXPRESS_LIST=
IEXPRESS_CMD=
PREVIOUS_SP=
COMMENT=セキュリティ マンスリー品質ロールアップ

[KB4474419]
TITLE=2019-09 x64 ベース システム用 Windows 7 のセキュリティ更新プログラム (KB4474419)
INFO=http://support.microsoft.com/help/4474419
FILE=http://download.windowsupdate.com/c/msdownload/update/software/secu/2019/09/windows6.1-kb4474419-v3-x64_b5614c6cea5cb4e198717789633dca16308ef79c.msu
RENAME=
SIZE=55853327
TYPE=HOTFIX(SVCPACK.INF)
CATEGORY=
TIE_UP=
XOR_KEY=
SYNCHRO_KEY=
RELEASE=2019/09/02
RUN_ORDER=060
CMD=
DECODE=0
DECODE_TYPE=
DECODE_GET=
IEXPRESS=0
IEXPRESS_LIST=
IEXPRESS_CMD=
PREVIOUS_SP=
COMMENT=セキュリティ更新プログラム

[KB4534310]
TITLE=2020-01 x64 ベース システム用 Windows 7 向けセキュリティ マンスリー品質ロールアップ (KB4534310)
INFO=http://support.microsoft.com/help/4534310
FILE=http://download.windowsupdate.com/c/msdownload/update/software/secu/2020/01/windows6.1-kb4534310-x64_4dc78a6eeb14e2eac1ede7381f4a93658c8e2cdc.msu
RENAME=
SIZE=329224110
TYPE=HOTFIX(SVCPACK.INF)
CATEGORY=
TIE_UP=
XOR_KEY=
SYNCHRO_KEY=
RELEASE=2020/01/07
RUN_ORDER=061
CMD=
DECODE=0
DECODE_TYPE=
DECODE_GET=
IEXPRESS=0
IEXPRESS_LIST=
IEXPRESS_CMD=
PREVIOUS_SP=
COMMENT=セキュリティマンスリー品質ロールアップ

[KB4539601]
TITLE=2020-01 x64 ベース システム用 Windows 7 向けマンスリー品質ロールアップのプレビュー (KB4539601)
INFO=http://support.microsoft.com/help/4539601
FILE=http://download.windowsupdate.com/c/msdownload/update/software/updt/2020/01/windows6.1-kb4539601-x64_fb3f59fb0b1d3a4abf4a35230aa88a06996c4a4a.msu
RENAME=
SIZE=329310149
TYPE=HOTFIX(SVCPACK.INF)
CATEGORY=
TIE_UP=
XOR_KEY=
SYNCHRO_KEY=
RELEASE=2020/01/31
RUN_ORDER=062
CMD=
DECODE=0
DECODE_TYPE=
DECODE_GET=
IEXPRESS=0
IEXPRESS_LIST=
IEXPRESS_CMD=
PREVIOUS_SP=
COMMENT=マンスリー品質ロールアップ

[KB4503548]
TITLE=Windows 7 x64 用 Microsoft .NET Framework 4.8 (KB4503548)
INFO=http://support.microsoft.com/help/4503548
FILE=http://download.windowsupdate.com/c/msdownload/update/software/ftpk/2019/08/ndp48-x86-x64-enu_0885a72554ca76d2cd3ad76f98878f22b6a1d0b2.exe
RENAME=
SIZE=54492616
TYPE=HOTFIX(SVCPACK.INF)
CATEGORY=
TIE_UP=
XOR_KEY=
SYNCHRO_KEY=
RELEASE=2019/08/06
RUN_ORDER=063
CMD=/norestart /passive
DECODE=0
DECODE_TYPE=
DECODE_GET=
IEXPRESS=0
IEXPRESS_LIST=
IEXPRESS_CMD=
PREVIOUS_SP=
COMMENT=.NET Framework 4.8

[KB4497410]
TITLE=Windows 7 および Server 2008 R2 用 Microsoft .NET Framework 4.8 言語パック (KB4497410)
INFO=http://support.microsoft.com/help/4497410
FILE=http://download.windowsupdate.com/d/msdownload/update/software/ftpk/2019/08/ndp48-x86-x64-allos-jpn_5db56388695ff8728de328da002f70ee8c441bd7.exe
RENAME=
SIZE=5802184
TYPE=HOTFIX(SVCPACK.INF)
CATEGORY=
TIE_UP=KB4503548
XOR_KEY=
SYNCHRO_KEY=
RELEASE=2019/08/07
RUN_ORDER=064
CMD=/norestart /passive
DECODE=0
DECODE_TYPE=
DECODE_GET=
IEXPRESS=0
IEXPRESS_LIST=
IEXPRESS_CMD=
PREVIOUS_SP=
COMMENT=.NET Framework 4.8 言語パック

[KB2894844]
TITLE=Microsoft .NET Framework 3.5.1 のセキュリティ更新プログラム (x64 ベース システム用 Windows 7 および x64 ベース システム用 Windows Server 2008 R2 SP1 向け) (KB2894844)
INFO=http://support.microsoft.com/help/2894844
FILE=http://download.windowsupdate.com/c/msdownload/update/software/secu/2014/08/windows6.1-kb2894844-x64_71b051d4b2eae12423868e28b0e5b04a9e10c048.msu
RENAME=
SIZE=4657042
TYPE=HOTFIX(SVCPACK.INF)
CATEGORY=
TIE_UP=
XOR_KEY=
SYNCHRO_KEY=
RELEASE=2014/08/19
RUN_ORDER=065
CMD=
DECODE=0
DECODE_TYPE=
DECODE_GET=
IEXPRESS=0
IEXPRESS_LIST=
IEXPRESS_CMD=
PREVIOUS_SP=
COMMENT=.NET用セキュリティ更新プログラム

[KB3031432]
TITLE=Windows 7 for x64-Based Systems 用セキュリティ更新プログラム (KB3031432)
INFO=http://support.microsoft.com/help/3031432
FILE=http://download.windowsupdate.com/c/msdownload/update/software/secu/2015/01/windows6.1-kb3031432-x64_e648abe279c8b0095a57271ffbab5d5d376da558.msu
RENAME=
SIZE=6673592
TYPE=HOTFIX(SVCPACK.INF)
CATEGORY=
TIE_UP=
XOR_KEY=
SYNCHRO_KEY=
RELEASE=2015/01/21
RUN_ORDER=066
CMD=
DECODE=0
DECODE_TYPE=
DECODE_GET=
IEXPRESS=0
IEXPRESS_LIST=
IEXPRESS_CMD=
PREVIOUS_SP=
COMMENT=セキュリティ更新プログラム

[KB4049016]
TITLE=2017-11 x64 用 Windows 7 および Server 2008 R2 の .NET Framework 3.5.1、4.5.2、4.6、4.6.1、4.6.2、4.7 用セキュリティおよび品質ロールアップ (KB4049016)
INFO=http://support.microsoft.com/help/4049016
FILE=http://download.windowsupdate.com/c/msdownload/update/software/secu/2017/09/windows6.1-kb4040980-x64_83282fb5210091802984ead0d4175879056d602c.msu
RENAME=
SIZE=19995690
TYPE=HOTFIX(SVCPACK.INF)
CATEGORY=
TIE_UP=
XOR_KEY=
SYNCHRO_KEY=
RELEASE=2017/09/08
RUN_ORDER=067
CMD=
DECODE=0
DECODE_TYPE=
DECODE_GET=
IEXPRESS=0
IEXPRESS_LIST=
IEXPRESS_CMD=
PREVIOUS_SP=
COMMENT=.NET用セキュリティおよび品質ロールアップ

[KB4532945]
TITLE=2020-01 x64 用 Windows 7 および Server 2008 R2 の .NET Framework 3.5.1 用セキュリティおよび品質ロールアップ (KB4532945)
INFO=http://support.microsoft.com/help/4532945
FILE=http://download.windowsupdate.com/c/msdownload/update/software/secu/2020/01/windows6.1-kb4532945-x64_d070fb06c4c56f70e4d2e891181028fa7c35694d.msu
RENAME=
SIZE=24453794
TYPE=HOTFIX(SVCPACK.INF)
CATEGORY=
TIE_UP=
XOR_KEY=
SYNCHRO_KEY=
RELEASE=2020/01/03
RUN_ORDER=068
CMD=
DECODE=0
DECODE_TYPE=
DECODE_GET=
IEXPRESS=0
IEXPRESS_LIST=
IEXPRESS_CMD=
PREVIOUS_SP=
COMMENT=.NET用セキュリティおよび品質ロールアップ

[KB4532941]
TITLE=2020-01 Windows 7 および Server 2008 R2 (x64 版) 用 .NET Framework 4.8 のセキュリティおよび品質ロールアップ (KB4532941)
INFO=http://support.microsoft.com/help/4532941
FILE=http://download.windowsupdate.com/c/msdownload/update/software/secu/2020/01/ndp48-kb4532941-x64_3220ceb5d24711680ceb3dfef6d7847305185ea2.exe
RENAME=
SIZE=37642624
TYPE=HOTFIX(SVCPACK.INF)
CATEGORY=
TIE_UP=
XOR_KEY=
SYNCHRO_KEY=
RELEASE=2020/01/03
RUN_ORDER=069
CMD=/norestart /passive
DECODE=0
DECODE_TYPE=
DECODE_GET=
IEXPRESS=0
IEXPRESS_LIST=
IEXPRESS_CMD=
PREVIOUS_SP=
COMMENT=.NET用セキュリティおよび品質ロールアップ

[KB947821]
TITLE=x64 ベース システム用 Windows 7 のシステム更新準備ツール (KB947821) [2014 年 10 月]
INFO=http://support.microsoft.com/kb/947821
FILE=http://download.windowsupdate.com/d/msdownload/update/software/crup/2014/10/windows6.1-kb947821-v34-x64_cc4a605bcda8288af75983312e8fb25367e98fdd.msu
RENAME=
SIZE=564744309
TYPE=HOTFIX(SVCPACK.INF)
CATEGORY=
TIE_UP=
XOR_KEY=
SYNCHRO_KEY=
RELEASE=2014/10/23
RUN_ORDER=070
CMD=
DECODE=0
DECODE_TYPE=
DECODE_GET=
IEXPRESS=0
IEXPRESS_LIST=
IEXPRESS_CMD=
PREVIOUS_SP=
COMMENT=システム更新準備ツール

[KB2533552]
TITLE=x64 ベース システム用 Windows 7 Service Pack 1 (KB976932)
INFO=http://support.microsoft.com/help/976932
FILE=http://download.windowsupdate.com/msdownload/update/software/crup/2011/05/windows6.1-kb2533552-x64_0ba5ac38d4e1c9588a1e53ad390d23c1e4ecd04d.msu
RENAME=
SIZE=9676358
TYPE=HOTFIX(SVCPACK.INF)
CATEGORY=
TIE_UP=KB976932
XOR_KEY=
SYNCHRO_KEY=
RELEASE=2011/05/04
RUN_ORDER=071
CMD=
DECODE=0
DECODE_TYPE=
DECODE_GET=
IEXPRESS=0
IEXPRESS_LIST=
IEXPRESS_CMD=
PREVIOUS_SP=
COMMENT=Service Pack 1

[EDGE]
TITLE=Download and deploy the new Microsoft Edge for business
INFO=http://www.microsoft.com/en-us/edge/business/download
FILE=http://go.microsoft.com/fwlink/?LinkID=2093437
RENAME=MicrosoftEdgeEnterprise-x64.msi
SIZE=1
TYPE=HOTFIX(SVCPACK.INF)
CATEGORY=
TIE_UP=
XOR_KEY=
SYNCHRO_KEY=
RELEASE=
RUN_ORDER=072
CMD=/quiet /norestart
DECODE=0
DECODE_TYPE=
DECODE_GET=
IEXPRESS=0
IEXPRESS_LIST=
IEXPRESS_CMD=
PREVIOUS_SP=
COMMENT=new Microsoft Edge

[KB890830]
TITLE=悪意のあるソフトウェアの削除ツール x64 - v5.84 (KB890830)
INFO=http://support.microsoft.com/help/890830
FILE=http://download.windowsupdate.com/d/msdownload/update/software/uprl/2020/11/windows-kb890830-x64-v5.84_e2e371dfabc01c0f6fe097da99353ea860db64a5.exe
RENAME=
SIZE=37018880
TYPE=HOTFIX(SVCPACK.INF)
CATEGORY=
TIE_UP=
XOR_KEY=
SYNCHRO_KEY=
RELEASE=2020/11/04
RUN_ORDER=073
CMD=/x
DECODE=0
DECODE_TYPE=
DECODE_GET=
IEXPRESS=0
IEXPRESS_LIST=
IEXPRESS_CMD=
PREVIOUS_SP=
COMMENT=悪意のあるソフトウェアの削除ツール

[KB4481252]
TITLE=Microsoft Silverlight (KB4481252)
INFO=http://support.microsoft.com/help/4481252/
FILE=http://download.windowsupdate.com/d/msdownload/update/software/ftpk/2019/01/silverlight_x64_16cfdfe075ee9249845eccff913acc4386a0a1e6.exe
RENAME=
SIZE=13153080
TYPE=HOTFIX(SVCPACK.INF)
CATEGORY=
TIE_UP=
XOR_KEY=
SYNCHRO_KEY=
RELEASE=2019/01/02
RUN_ORDER=074
CMD=/q
DECODE=0
DECODE_TYPE=
DECODE_GET=
IEXPRESS=0
IEXPRESS_LIST=
IEXPRESS_CMD=
PREVIOUS_SP=
COMMENT=Microsoft Silverlight

[MSE]
TITLE=Microsoft Security Essentials
INFO=http://www.microsoft.com/ja-jp/download/details.aspx?id=5201
FILE=http://download.microsoft.com/download/6/B/A/6BA6CAB0-DDB8-4DDD-88E3-F707D96E84D7/JAJP/amd64/MSEInstall.exe
RENAME=MSEInstall-x64.exe
SIZE=15090872
TYPE=HOTFIX(SVCPACK.INF)
CATEGORY=
TIE_UP=
XOR_KEY=
SYNCHRO_KEY=
RELEASE=2018/10/13
RUN_ORDER=075
CMD=/s /runwgacheck /o
DECODE=0
DECODE_TYPE=
DECODE_GET=
IEXPRESS=0
IEXPRESS_LIST=
IEXPRESS_CMD=
PREVIOUS_SP=
COMMENT=Microsoft Security Essentials

[MSE_DUP]
TITLE=Microsoft Security Essentials のセキュリティ インテリジェンス更新プログラム - KB2310138
INFO=http://www.microsoft.com/en-us/wdsi/defenderupdates
FILE=http://go.microsoft.com/fwlink/?LinkID=121721&arch=x64
RENAME=mpam-fe-x64.exe
SIZE=1
TYPE=HOTFIX(SVCPACK.INF)
CATEGORY=
TIE_UP=MSE
XOR_KEY=
SYNCHRO_KEY=
RELEASE=2019/04/10
RUN_ORDER=076
CMD=-q
DECODE=0
DECODE_TYPE=
DECODE_GET=
IEXPRESS=0
IEXPRESS_LIST=
IEXPRESS_CMD=
PREVIOUS_SP=
COMMENT=セキュリティ インテリジェンス更新プログラム

[KB915597]
TITLE=Windows Defender in Windows 7 and Windows Vista
INFO=http://www.microsoft.com/en-us/wdsi/defenderupdates
FILE=http://go.microsoft.com/fwlink/?LinkID=121721&clcid=0x409&arch=x64&eng=0.0.0.0&avdelta=0.0.0.0&asdelta=0.0.0.0&prod=925A3ACA-C353-458A-AC8D-A7E5EB378092
RENAME=mpas-fe-x64.exe
SIZE=1
TYPE=HOTFIX(SVCPACK.INF)
CATEGORY=
TIE_UP=
XOR_KEY=
SYNCHRO_KEY=
RELEASE=2020/01/14
RUN_ORDER=077
CMD=-q
DECODE=0
DECODE_TYPE=
DECODE_GET=
IEXPRESS=0
IEXPRESS_LIST=
IEXPRESS_CMD=
PREVIOUS_SP=
COMMENT=Windows Defender
