[INFO]
VERSION=0.103.0
SOFTWARE=Windows 10 x64
TARGET=None
LANGUAGE=Japanese
NAME=Jun Itou
COMMENT=ìùçáDVDçÏê¨óp 2020/11

[LIST]
COUNT=4
1=ZIP_X86
2=ZIP_X64
3=CURL_X86
4=CURL_X64

[ZIP_X86]
TITLE=7-Zip x86
INFO=https://sevenzip.osdn.jp/
FILE=https://jaist.dl.osdn.jp/sevenzip/70662/7z1900.msi
RENAME=7z1900-x86.msi
SIZE=1369600
TYPE=HOTFIX(SVCPACK.INF)
CATEGORY=
TIE_UP=
XOR_KEY=
SYNCHRO_KEY=
RELEASE=2019/02/22
RUN_ORDER=001
CMD=
DECODE=
DECODE_TYPE=
DECODE_GET=
IEXPRESS=
IEXPRESS_LIST=
IEXPRESS_CMD=
PREVIOUS_SP=
COMMENT=

[ZIP_X64]
TITLE=7-Zip x64
INFO=https://sevenzip.osdn.jp/
FILE=https://jaist.dl.osdn.jp/sevenzip/70662/7z1900-x64.msi
RENAME=7z1900-x64.msi
SIZE=1748480
TYPE=HOTFIX(SVCPACK.INF)
CATEGORY=
TIE_UP=
XOR_KEY=
SYNCHRO_KEY=
RELEASE=2019/02/22
RUN_ORDER=002
CMD=
DECODE=
DECODE_TYPE=
DECODE_GET=
IEXPRESS=
IEXPRESS_LIST=
IEXPRESS_CMD=
PREVIOUS_SP=
COMMENT=

[CURL_X86]
TITLE=curl for Windows 32 bit
INFO=https://curl.haxx.se/
FILE=https://curl.haxx.se/windows/dl-7.73.0/curl-7.73.0-win32-mingw.zip
RENAME=
SIZE=3231862
TYPE=HOTFIX(SVCPACK.INF)
CATEGORY=
TIE_UP=
XOR_KEY=
SYNCHRO_KEY=
RELEASE=2020/10/14
RUN_ORDER=003
CMD=
DECODE=
DECODE_TYPE=
DECODE_GET=
IEXPRESS=
IEXPRESS_LIST=
IEXPRESS_CMD=
PREVIOUS_SP=
COMMENT=

[CURL_X64]
TITLE=curl for Windows 64 bit
INFO=https://curl.haxx.se/
FILE=https://curl.haxx.se/windows/dl-7.73.0/curl-7.73.0-win64-mingw.zip
RENAME=
SIZE=3529249
TYPE=HOTFIX(SVCPACK.INF)
CATEGORY=
TIE_UP=
XOR_KEY=
SYNCHRO_KEY=
RELEASE=2020/10/14
RUN_ORDER=004
CMD=
DECODE=
DECODE_TYPE=
DECODE_GET=
IEXPRESS=
IEXPRESS_LIST=
IEXPRESS_CMD=
PREVIOUS_SP=
COMMENT=
