[INFO]
VERSION=0.103.0
SOFTWARE=Windows 10 x64
TARGET=None
LANGUAGE=Japanese
NAME=Jun Itou
COMMENT=統合DVD作成用 2020/11 Version 20H2用

[LIST]
COUNT=12
1=KB4586864
2=KB4586853
3=KB4580325
4=KB4589212
5=KB4586876
6=KB4579305
7=KB4586858
8=KB4594440
9=KB4052623_201007
10=KB4052623_200110
11=KB890830
12=WDA_DUP

[KB4586864]
TITLE=2020-11 x64 ベース システム用 Windows 10 Version 20H2 サービス スタック更新プログラム (KB4586864)
INFO=http://support.microsoft.com/help/4586864
FILE=http://download.windowsupdate.com/d/msdownload/update/software/secu/2020/11/windows10.0-kb4586864-x64_5f66d63fee60afceafb382a7397f9b17007ebd14.msu
RENAME=
SIZE=15178663
TYPE=HOTFIX(SVCPACK.INF)
CATEGORY=
TIE_UP=
XOR_KEY=
SYNCHRO_KEY=
RELEASE=2020/11/05
RUN_ORDER=001
CMD=
DECODE=0
DECODE_TYPE=
DECODE_GET=
IEXPRESS=0
IEXPRESS_LIST=
IEXPRESS_CMD=
PREVIOUS_SP=
COMMENT=サービススタック更新プログラム

[KB4586853]
TITLE=2020-11 x64 ベース システム用 Windows 10 Version 20H2 の累積更新プログラム (KB4586853)
INFO=http://support.microsoft.com/help/4586853
FILE=http://download.windowsupdate.com/d/msdownload/update/software/updt/2020/11/windows10.0-kb4586853-x64_9c181d397b4b5d320af7e6f385ebc4bba693a95c.msu
RENAME=
SIZE=381082565
TYPE=HOTFIX(SVCPACK.INF)
CATEGORY=
TIE_UP=KB4586864
XOR_KEY=
SYNCHRO_KEY=
RELEASE=2020/11/22
RUN_ORDER=002
CMD=
DECODE=0
DECODE_TYPE=
DECODE_GET=
IEXPRESS=0
IEXPRESS_LIST=
IEXPRESS_CMD=
PREVIOUS_SP=
COMMENT=累積更新プログラム

[KB4580325]
TITLE=2020-10 x64 ベース システム用 Windows 10 Version 20H2 セキュリティ更新プログラム (Adobe Flash Player 対応) (KB4580325)
INFO=http://support.microsoft.com/help/4580325
FILE=http://download.windowsupdate.com/d/msdownload/update/software/secu/2020/10/windows10.0-kb4580325-x64_b6e8f5b34fd68a4e3c29a540000327f6d0675a7f.msu
RENAME=
SIZE=22346395
TYPE=HOTFIX(SVCPACK.INF)
CATEGORY=
TIE_UP=
XOR_KEY=
SYNCHRO_KEY=
RELEASE=2020/10/07
RUN_ORDER=003
CMD=
DECODE=0
DECODE_TYPE=
DECODE_GET=
IEXPRESS=0
IEXPRESS_LIST=
IEXPRESS_CMD=
PREVIOUS_SP=
COMMENT=セキュリティ更新プログラム (Adobe Flash Player 対応)

[KB4589212]
TITLE=2020-11 x64 ベース システム用 Windows 10 Version 20H2 更新プログラム (KB4589212)
INFO=http://support.microsoft.com/help/4589212
FILE=http://download.windowsupdate.com/d/msdownload/update/software/updt/2020/11/windows10.0-kb4589212-x64_9db59d4b6afaee4f4997d59d2787ead2fe5aab46.msu
RENAME=
SIZE=3105750
TYPE=HOTFIX(SVCPACK.INF)
CATEGORY=
TIE_UP=
XOR_KEY=
SYNCHRO_KEY=
RELEASE=2020/11/02
RUN_ORDER=004
CMD=
DECODE=0
DECODE_TYPE=
DECODE_GET=
IEXPRESS=0
IEXPRESS_LIST=
IEXPRESS_CMD=
PREVIOUS_SP=
COMMENT=Intel microcode updates

[KB4586876]
TITLE=.NET Framework 3.5 用の2020-11累積的な更新プログラムのプレビューと x64 (KB4586876) のWindows 10, version 20H2 用の 4.8
INFO=http://support.microsoft.com/kb/4586876
FILE=http://download.windowsupdate.com/d/msdownload/update/software/updt/2020/11/windows10.0-kb4586876-x64-ndp48_ab1407801539dfe4af2423400875a596fc032739.msu
RENAME=
SIZE=67691558
TYPE=HOTFIX(SVCPACK.INF)
CATEGORY=
TIE_UP=
XOR_KEY=
SYNCHRO_KEY=
RELEASE=2020/11/03
RUN_ORDER=005
CMD=
DECODE=0
DECODE_TYPE=
DECODE_GET=
IEXPRESS=0
IEXPRESS_LIST=
IEXPRESS_CMD=
PREVIOUS_SP=
COMMENT=.NET Frameworkの累積的な更新プログラム

[KB4579305]
TITLE=2020-10 Dynamic Update for Windows 10 Version 20H2 for x64-based Systems (KB4579305)
INFO=http://support.microsoft.com/help/4579305
FILE=http://download.windowsupdate.com/d/msdownload/update/software/crup/2020/09/windows10.0-kb4579305-x64_b719afd64eeb5e2df6e8ec6b02155510529a02c9.cab
RENAME=
SIZE=956380
TYPE=HOTFIX(SVCPACK.INF)
CATEGORY=
TIE_UP=
XOR_KEY=KB4586858
SYNCHRO_KEY=
RELEASE=2020/09/05
RUN_ORDER=009
CMD=
DECODE=1
DECODE_TYPE=IExpress Setup
DECODE_GET=
IEXPRESS=0
IEXPRESS_LIST=
IEXPRESS_CMD=
PREVIOUS_SP=
COMMENT=Dynamic Update

[KB4586858]
TITLE=2020-11 Dynamic Update for Windows 10 Version 20H2 for x64-based Systems (KB4586858)
INFO=http://support.microsoft.com/help/4586858
FILE=http://download.windowsupdate.com/d/msdownload/update/software/crup/2020/11/windows10.0-kb4586858-x64_31934446993448f36fc46340f1f0d88bc079a0c6.cab
RENAME=
SIZE=1177472
TYPE=HOTFIX(SVCPACK.INF)
CATEGORY=
TIE_UP=
XOR_KEY=
SYNCHRO_KEY=
RELEASE=2020/11/05
RUN_ORDER=010
CMD=
DECODE=1
DECODE_TYPE=IExpress Setup
DECODE_GET=
IEXPRESS=0
IEXPRESS_LIST=
IEXPRESS_CMD=
PREVIOUS_SP=
COMMENT=Dynamic Update

[KB4594440]
TITLE=2020-11 Dynamic Cumulative Update for Windows 10 Version 20H2 for x64-based Systems (KB4594440)
INFO=http://support.microsoft.com/help/4594440
FILE=http://download.windowsupdate.com/c/msdownload/update/software/updt/2020/11/windows10.0-kb4594440-x64_6e01a89e944ff0f4a503b2b6efe6ef9a209df3fd.cab
RENAME=
SIZE=373686097
TYPE=HOTFIX(SVCPACK.INF)
CATEGORY=
TIE_UP=
XOR_KEY=
SYNCHRO_KEY=
RELEASE=2020/11/15
RUN_ORDER=011
CMD=
DECODE=1
DECODE_TYPE=IExpress Setup
DECODE_GET=
IEXPRESS=0
IEXPRESS_LIST=
IEXPRESS_CMD=
PREVIOUS_SP=
COMMENT=Dynamic Cumulative Update

[KB4052623_201007]
TITLE=Microsoft Defender Antivirus マルウェア対策プラットフォームの更新プログラム - KB4052623 (Version 4.18.2010.7)
INFO=http://support.microsoft.com/en-us/help/4052623/update-for-windows-defender-antimalware-platform
FILE=http://download.windowsupdate.com/d/msdownload/update/software/defu/2020/10/updateplatform_f8a733421d0246eeab5c541bea1de7ef3239dbc5.exe
RENAME=
SIZE=5235528
TYPE=HOTFIX(SVCPACK.INF)
CATEGORY=
TIE_UP=
XOR_KEY=
SYNCHRO_KEY=
RELEASE=2020/10/31
RUN_ORDER=012
CMD=/quiet /norestart
DECODE=0
DECODE_TYPE=
DECODE_GET=
IEXPRESS=0
IEXPRESS_LIST=
IEXPRESS_CMD=
PREVIOUS_SP=
COMMENT=マルウェア対策プラットフォームの更新プログラム

[KB4052623_200110]
TITLE=Windows Defender Antivirus マルウェア対策プラットフォームの更新プログラム - (Version 4.18.2001.10)
INFO=http://support.microsoft.com/help/4052623/update-for-windows-defender-antimalware-platform
FILE=http://download.windowsupdate.com/c/msdownload/update/software/updt/2020/02/updateplatform_0456e6719c3ee098af03b785230ac020643fa1ac.exe
RENAME=
SIZE=5124128
TYPE=HOTFIX(SVCPACK.INF)
CATEGORY=
TIE_UP=
XOR_KEY=
SYNCHRO_KEY=
RELEASE=2020/02/13
RUN_ORDER=013
CMD=/quiet /norestart
DECODE=0
DECODE_TYPE=
DECODE_GET=
IEXPRESS=0
IEXPRESS_LIST=
IEXPRESS_CMD=
PREVIOUS_SP=
COMMENT=マルウェア対策プラットフォームの更新プログラム

[KB890830]
TITLE=悪意のあるソフトウェアの削除ツール x64 - v5.84 (KB890830)
INFO=http://support.microsoft.com/help/890830
FILE=http://download.windowsupdate.com/d/msdownload/update/software/uprl/2020/11/windows-kb890830-x64-v5.84_e2e371dfabc01c0f6fe097da99353ea860db64a5.exe
RENAME=
SIZE=37018880
TYPE=HOTFIX(SVCPACK.INF)
CATEGORY=
TIE_UP=
XOR_KEY=
SYNCHRO_KEY=
RELEASE=2020/11/04
RUN_ORDER=014
CMD=/x
DECODE=0
DECODE_TYPE=
DECODE_GET=
IEXPRESS=0
IEXPRESS_LIST=
IEXPRESS_CMD=
PREVIOUS_SP=
COMMENT=悪意のあるソフトウェアの削除ツール

[WDA_DUP]
TITLE=Windows Defender Antivirus for Windows 10 and Windows 8.1
INFO=http://www.microsoft.com/en-us/wdsi/defenderupdates
FILE=http://go.microsoft.com/fwlink/?LinkID=121721&arch=x64
RENAME=mpam-fe-x64.exe
SIZE=1
TYPE=HOTFIX(SVCPACK.INF)
CATEGORY=
TIE_UP=
XOR_KEY=
SYNCHRO_KEY=
RELEASE=
RUN_ORDER=015
CMD=-q
DECODE=0
DECODE_TYPE=
DECODE_GET=
IEXPRESS=0
IEXPRESS_LIST=
IEXPRESS_CMD=
PREVIOUS_SP=
COMMENT=
