[INFO]
VERSION=0.103.0
SOFTWARE=Windows 7
TARGET=Service Pack 1
LANGUAGE=Japanese
NAME=Jun Itou
COMMENT=Rollup統合DVD作成用 2020/03

[LIST]
COUNT=79
1=KB2670838
2=KB4490628
3=KB4536952
4=KB2533623
5=KB2729094
6=KB2731771
7=KB2786081
8=KB2834140
9=IE11
10=KB2639308
11=KB2882822
12=KB2888049
13=KB3185319
14=KB4534251
15=KB2894844
16=KB4019990
17=KB4040980
18=KB4532945
19=KB2900986
20=KB2685811
21=KB2685813
22=KB3123479
23=KB2698365
24=KB3004375
25=KB2984972
26=KB3155178
27=KB2761217
28=KB3159398
29=KB3161949
30=KB3184143
31=KB3156016
32=KB2773072
33=KB3150513
34=KB3080149
35=KB2732059
36=KB3179573
37=KB2750841
38=KB2667402
39=KB3059317
40=KB3161102
41=KB3046269
42=KB2862330
43=KB3172605
44=KB3021917
45=KB2970228
46=KB2676562
47=KB2545698
48=KB3138612
49=KB2919469
50=KB2952664
51=KB3170735
52=KB3118401
53=KB2547666
54=KB3068708
55=KB2813347
56=KB3006137
57=KB2574819
58=KB2592687
59=KB2830477
60=KB2923545
61=KB3020388
62=KB3075226
63=KB3102429
64=KB3125574
65=KB4474419
66=KB4539601
67=KB947821
68=KB2533552
69=EDGE
70=KB4481252
71=KB890830
72=KB915597
73=MSE
74=MSE_DUP
75=KB4503548
76=KB4497410
77=KB4503575
78=KB4515847
79=KB3191566

[KB2670838]
TITLE=Platform Update for Windows 7 x86-Edition (KB2670838)
INFO=http://support.microsoft.com/kb/2670838
FILE=http://download.windowsupdate.com/msdownload/update/software/ftpk/2013/02/windows6.1-kb2670838-x86_984b8d122a688d917f81c04155225b3ef31f012e.msu
RENAME=windows6.1-kb2670838-x86.msu
SIZE=5911327
TYPE=HOTFIX(SVCPACK.INF)
CATEGORY=
TIE_UP=
XOR_KEY=
SYNCHRO_KEY=
RELEASE=2013/02/18
RUN_ORDER=001
CMD=
DECODE=0
DECODE_TYPE=
DECODE_GET=
IEXPRESS=0
IEXPRESS_LIST=
IEXPRESS_CMD=
PREVIOUS_SP=
COMMENT=Internet Explorer 11 用必須更新プログラム

[KB4490628]
TITLE=2019-03 Servicing Stack Update for Windows 7 for x86-based Systems (KB4490628)
INFO=http://support.microsoft.com/help/4490628
FILE=http://download.windowsupdate.com/c/msdownload/update/software/secu/2019/03/windows6.1-kb4490628-x86_3cdb3df55b9cd7ef7fcb24fc4e237ea287ad0992.msu
RENAME=windows6.1-kb4490628-x86.msu
SIZE=4217422
TYPE=HOTFIX(SVCPACK.INF)
CATEGORY=
TIE_UP=
XOR_KEY=
SYNCHRO_KEY=
RELEASE=2019/03/06
RUN_ORDER=002
CMD=
DECODE=0
DECODE_TYPE=
DECODE_GET=
IEXPRESS=0
IEXPRESS_LIST=
IEXPRESS_CMD=
PREVIOUS_SP=
COMMENT=

[KB4536952]
TITLE=2020-01 Servicing Stack Update for Windows 7 for x86-based Systems (KB4536952)
INFO=https://support.microsoft.com/help/4536952
FILE=http://download.windowsupdate.com/d/msdownload/update/software/secu/2020/01/windows6.1-kb4536952-x86_f3b49481187651f64f13a0369c86ad7caa83b190.msu
RENAME=windows6.1-kb4536952-x86.msu
SIZE=4224043
TYPE=HOTFIX(SVCPACK.INF)
CATEGORY=
TIE_UP=
XOR_KEY=
SYNCHRO_KEY=
RELEASE=2020/01/06
RUN_ORDER=003
CMD=
DECODE=0
DECODE_TYPE=
DECODE_GET=
IEXPRESS=0
IEXPRESS_LIST=
IEXPRESS_CMD=
PREVIOUS_SP=
COMMENT=

[KB2533623]
TITLE=Microsoft Security Advisory: Insecure library loading could allow remote code execution
INFO=https://support.microsoft.com/help/2533623
FILE=https://download.microsoft.com/download/2/D/7/2D78D0DD-2802-41F5-88D6-DC1D559F206D/Windows6.1-KB2533623-x86.msu
RENAME=
SIZE=1162805
TYPE=HOTFIX(SVCPACK.INF)
CATEGORY=
TIE_UP=
XOR_KEY=
SYNCHRO_KEY=
RELEASE=2018/10/13
RUN_ORDER=004
CMD=
DECODE=0
DECODE_TYPE=
DECODE_GET=
IEXPRESS=0
IEXPRESS_LIST=
IEXPRESS_CMD=
PREVIOUS_SP=
COMMENT=Internet Explorer 11 用必須更新プログラム

[KB2729094]
TITLE=Update for Windows 7 for x86-based Systems (KB2729094)
INFO=http://support.microsoft.com/kb/2729094
FILE=http://download.windowsupdate.com/msdownload/update/software/updt/2012/09/windows6.1-kb2729094-v2-x86_565e7f2a6562ace748c5b6165aa342a11c96aa98.msu
RENAME=windows6.1-kb2729094-v2-x86.msu
SIZE=1662478
TYPE=HOTFIX(SVCPACK.INF)
CATEGORY=
TIE_UP=
XOR_KEY=
SYNCHRO_KEY=
RELEASE=2012/09/26
RUN_ORDER=005
CMD=
DECODE=0
DECODE_TYPE=
DECODE_GET=
IEXPRESS=0
IEXPRESS_LIST=
IEXPRESS_CMD=
PREVIOUS_SP=
COMMENT=Internet Explorer 11 用必須更新プログラム

[KB2731771]
TITLE=An update that provides new APIs for conversion between local time and UTC in Windows 7 or in Windows Server 2008 R2 is available
INFO=https://support.microsoft.com/help/2731771
FILE=https://download.microsoft.com/download/A/0/B/A0BA0A59-1F11-4736-91C0-DFCB06224D99/Windows6.1-KB2731771-x86.msu
RENAME=
SIZE=4904874
TYPE=HOTFIX(SVCPACK.INF)
CATEGORY=
TIE_UP=
XOR_KEY=
SYNCHRO_KEY=
RELEASE=2018/10/16
RUN_ORDER=006
CMD=
DECODE=0
DECODE_TYPE=
DECODE_GET=
IEXPRESS=0
IEXPRESS_LIST=
IEXPRESS_CMD=
PREVIOUS_SP=
COMMENT=Internet Explorer 11 用必須更新プログラム

[KB2786081]
TITLE=Internet Explorer 10 does not save credentials for a website after you log off or restart a computer that is running Windows 7 SP1 or Windows Server 2008 R2 SP1
INFO=https://support.microsoft.com/help/2786081
FILE=http://download.microsoft.com/download/4/8/1/481c640e-d3ee-4adc-aa48-6d0ed2869d37/windows6.1-kb2786081-x86.msu
RENAME=
SIZE=230071
TYPE=HOTFIX(SVCPACK.INF)
CATEGORY=
TIE_UP=
XOR_KEY=
SYNCHRO_KEY=
RELEASE=2018/10/13
RUN_ORDER=007
CMD=
DECODE=0
DECODE_TYPE=
DECODE_GET=
IEXPRESS=0
IEXPRESS_LIST=
IEXPRESS_CMD=
PREVIOUS_SP=
COMMENT=Internet Explorer 11 用必須更新プログラム

[KB2834140]
TITLE=Update for Windows 7 for x86-based Systems (KB2834140)
INFO=http://support.microsoft.com/kb/2834140
FILE=http://download.windowsupdate.com/d/msdownload/update/software/updt/2013/08/windows6.1-kb2834140-v2-x86_b57c05e9da2c66e1bb27868c92db177a1d62b2fb.msu
RENAME=windows6.1-kb2834140-v2-x86.msu
SIZE=599885
TYPE=HOTFIX(SVCPACK.INF)
CATEGORY=
TIE_UP=
XOR_KEY=
SYNCHRO_KEY=
RELEASE=2013/08/29
RUN_ORDER=008
CMD=
DECODE=0
DECODE_TYPE=
DECODE_GET=
IEXPRESS=0
IEXPRESS_LIST=
IEXPRESS_CMD=
PREVIOUS_SP=
COMMENT=Internet Explorer 11 用必須更新プログラム

[IE11]
TITLE=Internet Explorer 11 for Windows 7 x86
INFO=https://www.microsoft.com/ja-jp/download/details.aspx?id=40901
FILE=https://download.microsoft.com/download/D/5/3/D53EB67F-A614-4943-9162-E1479A6D6CB3/IE11-Windows6.1-x86-ja-jp.exe
RENAME=
SIZE=30600400
TYPE=HOTFIX(SVCPACK.INF)
CATEGORY=
TIE_UP=
XOR_KEY=
SYNCHRO_KEY=
RELEASE=2018/10/16
RUN_ORDER=009
CMD=
DECODE=0
DECODE_TYPE=
DECODE_GET=
IEXPRESS=0
IEXPRESS_LIST=
IEXPRESS_CMD=
PREVIOUS_SP=
COMMENT=

[KB2639308]
TITLE=An update is available for the ASLR feature in Windows 7 or in Windows Server 2008 R2
INFO=https://support.microsoft.com/help/2639308
FILE=http://download.microsoft.com/download/3/1/d/31db4f4f-207d-416e-9a07-fbd9e431f9fb/windows6.1-kb2639308-x86.msu
RENAME=
SIZE=2233654
TYPE=HOTFIX(SVCPACK.INF)
CATEGORY=
TIE_UP=IE11
XOR_KEY=
SYNCHRO_KEY=
RELEASE=2018/10/13
RUN_ORDER=010
CMD=
DECODE=0
DECODE_TYPE=
DECODE_GET=
IEXPRESS=0
IEXPRESS_LIST=
IEXPRESS_CMD=
PREVIOUS_SP=
COMMENT=Internet Explorer 11 用更新プログラム

[KB2882822]
TITLE=Update adds ITraceRelogger interface support to Windows Embedded Standard 7 SP1, Windows 7 SP1 and Windows Server 2008 R2 SP1
INFO=https://support.microsoft.com/help/2882822
FILE=http://download.microsoft.com/download/7/c/e/7ce5d2a0-3a08-427e-9aa9-8a79e47b87b9/windows6.1-kb2882822-x86.msu
RENAME=
SIZE=3186802
TYPE=HOTFIX(SVCPACK.INF)
CATEGORY=
TIE_UP=IE11
XOR_KEY=
SYNCHRO_KEY=
RELEASE=2018/10/15
RUN_ORDER=011
CMD=
DECODE=0
DECODE_TYPE=
DECODE_GET=
IEXPRESS=0
IEXPRESS_LIST=
IEXPRESS_CMD=
PREVIOUS_SP=
COMMENT=Internet Explorer 11 用更新プログラム

[KB2888049]
TITLE=Update is available that improves the network performance of Internet Explorer 11 in Windows
INFO=https://support.microsoft.com/help/2888049
FILE=http://download.microsoft.com/download/3/9/d/39d85ca8-7bf3-47c1-9031-fd6e51d8bbeb/windows6.1-kb2888049-x86.msu
RENAME=
SIZE=1340329
TYPE=HOTFIX(SVCPACK.INF)
CATEGORY=
TIE_UP=IE11
XOR_KEY=
SYNCHRO_KEY=
RELEASE=2018/10/13
RUN_ORDER=012
CMD=
DECODE=0
DECODE_TYPE=
DECODE_GET=
IEXPRESS=0
IEXPRESS_LIST=
IEXPRESS_CMD=
PREVIOUS_SP=
COMMENT=Internet Explorer 11 用更新プログラム

[KB3185319]
TITLE=Cumulative Security Update for Internet Explorer 11 for Windows 7 for x86-based Systems (KB3185319)
INFO=http://support.microsoft.com/kb/3185319
FILE=http://download.windowsupdate.com/c/msdownload/update/software/secu/2016/09/ie11-windows6.1-kb3185319-x86_cd4081249bd098b0244fef6e9dfb8ee5674f1fcd.msu
RENAME=ie11-windows6.1-kb3185319-x86.msu
SIZE=29710539
TYPE=HOTFIX(SVCPACK.INF)
CATEGORY=
TIE_UP=IE11
XOR_KEY=
SYNCHRO_KEY=
RELEASE=2016/09/08
RUN_ORDER=013
CMD=
DECODE=0
DECODE_TYPE=
DECODE_GET=
IEXPRESS=0
IEXPRESS_LIST=
IEXPRESS_CMD=
PREVIOUS_SP=
COMMENT=

[KB4534251]
TITLE=2020-01 Cumulative Security Update for Internet Explorer 11 for Windows 7 for x86-based systems (KB4534251)
INFO=https://support.microsoft.com/help/4534251
FILE=http://download.windowsupdate.com/c/msdownload/update/software/secu/2019/12/ie11-windows6.1-kb4534251-x86_6841cf7fda1f2b47d237fa66837c155ffa45c688.msu
RENAME=ie11-windows6.1-kb4534251-x86.msu
SIZE=30566175
TYPE=HOTFIX(SVCPACK.INF)
CATEGORY=
TIE_UP=IE11
XOR_KEY=
SYNCHRO_KEY=
RELEASE=2019/12/19
RUN_ORDER=014
CMD=
DECODE=0
DECODE_TYPE=
DECODE_GET=
IEXPRESS=0
IEXPRESS_LIST=
IEXPRESS_CMD=
PREVIOUS_SP=
COMMENT=

[KB2894844]
TITLE=Security Update for Microsoft .NET Framework 3.5.1 on Windows 7 and Windows Server 2008 R2 SP1 for x86-based Systems (KB2894844)
INFO=http://support.microsoft.com/kb/2894844
FILE=http://download.windowsupdate.com/c/msdownload/update/software/secu/2014/08/windows6.1-kb2894844-x86_d628cb41a17b6cee85c3bdf3e4612219fb7257ba.msu
RENAME=windows6.1-kb2894844-x86.msu
SIZE=4254227
TYPE=HOTFIX(SVCPACK.INF)
CATEGORY=
TIE_UP=
XOR_KEY=
SYNCHRO_KEY=
RELEASE=2014/08/19
RUN_ORDER=015
CMD=
DECODE=0
DECODE_TYPE=
DECODE_GET=
IEXPRESS=0
IEXPRESS_LIST=
IEXPRESS_CMD=
PREVIOUS_SP=
COMMENT=

[KB4019990]
TITLE=Update for Windows 7 for x86-based Systems (KB4019990)
INFO=http://support.microsoft.com/kb/4019990
FILE=http://download.windowsupdate.com/c/msdownload/update/software/updt/2017/05/windows6.1-kb4019990-x86_1365fb557d5e5917cbf59b507eac066ad89ea3f7.msu
RENAME=windows6.1-kb4019990-x86.msu
SIZE=1424481
TYPE=HOTFIX(SVCPACK.INF)
CATEGORY=
TIE_UP=
XOR_KEY=
SYNCHRO_KEY=
RELEASE=2017/05/11
RUN_ORDER=016
CMD=
DECODE=0
DECODE_TYPE=
DECODE_GET=
IEXPRESS=0
IEXPRESS_LIST=
IEXPRESS_CMD=
PREVIOUS_SP=
COMMENT=

[KB4040980]
TITLE=2017-11 Security and Quality Rollup for .NET Framework 3.5.1, 4.5.2, 4.6, 4.6.1, 4.6.2, 4.7 on Windows 7 and Server 2008 R2 for x86 (KB4049016)
INFO=http://support.microsoft.com/kb/4049016
FILE=http://download.windowsupdate.com/d/msdownload/update/software/secu/2017/09/windows6.1-kb4040980-x86_533cbfb7e2754d4a82e558f0c6d4b767881fff1e.msu
RENAME=windows6.1-kb4040980-x86.msu
SIZE=12739087
TYPE=HOTFIX(SVCPACK.INF)
CATEGORY=
TIE_UP=
XOR_KEY=
SYNCHRO_KEY=
RELEASE=2017/09/08
RUN_ORDER=017
CMD=
DECODE=0
DECODE_TYPE=
DECODE_GET=
IEXPRESS=0
IEXPRESS_LIST=
IEXPRESS_CMD=
PREVIOUS_SP=
COMMENT=

[KB4532945]
TITLE=2020-01 Security and Quality Rollup for .NET Framework 3.5.1, 4.5.2, 4.6, 4.6.1, 4.6.2, 4.7, 4.7.1, 4.7.2, 4.8 for Windows 7 and Server 2008 R2 for x86 (KB4535102)
INFO=http://support.microsoft.com/kb/4535102
FILE=http://download.windowsupdate.com/c/msdownload/update/software/secu/2020/01/windows6.1-kb4532945-x86_0438d1eece17622a078b0d08dd6e812a67a09f37.msu
RENAME=windows6.1-kb4532945-x86.msu
SIZE=17013766
TYPE=HOTFIX(SVCPACK.INF)
CATEGORY=
TIE_UP=
XOR_KEY=
SYNCHRO_KEY=
RELEASE=2020/01/03
RUN_ORDER=018
CMD=
DECODE=0
DECODE_TYPE=
DECODE_GET=
IEXPRESS=0
IEXPRESS_LIST=
IEXPRESS_CMD=
PREVIOUS_SP=
COMMENT=

[KB2900986]
TITLE=Cumulative Security Update for ActiveX Killbits for Windows 7 for x86-based Systems (KB2900986)
INFO=http://support.microsoft.com/kb/2900986
FILE=http://download.windowsupdate.com/d/msdownload/update/software/secu/2013/11/windows6.1-kb2900986-x86_a993e450237ad5109c06691b47cea6aedb86642f.msu
RENAME=windows6.1-kb2900986-x86.msu
SIZE=213376
TYPE=HOTFIX(SVCPACK.INF)
CATEGORY=
TIE_UP=
XOR_KEY=
SYNCHRO_KEY=
RELEASE=2013/11/07
RUN_ORDER=019
CMD=
DECODE=0
DECODE_TYPE=
DECODE_GET=
IEXPRESS=0
IEXPRESS_LIST=
IEXPRESS_CMD=
PREVIOUS_SP=
COMMENT=

[KB2685811]
TITLE=Update for Kernel-Mode Driver Framework version 1.11 for Windows 7 for x86-based Systems (KB2685811)
INFO=http://support.microsoft.com/kb/2685811
FILE=http://download.windowsupdate.com/msdownload/update/software/updt/2012/11/windows6.1-kb2685811-x86_4db620a8b8e85bab4822626530d01fd923c28786.msu
RENAME=windows6.1-kb2685811-x86.msu
SIZE=728455
TYPE=HOTFIX(SVCPACK.INF)
CATEGORY=
TIE_UP=
XOR_KEY=
SYNCHRO_KEY=
RELEASE=2012/11/08
RUN_ORDER=020
CMD=
DECODE=0
DECODE_TYPE=
DECODE_GET=
IEXPRESS=0
IEXPRESS_LIST=
IEXPRESS_CMD=
PREVIOUS_SP=
COMMENT=

[KB2685813]
TITLE=Update for User-Mode Driver Framework version 1.11 for Windows 7 for x86-based Systems (KB2685813)
INFO=http://support.microsoft.com/kb/2685813
FILE=http://download.windowsupdate.com/msdownload/update/software/updt/2012/11/windows6.1-kb2685813-x86_d2c51b6b97d4ffcb069bcaafbff3135e96fe18e5.msu
RENAME=windows6.1-kb2685813-x86.msu
SIZE=1061887
TYPE=HOTFIX(SVCPACK.INF)
CATEGORY=
TIE_UP=
XOR_KEY=
SYNCHRO_KEY=
RELEASE=2012/11/08
RUN_ORDER=021
CMD=
DECODE=0
DECODE_TYPE=
DECODE_GET=
IEXPRESS=0
IEXPRESS_LIST=
IEXPRESS_CMD=
PREVIOUS_SP=
COMMENT=

[KB3123479]
TITLE=Security Update for Windows 7 for x86-based Systems (KB3123479)
INFO=http://support.microsoft.com/kb/3123479
FILE=http://download.windowsupdate.com/d/msdownload/update/software/secu/2015/12/windows6.1-kb3123479-x86_9c0c4a6279016ff83e0dadfc7976cd0c05fb97bd.msu
RENAME=windows6.1-kb3123479-x86.msu
SIZE=210492
TYPE=HOTFIX(SVCPACK.INF)
CATEGORY=
TIE_UP=
XOR_KEY=
SYNCHRO_KEY=
RELEASE=2015/12/16
RUN_ORDER=022
CMD=
DECODE=0
DECODE_TYPE=
DECODE_GET=
IEXPRESS=0
IEXPRESS_LIST=
IEXPRESS_CMD=
PREVIOUS_SP=
COMMENT=

[KB2698365]
TITLE=Security Update for Windows 7 for x86-based Systems (KB2698365)
INFO=http://go.microsoft.com/fwlink/?LinkId=254441
FILE=http://download.windowsupdate.com/msdownload/update/software/secu/2012/06/windows6.1-kb2698365-x86_d9f8e37cc61ab4abce802c29fe20a8e270321373.msu
RENAME=windows6.1-kb2698365-x86.msu
SIZE=1273890
TYPE=HOTFIX(SVCPACK.INF)
CATEGORY=
TIE_UP=
XOR_KEY=
SYNCHRO_KEY=
RELEASE=2012/06/18
RUN_ORDER=023
CMD=
DECODE=0
DECODE_TYPE=
DECODE_GET=
IEXPRESS=0
IEXPRESS_LIST=
IEXPRESS_CMD=
PREVIOUS_SP=
COMMENT=

[KB3004375]
TITLE=Security Update for Windows 7 for x86-based Systems (KB3004375)
INFO=http://support.microsoft.com/kb/3004375
FILE=http://download.windowsupdate.com/c/msdownload/update/software/secu/2015/01/windows6.1-kb3004375-v3-x86_822f779b87d3cd4ef4de004c344abce202a8aac6.msu
RENAME=windows6.1-kb3004375-v3-x86.msu
SIZE=6806807
TYPE=HOTFIX(SVCPACK.INF)
CATEGORY=
TIE_UP=
XOR_KEY=
SYNCHRO_KEY=
RELEASE=2015/01/27
RUN_ORDER=024
CMD=
DECODE=0
DECODE_TYPE=
DECODE_GET=
IEXPRESS=0
IEXPRESS_LIST=
IEXPRESS_CMD=
PREVIOUS_SP=
COMMENT=

[KB2984972]
TITLE=Security Update for Windows 7 for x86-based Systems (KB2984972)
INFO=http://support.microsoft.com/kb/2984972
FILE=http://download.windowsupdate.com/c/msdownload/update/software/secu/2014/10/windows6.1-kb2984972-x86_0447ea81b8cfafde3f7454721070c6d6599c58d7.msu
RENAME=windows6.1-kb2984972-x86.msu
SIZE=7233186
TYPE=HOTFIX(SVCPACK.INF)
CATEGORY=
TIE_UP=
XOR_KEY=
SYNCHRO_KEY=
RELEASE=2014/10/02
RUN_ORDER=025
CMD=
DECODE=0
DECODE_TYPE=
DECODE_GET=
IEXPRESS=0
IEXPRESS_LIST=
IEXPRESS_CMD=
PREVIOUS_SP=
COMMENT=

[KB3155178]
TITLE=Security Update for Windows 7 for x86-based Systems (KB3155178)
INFO=http://support.microsoft.com/kb/3155178
FILE=http://download.windowsupdate.com/d/msdownload/update/software/secu/2016/04/windows6.1-kb3155178-x86_9a1f15d917191a010d323e7e9dc7e6b211524ed6.msu
RENAME=windows6.1-kb3155178-x86.msu
SIZE=2072350
TYPE=HOTFIX(SVCPACK.INF)
CATEGORY=
TIE_UP=
XOR_KEY=
SYNCHRO_KEY=
RELEASE=2016/04/21
RUN_ORDER=026
CMD=
DECODE=0
DECODE_TYPE=
DECODE_GET=
IEXPRESS=0
IEXPRESS_LIST=
IEXPRESS_CMD=
PREVIOUS_SP=
COMMENT=

[KB2761217]
TITLE=Update for Windows 7 for x86-based Systems (KB2761217)
INFO=http://support.microsoft.com/kb/2761217
FILE=http://download.windowsupdate.com/msdownload/update/software/updt/2012/11/windows6.1-kb2761217-x86_b480557292b2a27b39c7b9bcfa66374473a94254.msu
RENAME=windows6.1-kb2761217-x86.msu
SIZE=2177332
TYPE=HOTFIX(SVCPACK.INF)
CATEGORY=
TIE_UP=
XOR_KEY=
SYNCHRO_KEY=
RELEASE=2012/11/07
RUN_ORDER=027
CMD=
DECODE=0
DECODE_TYPE=
DECODE_GET=
IEXPRESS=0
IEXPRESS_LIST=
IEXPRESS_CMD=
PREVIOUS_SP=
COMMENT=

[KB3159398]
TITLE=Security Update for Windows 7 for x86-based Systems (KB3159398)
INFO=http://support.microsoft.com/kb/3159398
FILE=http://download.windowsupdate.com/d/msdownload/update/software/secu/2016/05/windows6.1-kb3159398-x86_c4fa9c67178bef5dbcbd72cde2fe94f5126337e5.msu
RENAME=windows6.1-kb3159398-x86.msu
SIZE=1225531
TYPE=HOTFIX(SVCPACK.INF)
CATEGORY=
TIE_UP=
XOR_KEY=
SYNCHRO_KEY=
RELEASE=2016/05/24
RUN_ORDER=028
CMD=
DECODE=0
DECODE_TYPE=
DECODE_GET=
IEXPRESS=0
IEXPRESS_LIST=
IEXPRESS_CMD=
PREVIOUS_SP=
COMMENT=

[KB3161949]
TITLE=Security Update for Windows 7 for x86-based Systems (KB3161949)
INFO=http://support.microsoft.com/kb/3161949
FILE=http://download.windowsupdate.com/c/msdownload/update/software/secu/2016/05/windows6.1-kb3161949-x86_0055d0d1e103d374e042f31ebdd26931853b882b.msu
RENAME=windows6.1-kb3161949-x86.msu
SIZE=680463
TYPE=HOTFIX(SVCPACK.INF)
CATEGORY=
TIE_UP=
XOR_KEY=
SYNCHRO_KEY=
RELEASE=2016/05/24
RUN_ORDER=029
CMD=
DECODE=0
DECODE_TYPE=
DECODE_GET=
IEXPRESS=0
IEXPRESS_LIST=
IEXPRESS_CMD=
PREVIOUS_SP=
COMMENT=

[KB3184143]
TITLE=Update for Windows 7 for x86-based Systems (KB3184143)
INFO=http://support.microsoft.com/kb/3184143
FILE=http://download.windowsupdate.com/d/msdownload/update/software/updt/2016/09/windows6.1-kb3184143-x86_a941721202ca75fed32e625a2fb577ba1e34418c.msu
RENAME=windows6.1-kb3184143-x86.msu
SIZE=6732362
TYPE=HOTFIX(SVCPACK.INF)
CATEGORY=
TIE_UP=
XOR_KEY=
SYNCHRO_KEY=
RELEASE=2016/09/07
RUN_ORDER=030
CMD=
DECODE=0
DECODE_TYPE=
DECODE_GET=
IEXPRESS=0
IEXPRESS_LIST=
IEXPRESS_CMD=
PREVIOUS_SP=
COMMENT=

[KB3156016]
TITLE=Security Update for Windows 7 for x86-based Systems (KB3156016)
INFO=http://support.microsoft.com/kb/3156016
FILE=http://download.windowsupdate.com/d/msdownload/update/software/secu/2016/04/windows6.1-kb3156016-x86_ea2cf88a256d4138109847ddc5cec66f3f660efa.msu
RENAME=windows6.1-kb3156016-x86.msu
SIZE=572205
TYPE=HOTFIX(SVCPACK.INF)
CATEGORY=
TIE_UP=
XOR_KEY=
SYNCHRO_KEY=
RELEASE=2016/04/21
RUN_ORDER=031
CMD=
DECODE=0
DECODE_TYPE=
DECODE_GET=
IEXPRESS=0
IEXPRESS_LIST=
IEXPRESS_CMD=
PREVIOUS_SP=
COMMENT=

[KB2773072]
TITLE=Update for Windows 7 for x86-based Systems (KB2773072)
INFO=http://support.microsoft.com/kb/2773072
FILE=http://download.windowsupdate.com/msdownload/update/software/updt/2013/01/windows6.1-kb2773072-x86_2e4f322442fe5f2ca2819f0052b164e9bbcd0f36.msu
RENAME=windows6.1-kb2773072-x86.msu
SIZE=3027347
TYPE=HOTFIX(SVCPACK.INF)
CATEGORY=
TIE_UP=
XOR_KEY=
SYNCHRO_KEY=
RELEASE=2013/01/01
RUN_ORDER=032
CMD=
DECODE=0
DECODE_TYPE=
DECODE_GET=
IEXPRESS=0
IEXPRESS_LIST=
IEXPRESS_CMD=
PREVIOUS_SP=
COMMENT=

[KB3150513]
TITLE=Update for Windows 7 for x86-based Systems (KB3150513)
INFO=http://support.microsoft.com/kb/3150513
FILE=http://download.windowsupdate.com/d/msdownload/update/software/updt/2016/05/windows6.1-kb3150513-x86_5f61401f039dd9792899ef0e1ddc3e2f51563b49.msu
RENAME=windows6.1-kb3150513-x86.msu
SIZE=1485678
TYPE=HOTFIX(SVCPACK.INF)
CATEGORY=
TIE_UP=
XOR_KEY=
SYNCHRO_KEY=
RELEASE=2016/05/10
RUN_ORDER=033
CMD=
DECODE=0
DECODE_TYPE=
DECODE_GET=
IEXPRESS=0
IEXPRESS_LIST=
IEXPRESS_CMD=
PREVIOUS_SP=
COMMENT=

[KB3080149]
TITLE=Update for Windows 7 for x86-based Systems (KB3080149)
INFO=http://support.microsoft.com/kb/3080149
FILE=http://download.windowsupdate.com/d/msdownload/update/software/updt/2015/08/windows6.1-kb3080149-x86_3d35229a4f48ada7b2a0ef048dd424bc2eae63ca.msu
RENAME=windows6.1-kb3080149-x86.msu
SIZE=8630728
TYPE=HOTFIX(SVCPACK.INF)
CATEGORY=
TIE_UP=
XOR_KEY=
SYNCHRO_KEY=
RELEASE=2015/08/14
RUN_ORDER=034
CMD=
DECODE=0
DECODE_TYPE=
DECODE_GET=
IEXPRESS=0
IEXPRESS_LIST=
IEXPRESS_CMD=
PREVIOUS_SP=
COMMENT=

[KB2732059]
TITLE=Update for Windows 7 for x86-based Systems (KB2732059)
INFO=http://support.microsoft.com/kb/2732059
FILE=http://download.windowsupdate.com/msdownload/update/software/updt/2012/09/windows6.1-kb2732059-v5-x86_dccdcff2975521afd586b44c0f66c6ef7d38b749.msu
RENAME=windows6.1-kb2732059-v5-x86.msu
SIZE=449491
TYPE=HOTFIX(SVCPACK.INF)
CATEGORY=
TIE_UP=
XOR_KEY=
SYNCHRO_KEY=
RELEASE=2012/09/19
RUN_ORDER=035
CMD=
DECODE=0
DECODE_TYPE=
DECODE_GET=
IEXPRESS=0
IEXPRESS_LIST=
IEXPRESS_CMD=
PREVIOUS_SP=
COMMENT=

[KB3179573]
TITLE=Update for Windows 7 for x86-based Systems (KB3179573)
INFO=http://support.microsoft.com/kb/3179573
FILE=http://download.windowsupdate.com/c/msdownload/update/software/updt/2016/07/windows6.1-kb3179573-x86_e972000ff6074d1b0530d1912d5f3c7d1b057c4a.msu
RENAME=windows6.1-kb3179573-x86.msu
SIZE=1573847
TYPE=HOTFIX(SVCPACK.INF)
CATEGORY=
TIE_UP=
XOR_KEY=
SYNCHRO_KEY=
RELEASE=2016/07/29
RUN_ORDER=036
CMD=
DECODE=0
DECODE_TYPE=
DECODE_GET=
IEXPRESS=0
IEXPRESS_LIST=
IEXPRESS_CMD=
PREVIOUS_SP=
COMMENT=

[KB2750841]
TITLE=Update for Windows 7 for x86-based Systems (KB2750841)
INFO=http://support.microsoft.com/kb/2750841
FILE=http://download.windowsupdate.com/msdownload/update/software/updt/2012/11/windows6.1-kb2750841-x86_e7863547b2b41fc18bc4c576e822107655747981.msu
RENAME=windows6.1-kb2750841-x86.msu
SIZE=2328945
TYPE=HOTFIX(SVCPACK.INF)
CATEGORY=
TIE_UP=
XOR_KEY=
SYNCHRO_KEY=
RELEASE=2012/11/07
RUN_ORDER=037
CMD=
DECODE=0
DECODE_TYPE=
DECODE_GET=
IEXPRESS=0
IEXPRESS_LIST=
IEXPRESS_CMD=
PREVIOUS_SP=
COMMENT=

[KB2667402]
TITLE=Security Update for Windows 7 for x86-based Systems (KB2667402)
INFO=http://go.microsoft.com/fwlink/?LinkId=232664
FILE=http://download.windowsupdate.com/msdownload/update/software/secu/2012/05/windows6.1-kb2667402-v2-x86_eec6812d9c6f710a6c1e640e8b928c99f215f39e.msu
RENAME=windows6.1-kb2667402-v2-x86.msu
SIZE=317418
TYPE=HOTFIX(SVCPACK.INF)
CATEGORY=
TIE_UP=
XOR_KEY=
SYNCHRO_KEY=
RELEASE=2012/05/23
RUN_ORDER=038
CMD=
DECODE=0
DECODE_TYPE=
DECODE_GET=
IEXPRESS=0
IEXPRESS_LIST=
IEXPRESS_CMD=
PREVIOUS_SP=
COMMENT=

[KB3059317]
TITLE=Security Update for Windows 7 for x86-based Systems (KB3059317)
INFO=http://support.microsoft.com/kb/3059317
FILE=http://download.windowsupdate.com/d/msdownload/update/software/secu/2015/05/windows6.1-kb3059317-x86_7dbad42dd71389bb65948b81220fc019d77c8b77.msu
RENAME=windows6.1-kb3059317-x86.msu
SIZE=1247788
TYPE=HOTFIX(SVCPACK.INF)
CATEGORY=
TIE_UP=
XOR_KEY=
SYNCHRO_KEY=
RELEASE=2015/05/20
RUN_ORDER=039
CMD=
DECODE=0
DECODE_TYPE=
DECODE_GET=
IEXPRESS=0
IEXPRESS_LIST=
IEXPRESS_CMD=
PREVIOUS_SP=
COMMENT=

[KB3161102]
TITLE=Update for Windows 7 for x86-based Systems (KB3161102)
INFO=http://support.microsoft.com/kb/3161102
FILE=http://download.windowsupdate.com/d/msdownload/update/software/updt/2016/07/windows6.1-kb3161102-x86_68e520bf57bf2f0e82af9b8577b7e0b056717ab4.msu
RENAME=windows6.1-kb3161102-x86.msu
SIZE=312948
TYPE=HOTFIX(SVCPACK.INF)
CATEGORY=
TIE_UP=
XOR_KEY=
SYNCHRO_KEY=
RELEASE=2016/07/25
RUN_ORDER=040
CMD=
DECODE=0
DECODE_TYPE=
DECODE_GET=
IEXPRESS=0
IEXPRESS_LIST=
IEXPRESS_CMD=
PREVIOUS_SP=
COMMENT=

[KB3046269]
TITLE=Security Update for Windows 7 for x86-based Systems (KB3046269)
INFO=http://support.microsoft.com/kb/3046269
FILE=http://download.windowsupdate.com/d/msdownload/update/software/secu/2015/03/windows6.1-kb3046269-x86_dad279443dc5e3446bb2b478252c90d5f115faf1.msu
RENAME=windows6.1-kb3046269-x86.msu
SIZE=207816
TYPE=HOTFIX(SVCPACK.INF)
CATEGORY=
TIE_UP=
XOR_KEY=
SYNCHRO_KEY=
RELEASE=2015/03/23
RUN_ORDER=041
CMD=
DECODE=0
DECODE_TYPE=
DECODE_GET=
IEXPRESS=0
IEXPRESS_LIST=
IEXPRESS_CMD=
PREVIOUS_SP=
COMMENT=

[KB2862330]
TITLE=Security Update for Windows 7 for x86-based Systems (KB2862330)
INFO=http://support.microsoft.com/kb/2862330
FILE=http://download.windowsupdate.com/c/msdownload/update/software/secu/2013/12/windows6.1-kb2862330-v2-x86_a6f3c9b5811bd869cf6834acb96c4a0232588c9b.msu
RENAME=windows6.1-kb2862330-v2-x86.msu
SIZE=503238
TYPE=HOTFIX(SVCPACK.INF)
CATEGORY=
TIE_UP=
XOR_KEY=
SYNCHRO_KEY=
RELEASE=2013/12/04
RUN_ORDER=042
CMD=
DECODE=0
DECODE_TYPE=
DECODE_GET=
IEXPRESS=0
IEXPRESS_LIST=
IEXPRESS_CMD=
PREVIOUS_SP=
COMMENT=

[KB3172605]
TITLE=Update for Windows 7 for x86-based Systems (KB3172605)
INFO=http://support.microsoft.com/kb/3172605
FILE=http://download.windowsupdate.com/d/msdownload/update/software/updt/2016/09/windows6.1-kb3172605-x86_ae03ccbd299e434ea2239f1ad86f164e5f4deeda.msu
RENAME=windows6.1-kb3172605-x86.msu
SIZE=19091604
TYPE=HOTFIX(SVCPACK.INF)
CATEGORY=
TIE_UP=
XOR_KEY=
SYNCHRO_KEY=
RELEASE=2016/09/09
RUN_ORDER=043
CMD=
DECODE=0
DECODE_TYPE=
DECODE_GET=
IEXPRESS=0
IEXPRESS_LIST=
IEXPRESS_CMD=
PREVIOUS_SP=
COMMENT=

[KB3021917]
TITLE=Update for Windows 7 for x86-based Systems (KB3021917)
INFO=http://support.microsoft.com/kb/3021917
FILE=http://download.windowsupdate.com/d/msdownload/update/software/updt/2015/01/windows6.1-kb3021917-x86_ff5000442a7483421b061ba9b01ddd3cfafbaf6c.msu
RENAME=windows6.1-kb3021917-x86.msu
SIZE=486917
TYPE=HOTFIX(SVCPACK.INF)
CATEGORY=
TIE_UP=
XOR_KEY=
SYNCHRO_KEY=
RELEASE=2015/01/29
RUN_ORDER=044
CMD=
DECODE=0
DECODE_TYPE=
DECODE_GET=
IEXPRESS=0
IEXPRESS_LIST=
IEXPRESS_CMD=
PREVIOUS_SP=
COMMENT=

[KB2970228]
TITLE=Update for Windows 7 for x86-based Systems (KB2970228)
INFO=http://support.microsoft.com/kb/2970228
FILE=http://download.windowsupdate.com/c/msdownload/update/software/updt/2014/08/windows6.1-kb2970228-x86_6b082dc03faaff8a22c6f0146e2779f61be5ec57.msu
RENAME=windows6.1-kb2970228-x86.msu
SIZE=8054660
TYPE=HOTFIX(SVCPACK.INF)
CATEGORY=
TIE_UP=
XOR_KEY=
SYNCHRO_KEY=
RELEASE=2014/08/07
RUN_ORDER=045
CMD=
DECODE=0
DECODE_TYPE=
DECODE_GET=
IEXPRESS=0
IEXPRESS_LIST=
IEXPRESS_CMD=
PREVIOUS_SP=
COMMENT=

[KB2676562]
TITLE=Security Update for Windows 7 for x86-based Systems (KB2676562)
INFO=http://go.microsoft.com/fwlink/?LinkId=244692
FILE=http://download.windowsupdate.com/msdownload/update/software/secu/2012/04/windows6.1-kb2676562-x86_16ce9be3400bc75c415b1a90518c150d1927b8df.msu
RENAME=windows6.1-kb2676562-x86.msu
SIZE=3379351
TYPE=HOTFIX(SVCPACK.INF)
CATEGORY=
TIE_UP=
XOR_KEY=
SYNCHRO_KEY=
RELEASE=2012/04/09
RUN_ORDER=046
CMD=
DECODE=0
DECODE_TYPE=
DECODE_GET=
IEXPRESS=0
IEXPRESS_LIST=
IEXPRESS_CMD=
PREVIOUS_SP=
COMMENT=

[KB2545698]
TITLE=Update for Windows 7 for x86-based Systems (KB2545698)
INFO=http://support.microsoft.com/kb/2545698
FILE=http://download.windowsupdate.com/msdownload/update/software/updt/2011/06/windows6.1-kb2545698-x86_e9b32b4a60c2fb2f074aa91038318173c0aadacf.msu
RENAME=windows6.1-kb2545698-x86.msu
SIZE=2432764
TYPE=HOTFIX(SVCPACK.INF)
CATEGORY=
TIE_UP=
XOR_KEY=
SYNCHRO_KEY=
RELEASE=2011/06/19
RUN_ORDER=047
CMD=
DECODE=0
DECODE_TYPE=
DECODE_GET=
IEXPRESS=0
IEXPRESS_LIST=
IEXPRESS_CMD=
PREVIOUS_SP=
COMMENT=

[KB3138612]
TITLE=Update for Windows 7 for x86-based Systems (KB3138612)
INFO=http://support.microsoft.com/kb/3138612
FILE=http://download.windowsupdate.com/d/msdownload/update/software/updt/2016/02/windows6.1-kb3138612-x86_6e90531daffc13bc4e92ecea890e501e807c621f.msu
RENAME=windows6.1-kb3138612-x86.msu
SIZE=2747180
TYPE=HOTFIX(SVCPACK.INF)
CATEGORY=
TIE_UP=
XOR_KEY=
SYNCHRO_KEY=
RELEASE=2016/02/29
RUN_ORDER=048
CMD=
DECODE=0
DECODE_TYPE=
DECODE_GET=
IEXPRESS=0
IEXPRESS_LIST=
IEXPRESS_CMD=
PREVIOUS_SP=
COMMENT=

[KB2919469]
TITLE=Update for Windows 7 for x86-based Systems (KB2919469)
INFO=http://support.microsoft.com/kb/2919469
FILE=http://download.windowsupdate.com/c/msdownload/update/software/updt/2014/02/windows6.1-kb2919469-x86_27adf082e711265258899424832c046afee5d061.msu
RENAME=windows6.1-kb2919469-x86.msu
SIZE=4858084
TYPE=HOTFIX(SVCPACK.INF)
CATEGORY=
TIE_UP=
XOR_KEY=
SYNCHRO_KEY=
RELEASE=2014/02/05
RUN_ORDER=049
CMD=
DECODE=0
DECODE_TYPE=
DECODE_GET=
IEXPRESS=0
IEXPRESS_LIST=
IEXPRESS_CMD=
PREVIOUS_SP=
COMMENT=

[KB2952664]
TITLE=Update for Windows 7 for x86-based Systems (KB2952664)
INFO=http://support.microsoft.com/kb/2952664
FILE=http://download.windowsupdate.com/c/msdownload/update/software/crup/2018/07/windows6.1-kb2952664-v25-x86_1c8e593191e7fbd8d25a4db07ca3ec822304ffcf.msu
RENAME=windows6.1-kb2952664-v25-x86.msu
SIZE=6469339
TYPE=HOTFIX(SVCPACK.INF)
CATEGORY=
TIE_UP=
XOR_KEY=
SYNCHRO_KEY=
RELEASE=2018/07/05
RUN_ORDER=050
CMD=
DECODE=0
DECODE_TYPE=
DECODE_GET=
IEXPRESS=0
IEXPRESS_LIST=
IEXPRESS_CMD=
PREVIOUS_SP=
COMMENT=

[KB3170735]
TITLE=Update for Windows 7 for x86-based Systems (KB3170735)
INFO=http://support.microsoft.com/kb/3170735
FILE=http://download.windowsupdate.com/d/msdownload/update/software/updt/2016/07/windows6.1-kb3170735-x86_644678aa18e829011eab68ad2529e717b8dcfead.msu
RENAME=windows6.1-kb3170735-x86.msu
SIZE=2492196
TYPE=HOTFIX(SVCPACK.INF)
CATEGORY=
TIE_UP=
XOR_KEY=
SYNCHRO_KEY=
RELEASE=2016/07/02
RUN_ORDER=051
CMD=
DECODE=0
DECODE_TYPE=
DECODE_GET=
IEXPRESS=0
IEXPRESS_LIST=
IEXPRESS_CMD=
PREVIOUS_SP=
COMMENT=

[KB3118401]
TITLE=Update for Windows 7 for x86-based Systems (KB3118401)
INFO=http://support.microsoft.com/kb/3118401
FILE=http://download.windowsupdate.com/c/msdownload/update/software/updt/2016/02/windows6.1-kb3118401-x86_db0267a39805ae9e98f037a5f6ada5b34fa7bdb2.msu
RENAME=windows6.1-kb3118401-x86.msu
SIZE=639386
TYPE=HOTFIX(SVCPACK.INF)
CATEGORY=
TIE_UP=
XOR_KEY=
SYNCHRO_KEY=
RELEASE=2016/02/09
RUN_ORDER=052
CMD=
DECODE=0
DECODE_TYPE=
DECODE_GET=
IEXPRESS=0
IEXPRESS_LIST=
IEXPRESS_CMD=
PREVIOUS_SP=
COMMENT=

[KB2547666]
TITLE=Update for Windows 7 for x86-based Systems (KB2547666)
INFO=http://support.microsoft.com/kb/2547666
FILE=http://download.windowsupdate.com/msdownload/update/software/updt/2011/06/windows6.1-kb2547666-x86_347580aa20811f8f196c0634da421c53498e7ab8.msu
RENAME=windows6.1-kb2547666-x86.msu
SIZE=2203123
TYPE=HOTFIX(SVCPACK.INF)
CATEGORY=
TIE_UP=
XOR_KEY=
SYNCHRO_KEY=
RELEASE=2011/06/19
RUN_ORDER=053
CMD=
DECODE=0
DECODE_TYPE=
DECODE_GET=
IEXPRESS=0
IEXPRESS_LIST=
IEXPRESS_CMD=
PREVIOUS_SP=
COMMENT=

[KB3068708]
TITLE=Update for Windows 7 for x86-based Systems (KB3068708)
INFO=http://support.microsoft.com/kb/3068708
FILE=http://download.windowsupdate.com/d/msdownload/update/software/updt/2015/06/windows6.1-kb3068708-x86_cb9e263f816e308857478f1c1adf02b370ab9841.msu
RENAME=windows6.1-kb3068708-x86.msu
SIZE=20215704
TYPE=HOTFIX(SVCPACK.INF)
CATEGORY=
TIE_UP=
XOR_KEY=
SYNCHRO_KEY=
RELEASE=2015/06/01
RUN_ORDER=054
CMD=
DECODE=0
DECODE_TYPE=
DECODE_GET=
IEXPRESS=0
IEXPRESS_LIST=
IEXPRESS_CMD=
PREVIOUS_SP=
COMMENT=

[KB2813347]
TITLE=Security Update for Windows 7 for x86-based Systems (KB2813347)
INFO=http://go.microsoft.com/fwlink/?LinkId=286679
FILE=http://download.windowsupdate.com/msdownload/update/software/secu/2013/03/windows6.1-kb2813347-x86_3c262dcdf6abae2c733bba2aad62465ffcbe5b20.msu
RENAME=windows6.1-kb2813347-x86.msu
SIZE=2855217
TYPE=HOTFIX(SVCPACK.INF)
CATEGORY=
TIE_UP=
XOR_KEY=
SYNCHRO_KEY=
RELEASE=2013/03/21
RUN_ORDER=055
CMD=
DECODE=0
DECODE_TYPE=
DECODE_GET=
IEXPRESS=0
IEXPRESS_LIST=
IEXPRESS_CMD=
PREVIOUS_SP=
COMMENT=

[KB3006137]
TITLE=Update for Windows 7 for x86-based Systems (KB3006137)
INFO=http://support.microsoft.com/kb/3006137
FILE=http://download.windowsupdate.com/d/msdownload/update/software/updt/2015/02/windows6.1-kb3006137-x86_4a93f03431d6f85334822910e585bc32d5f261d0.msu
RENAME=windows6.1-kb3006137-x86.msu
SIZE=4664049
TYPE=HOTFIX(SVCPACK.INF)
CATEGORY=
TIE_UP=
XOR_KEY=
SYNCHRO_KEY=
RELEASE=2015/02/20
RUN_ORDER=056
CMD=
DECODE=0
DECODE_TYPE=
DECODE_GET=
IEXPRESS=0
IEXPRESS_LIST=
IEXPRESS_CMD=
PREVIOUS_SP=
COMMENT=

[KB2574819]
TITLE=Update for Windows 7 for x86-based Systems (KB2574819)
INFO=http://support.microsoft.com/kb/2574819
FILE=http://download.windowsupdate.com/c/msdownload/update/software/updt/2013/06/windows6.1-kb2574819-v2-x86_219ef0b5d7e89489e3f0f01e264ec576cc3d66ad.msu
RENAME=windows6.1-kb2574819-v2-x86.msu
SIZE=1743985
TYPE=HOTFIX(SVCPACK.INF)
CATEGORY=
TIE_UP=KB2830477
XOR_KEY=
SYNCHRO_KEY=
RELEASE=2013/06/03
RUN_ORDER=057
CMD=
DECODE=0
DECODE_TYPE=
DECODE_GET=
IEXPRESS=0
IEXPRESS_LIST=
IEXPRESS_CMD=
PREVIOUS_SP=
COMMENT=

[KB2592687]
TITLE=Update for Windows 7 for x86-based Systems (KB2592687)
INFO=http://support.microsoft.com/kb/2592687
FILE=http://download.windowsupdate.com/msdownload/update/software/updt/2012/10/windows6.1-kb2592687-x86_4c11d26c8e1824643ce1caf60c30693d6536d0a2.msu
RENAME=windows6.1-kb2592687-x86.msu
SIZE=4560251
TYPE=HOTFIX(SVCPACK.INF)
CATEGORY=
TIE_UP=KB2574819
XOR_KEY=
SYNCHRO_KEY=
RELEASE=2012/10/16
RUN_ORDER=058
CMD=
DECODE=0
DECODE_TYPE=
DECODE_GET=
IEXPRESS=0
IEXPRESS_LIST=
IEXPRESS_CMD=
PREVIOUS_SP=
COMMENT=

[KB2830477]
TITLE=Update for Windows 7 for x86-based Systems (KB2830477)
INFO=http://support.microsoft.com/kb/2830477
FILE=http://download.windowsupdate.com/d/msdownload/update/software/updt/2013/11/windows6.1-kb2830477-x86_1319bd953bf956b82e30f7dee5994f3558ec7fdd.msu
RENAME=windows6.1-kb2830477-x86.msu
SIZE=3901365
TYPE=HOTFIX(SVCPACK.INF)
CATEGORY=
TIE_UP=
XOR_KEY=
SYNCHRO_KEY=
RELEASE=2013/11/07
RUN_ORDER=059
CMD=
DECODE=0
DECODE_TYPE=
DECODE_GET=
IEXPRESS=0
IEXPRESS_LIST=
IEXPRESS_CMD=
PREVIOUS_SP=
COMMENT=

[KB2923545]
TITLE=Update for Windows 7 for x86-based Systems (KB2923545)
INFO=http://support.microsoft.com/kb/2923545
FILE=http://download.windowsupdate.com/c/msdownload/update/software/updt/2014/02/windows6.1-kb2923545-x86_fff0876feea186260e48879a68791bcdaacd74f7.msu
RENAME=windows6.1-kb2923545-x86.msu
SIZE=3025207
TYPE=HOTFIX(SVCPACK.INF)
CATEGORY=
TIE_UP=KB2830477
XOR_KEY=
SYNCHRO_KEY=
RELEASE=2014/02/19
RUN_ORDER=060
CMD=
DECODE=0
DECODE_TYPE=
DECODE_GET=
IEXPRESS=0
IEXPRESS_LIST=
IEXPRESS_CMD=
PREVIOUS_SP=
COMMENT=

[KB3020388]
TITLE=Security Update for Windows 7 for x86-based Systems (KB3020388)
INFO=http://support.microsoft.com/kb/3020388
FILE=http://download.windowsupdate.com/c/msdownload/update/software/secu/2014/12/windows6.1-kb3020388-x86_837e0478bce5d45a7e483ae2ab65056c74a7940d.msu
RENAME=windows6.1-kb3020388-x86.msu
SIZE=241036
TYPE=HOTFIX(SVCPACK.INF)
CATEGORY=
TIE_UP=KB2830477
XOR_KEY=
SYNCHRO_KEY=
RELEASE=2014/12/17
RUN_ORDER=061
CMD=
DECODE=0
DECODE_TYPE=
DECODE_GET=
IEXPRESS=0
IEXPRESS_LIST=
IEXPRESS_CMD=
PREVIOUS_SP=
COMMENT=

[KB3075226]
TITLE=Security Update for Windows 7 for x86-based Systems (KB3075226)
INFO=http://support.microsoft.com/kb/3075226
FILE=http://download.windowsupdate.com/d/msdownload/update/software/secu/2015/07/windows6.1-kb3075226-x86_4ac94a6fd2b0038520d9bdab3d98d3779f557f7f.msu
RENAME=windows6.1-kb3075226-x86.msu
SIZE=2589688
TYPE=HOTFIX(SVCPACK.INF)
CATEGORY=
TIE_UP=KB2830477
XOR_KEY=
SYNCHRO_KEY=
RELEASE=2015/07/22
RUN_ORDER=062
CMD=
DECODE=0
DECODE_TYPE=
DECODE_GET=
IEXPRESS=0
IEXPRESS_LIST=
IEXPRESS_CMD=
PREVIOUS_SP=
COMMENT=

[KB3102429]
TITLE=Update for Windows 7 for x86-based Systems (KB3102429)
INFO=http://support.microsoft.com/kb/3102429
FILE=http://download.windowsupdate.com/d/msdownload/update/software/updt/2016/01/windows6.1-kb3102429-v2-x86_6dfa0a567a988f2c888f17196c5a7a16b79c8e68.msu
RENAME=windows6.1-kb3102429-v2-x86.msu
SIZE=17798230
TYPE=HOTFIX(SVCPACK.INF)
CATEGORY=
TIE_UP=
XOR_KEY=
SYNCHRO_KEY=
RELEASE=2016/01/09
RUN_ORDER=063
CMD=
DECODE=0
DECODE_TYPE=
DECODE_GET=
IEXPRESS=0
IEXPRESS_LIST=
IEXPRESS_CMD=
PREVIOUS_SP=
COMMENT=

[KB3125574]
TITLE=Update for Windows 7 for x86-based Systems (KB3125574)
INFO=http://support.microsoft.com/kb/3125574
FILE=http://download.windowsupdate.com/d/msdownload/update/software/updt/2016/05/windows6.1-kb3125574-v4-x86_ba1ff5537312561795cc04db0b02fbb0a74b2cbd.msu
RENAME=windows6.1-kb3125574-v4-x86.msu
SIZE=331377414
TYPE=HOTFIX(SVCPACK.INF)
CATEGORY=
TIE_UP=KB976932;KB3020369
XOR_KEY=
SYNCHRO_KEY=
RELEASE=2016/05/12
RUN_ORDER=064
CMD=
DECODE=0
DECODE_TYPE=
DECODE_GET=
IEXPRESS=0
IEXPRESS_LIST=
IEXPRESS_CMD=
PREVIOUS_SP=
COMMENT=

[KB4474419]
TITLE=2019-09 Security Update for Windows 7 for x86-based Systems (KB4474419)
INFO=https://support.microsoft.com/help/4474419
FILE=http://download.windowsupdate.com/c/msdownload/update/software/secu/2019/09/windows6.1-kb4474419-v3-x86_0f687d50402790f340087c576886501b3223bec6.msu
RENAME=windows6.1-kb4474419-v3-x86.msu
SIZE=35919018
TYPE=HOTFIX(SVCPACK.INF)
CATEGORY=
TIE_UP=
XOR_KEY=
SYNCHRO_KEY=
RELEASE=2019/09/02
RUN_ORDER=065
CMD=
DECODE=0
DECODE_TYPE=
DECODE_GET=
IEXPRESS=0
IEXPRESS_LIST=
IEXPRESS_CMD=
PREVIOUS_SP=
COMMENT=

[KB4539601]
TITLE=2020-01 Preview of Monthly Quality Rollup for Windows 7 for x86-based Systems (KB4539601)
INFO=https://support.microsoft.com/help/4539601
FILE=http://download.windowsupdate.com/d/msdownload/update/software/updt/2020/01/windows6.1-kb4539601-x86_89f30861c9a5d65b68ed1e029a68cf59be39fc13.msu
RENAME=windows6.1-kb4539601-x86.msu
SIZE=215654246
TYPE=HOTFIX(SVCPACK.INF)
CATEGORY=
TIE_UP=
XOR_KEY=
SYNCHRO_KEY=
RELEASE=2020/01/31
RUN_ORDER=066
CMD=
DECODE=0
DECODE_TYPE=
DECODE_GET=
IEXPRESS=0
IEXPRESS_LIST=
IEXPRESS_CMD=
PREVIOUS_SP=
COMMENT=

[KB947821]
TITLE=System Update Readiness Tool for Windows 7 for x86-based Systems (KB947821) [October 2014]
INFO=http://support.microsoft.com/kb/947821
FILE=http://download.windowsupdate.com/d/msdownload/update/software/crup/2014/10/windows6.1-kb947821-v34-x86_49649cb633aa4ff044cd70602ac777a0ec6f8630.msu
RENAME=windows6.1-kb947821-v34-x86.msu
SIZE=239126136
TYPE=HOTFIX(SVCPACK.INF)
CATEGORY=
TIE_UP=
XOR_KEY=
SYNCHRO_KEY=
RELEASE=2014/10/23
RUN_ORDER=067
CMD=
DECODE=0
DECODE_TYPE=
DECODE_GET=
IEXPRESS=0
IEXPRESS_LIST=
IEXPRESS_CMD=
PREVIOUS_SP=
COMMENT=

[KB2533552]
TITLE=Windows 7 Service Pack 1 for x86-based Systems (KB2533552)
INFO=http://support.microsoft.com/kb/976932
FILE=http://download.windowsupdate.com/msdownload/update/software/crup/2011/05/windows6.1-kb2533552-x86_f2061d1c40b34f88efbe55adf6803d278aa67064.msu
RENAME=windows6.1-kb2533552-x86.msu
SIZE=4266799
TYPE=HOTFIX(SVCPACK.INF)
CATEGORY=
TIE_UP=KB976932
XOR_KEY=
SYNCHRO_KEY=
RELEASE=2011/05/04
RUN_ORDER=068
CMD=
DECODE=0
DECODE_TYPE=
DECODE_GET=
IEXPRESS=0
IEXPRESS_LIST=
IEXPRESS_CMD=
PREVIOUS_SP=
COMMENT=

[EDGE]
TITLE=Download and deploy the new Microsoft Edge for business
INFO=https://www.microsoft.com/en-us/edge/business/download
FILE=http://go.microsoft.com/fwlink/?LinkID=2093505
RENAME=MicrosoftEdgeEnterprise-x86.msi
SIZE=1
TYPE=HOTFIX(SVCPACK.INF)
CATEGORY=
TIE_UP=
XOR_KEY=
SYNCHRO_KEY=
RELEASE=
RUN_ORDER=069
CMD=/quiet /norestart
DECODE=0
DECODE_TYPE=
DECODE_GET=
IEXPRESS=0
IEXPRESS_LIST=
IEXPRESS_CMD=
PREVIOUS_SP=
COMMENT=

[KB4481252]
TITLE=Microsoft Silverlight (KB4481252)
INFO=http://go.microsoft.com/fwlink/?LinkId=2050218
FILE=http://download.windowsupdate.com/d/msdownload/update/software/ftpk/2019/01/silverlight_a6ea175976edbdeeddfbfb65e64d9d1cfded84a1.exe
RENAME=silverlight-x86.exe
SIZE=7023448
TYPE=HOTFIX(SVCPACK.INF)
CATEGORY=
TIE_UP=
XOR_KEY=
SYNCHRO_KEY=
RELEASE=2019/01/02
RUN_ORDER=070
CMD=/q
DECODE=0
DECODE_TYPE=
DECODE_GET=
IEXPRESS=0
IEXPRESS_LIST=
IEXPRESS_CMD=
PREVIOUS_SP=
COMMENT=

[KB890830]
TITLE=Windows Malicious Software Removal Tool x86 - March 2020 (KB890830)
INFO=http://support.microsoft.com/kb/890830
FILE=http://download.windowsupdate.com/c/msdownload/update/software/uprl/2020/03/windows-kb890830-v5.81_d16dbe8b8899d5c774684aedcc6791d5b4f43973.exe
RENAME=windows-kb890830-x86-v5.81.exe
SIZE=31211432
TYPE=HOTFIX(SVCPACK.INF)
CATEGORY=
TIE_UP=
XOR_KEY=
SYNCHRO_KEY=
RELEASE=2020/03/02
RUN_ORDER=071
CMD=/x
DECODE=0
DECODE_TYPE=
DECODE_GET=
IEXPRESS=0
IEXPRESS_LIST=
IEXPRESS_CMD=
PREVIOUS_SP=
COMMENT=

[KB915597]
TITLE=Windows Defender in Windows 7 and Windows Vista
INFO=https://www.microsoft.com/en-us/wdsi/defenderupdates
FILE=https://go.microsoft.com/fwlink/?LinkID=121721&clcid=0x409&arch=x86&eng=0.0.0.0&avdelta=0.0.0.0&asdelta=0.0.0.0&prod=925A3ACA-C353-458A-AC8D-A7E5EB378092
RENAME=mpas-fe-x86.exe
SIZE=1
TYPE=HOTFIX(SVCPACK.INF)
CATEGORY=
TIE_UP=
XOR_KEY=
SYNCHRO_KEY=
RELEASE=2020/01/14
RUN_ORDER=072
CMD=-q
DECODE=0
DECODE_TYPE=
DECODE_GET=
IEXPRESS=0
IEXPRESS_LIST=
IEXPRESS_CMD=
PREVIOUS_SP=
COMMENT=

[MSE]
TITLE=Microsoft Security Essentials
INFO=https://www.microsoft.com/ja-jp/download/details.aspx?id=5201
FILE=https://download.microsoft.com/download/6/B/A/6BA6CAB0-DDB8-4DDD-88E3-F707D96E84D7/JAJP/x86/MSEInstall.exe
RENAME=MSEInstall-x86.exe
SIZE=12259672
TYPE=HOTFIX(SVCPACK.INF)
CATEGORY=
TIE_UP=
XOR_KEY=
SYNCHRO_KEY=
RELEASE=2018/10/13
RUN_ORDER=073
CMD=/s /runwgacheck /o
DECODE=0
DECODE_TYPE=
DECODE_GET=
IEXPRESS=0
IEXPRESS_LIST=
IEXPRESS_CMD=
PREVIOUS_SP=
COMMENT=

[MSE_DUP]
TITLE=Security Intelligence Update for Microsoft Security Essentials - KB2310138
INFO=https://www.microsoft.com/en-us/wdsi/defenderupdates
FILE=https://go.microsoft.com/fwlink/?LinkID=121721&arch=x86
RENAME=mpam-fe-x86.exe
SIZE=1
TYPE=HOTFIX(SVCPACK.INF)
CATEGORY=
TIE_UP=MSE
XOR_KEY=
SYNCHRO_KEY=
RELEASE=2019/04/10
RUN_ORDER=074
CMD=-q
DECODE=0
DECODE_TYPE=
DECODE_GET=
IEXPRESS=0
IEXPRESS_LIST=
IEXPRESS_CMD=
PREVIOUS_SP=
COMMENT=

[KB4503548]
TITLE=Microsoft .NET Framework 4.8 for Windows 7 for x86 (KB4503548)
INFO=http://support.microsoft.com/kb/4503548
FILE=http://download.windowsupdate.com/c/msdownload/update/software/ftpk/2019/08/ndp48-x86-x64-enu_0885a72554ca76d2cd3ad76f98878f22b6a1d0b2.exe
RENAME=ndp48-x86-x64-enu.exe
SIZE=54492616
TYPE=HOTFIX(SVCPACK.INF)
CATEGORY=
TIE_UP=
XOR_KEY=
SYNCHRO_KEY=
RELEASE=2019/08/06
RUN_ORDER=075
CMD=/norestart /passive
DECODE=0
DECODE_TYPE=
DECODE_GET=
IEXPRESS=0
IEXPRESS_LIST=
IEXPRESS_CMD=
PREVIOUS_SP=
COMMENT=

[KB4497410]
TITLE=Microsoft .NET Framework 4.8 Language Packs for Windows 7 and Server 2008 R2 (KB4497410)
INFO=http://support.microsoft.com/kb/4497410
FILE=http://download.windowsupdate.com/d/msdownload/update/software/ftpk/2019/08/ndp48-x86-x64-allos-jpn_5db56388695ff8728de328da002f70ee8c441bd7.exe
RENAME=ndp48-x86-x64-allos-jpn.exe
SIZE=5802184
TYPE=HOTFIX(SVCPACK.INF)
CATEGORY=
TIE_UP=KB4503548
XOR_KEY=
SYNCHRO_KEY=
RELEASE=2019/08/07
RUN_ORDER=076
CMD=/norestart /passive
DECODE=0
DECODE_TYPE=
DECODE_GET=
IEXPRESS=0
IEXPRESS_LIST=
IEXPRESS_CMD=
PREVIOUS_SP=
COMMENT=

[KB4503575]
TITLE=Microsoft .NET Framework 4.8 for Windows 7 for x86 (KB4503548)
INFO=http://support.microsoft.com/kb/4503548
FILE=http://download.windowsupdate.com/d/msdownload/update/software/ftpk/2020/01/ndp48-kb4503575-x86_78fea8088b0dbdd3384d248eda91b538b8ca3345.exe
RENAME=ndp48-kb4503575-x86.exe
SIZE=23966264
TYPE=HOTFIX(SVCPACK.INF)
CATEGORY=
TIE_UP=KB4503548
XOR_KEY=
SYNCHRO_KEY=
RELEASE=2020/01/03
RUN_ORDER=077
CMD=/norestart /passive
DECODE=0
DECODE_TYPE=
DECODE_GET=
IEXPRESS=0
IEXPRESS_LIST=
IEXPRESS_CMD=
PREVIOUS_SP=
COMMENT=

[KB4515847]
TITLE=2019-09 Preview of Quality Rollup for .NET Framework 4.8 for Windows 7 and Server 2008 R2 for x86 (KB4515847)
INFO=http://support.microsoft.com/kb/4515847
FILE=http://download.windowsupdate.com/c/msdownload/update/software/updt/2019/09/ndp48-kb4515847-x86_3a86918366a8073eb9484c8c6f17a2b20b0088f6.exe
RENAME=ndp48-kb4515847-x86.exe
SIZE=22013600
TYPE=HOTFIX(SVCPACK.INF)
CATEGORY=
TIE_UP=
XOR_KEY=
SYNCHRO_KEY=
RELEASE=2019/09/12
RUN_ORDER=078
CMD=/norestart /passive
DECODE=0
DECODE_TYPE=
DECODE_GET=
IEXPRESS=0
IEXPRESS_LIST=
IEXPRESS_CMD=
PREVIOUS_SP=
COMMENT=

[KB3191566]
TITLE=Windows Management Framework 5.1
INFO=https://www.microsoft.com/en-us/download/details.aspx?id=54616
FILE=https://download.microsoft.com/download/6/F/5/6F5FF66C-6775-42B0-86C4-47D41F2DA187/Win7-KB3191566-x86.zip
RENAME=
SIZE=44821734
TYPE=HOTFIX(SVCPACK.INF)
CATEGORY=
TIE_UP=KB4503548
XOR_KEY=
SYNCHRO_KEY=
RELEASE=2018/10/15
RUN_ORDER=079
CMD=/quiet /norestart
DECODE=0
DECODE_TYPE=
DECODE_GET=
IEXPRESS=0
IEXPRESS_LIST=
IEXPRESS_CMD=
PREVIOUS_SP=
COMMENT=
