[INFO]
VERSION=0.103.0
SOFTWARE=Windows 10 x86
TARGET=None
LANGUAGE=Japanese
NAME=Jun Itou
COMMENT=統合DVD作成用 2020/10 Version 20H2用

[LIST]
COUNT=8
1=KB4577266
2=KB4578968
3=KB4580325
4=KB4579311
5=KB4052623_200907
6=KB4052623_200110
7=KB890830
8=MSE_DUP

[KB4577266]
TITLE=2020-09x86 ベース システム用 Windows 10 Version 20H2 サービス スタック更新プログラム (KB4577266)
INFO=http://support.microsoft.com/help/4577266
FILE=http://download.windowsupdate.com/d/msdownload/update/software/secu/2020/09/windows10.0-kb4577266-x86_189fc04e250eee5113654f9b2b56a8ce9f764bfe.msu
RENAME=
SIZE=6975309
TYPE=HOTFIX(SVCPACK.INF)
CATEGORY=
TIE_UP=
XOR_KEY=
SYNCHRO_KEY=
RELEASE=2020/09/05
RUN_ORDER=001
CMD=
DECODE=0
DECODE_TYPE=
DECODE_GET=
IEXPRESS=0
IEXPRESS_LIST=
IEXPRESS_CMD=
PREVIOUS_SP=
COMMENT=サービススタック更新プログラム

[KB4578968]
TITLE=2020-10 .NET Framework 3.5 および 4.8 の累積的な更新プログラム (x86 向け Windows 10 Version 2009 用)
INFO=http://support.microsoft.com/help/4578968
FILE=http://download.windowsupdate.com/d/msdownload/update/software/secu/2020/10/windows10.0-kb4578968-x86-ndp48_22b6237ece753e66567645ad6cd1a28f20091268.msu
RENAME=
SIZE=43394337
TYPE=HOTFIX(SVCPACK.INF)
CATEGORY=
TIE_UP=
XOR_KEY=
SYNCHRO_KEY=
RELEASE=2020/10/05
RUN_ORDER=002
CMD=
DECODE=0
DECODE_TYPE=
DECODE_GET=
IEXPRESS=0
IEXPRESS_LIST=
IEXPRESS_CMD=
PREVIOUS_SP=
COMMENT=累積的な更新プログラム

[KB4580325]
TITLE=2020-10 x86 ベース システム用 Windows 10 Version 20H2 セキュリティ更新プログラム (Adobe Flash Player 対応)
INFO=http://support.microsoft.com/help/4580325
FILE=http://download.windowsupdate.com/d/msdownload/update/software/secu/2020/10/windows10.0-kb4580325-x86_6371b8d20f4e0f3dc012ef9eb1260f2d65ec479d.msu
RENAME=
SIZE=10974990
TYPE=HOTFIX(SVCPACK.INF)
CATEGORY=
TIE_UP=
XOR_KEY=
SYNCHRO_KEY=
RELEASE=2020/10/07
RUN_ORDER=003
CMD=
DECODE=0
DECODE_TYPE=
DECODE_GET=
IEXPRESS=0
IEXPRESS_LIST=
IEXPRESS_CMD=
PREVIOUS_SP=
COMMENT=セキュリティ更新プログラム (Adobe Flash Player 対応)

[KB4579311]
TITLE=2020-10 x86 ベース システム用 Windows 10 Version 20H2 の累積更新プログラム
INFO=http://support.microsoft.com/help/4579311
FILE=http://download.windowsupdate.com/d/msdownload/update/software/secu/2020/10/windows10.0-kb4579311-x86_014a0d35ad62119ea6349b6b96067fee60df4399.msu
RENAME=
SIZE=121540896
TYPE=HOTFIX(SVCPACK.INF)
CATEGORY=
TIE_UP=KB4577266
XOR_KEY=
SYNCHRO_KEY=
RELEASE=2020/10/09
RUN_ORDER=004
CMD=
DECODE=0
DECODE_TYPE=
DECODE_GET=
IEXPRESS=0
IEXPRESS_LIST=
IEXPRESS_CMD=
PREVIOUS_SP=
COMMENT=累積更新プログラム

[KB4052623_200907]
TITLE=Microsoft Defender Antivirus マルウェア対策プラットフォームの更新プログラム - (Version 4.18.2009.7)
INFO=http://support.microsoft.com/help/4052623/update-for-windows-defender-antimalware-platform
FILE=http://download.windowsupdate.com/c/msdownload/update/software/defu/2020/09/updateplatform_cf7f333f28b4fc2756c11897bcf44530d325a9e3.exe
RENAME=
SIZE=3539432
TYPE=HOTFIX(SVCPACK.INF)
CATEGORY=
TIE_UP=
XOR_KEY=
SYNCHRO_KEY=
RELEASE=2020/09/29
RUN_ORDER=005
CMD=/quiet /norestart
DECODE=0
DECODE_TYPE=
DECODE_GET=
IEXPRESS=0
IEXPRESS_LIST=
IEXPRESS_CMD=
PREVIOUS_SP=
COMMENT=マルウェア対策プラットフォームの更新プログラム

[KB4052623_200110]
TITLE=Windows Defender Antivirus マルウェア対策プラットフォームの更新プログラム - (Version 4.18.2001.10)
INFO=http://support.microsoft.com/help/4052623/update-for-windows-defender-antimalware-platform
FILE=http://download.windowsupdate.com/c/msdownload/update/software/updt/2020/02/updateplatform_eaf76728f00b841dc9b3b1722f778e50ed59438a.exe
RENAME=
SIZE=3811792
TYPE=HOTFIX(SVCPACK.INF)
CATEGORY=
TIE_UP=
XOR_KEY=
SYNCHRO_KEY=
RELEASE=2020/02/13
RUN_ORDER=006
CMD=/quiet /norestart
DECODE=0
DECODE_TYPE=
DECODE_GET=
IEXPRESS=0
IEXPRESS_LIST=
IEXPRESS_CMD=
PREVIOUS_SP=
COMMENT=マルウェア対策プラットフォームの更新プログラム

[KB890830]
TITLE=悪意のあるソフトウェアの削除ツール x86 - v5.83
INFO=http://support.microsoft.com/help/890830
FILE=http://download.windowsupdate.com/d/msdownload/update/software/uprl/2020/09/windows-kb890830-v5.83_c9f1cf25fdde811e9a5dd6f35812a6bc0b450ac0.exe
RENAME=
SIZE=33949896
TYPE=HOTFIX(SVCPACK.INF)
CATEGORY=
TIE_UP=
XOR_KEY=
SYNCHRO_KEY=
RELEASE=2020/09/02
RUN_ORDER=007
CMD=/x
DECODE=0
DECODE_TYPE=
DECODE_GET=
IEXPRESS=0
IEXPRESS_LIST=
IEXPRESS_CMD=
PREVIOUS_SP=
COMMENT=悪意のあるソフトウェアの削除ツール

[MSE_DUP]
TITLE=Windows Defender Antivirus for Windows 10 and Windows 8.1
INFO=http://www.microsoft.com/en-us/wdsi/defenderupdates
FILE=http://go.microsoft.com/fwlink/?LinkID=121721&arch=x86
RENAME=mpam-fe-x86.exe
SIZE=1
TYPE=HOTFIX(SVCPACK.INF)
CATEGORY=
TIE_UP=
XOR_KEY=
SYNCHRO_KEY=
RELEASE=2019/04/10
RUN_ORDER=008
CMD=-q
DECODE=0
DECODE_TYPE=
DECODE_GET=
IEXPRESS=0
IEXPRESS_LIST=
IEXPRESS_CMD=
PREVIOUS_SP=
COMMENT=
