[INFO]
VERSION=0.103.0
SOFTWARE=Windows 8.1 x64
TARGET=None
LANGUAGE=Japanese
NAME=Jun Itou
COMMENT=統合DVD作成用 2020/112

[LIST]
COUNT=143
1=KB3000850
2=KB4486105
3=KB4087514
4=KB3173424
5=KB3172729
6=KB4566425
7=KB2899189
8=KB2976978
9=KB2989930
10=KB2990967
11=KB2994290
12=KB3003667
13=KB3008242
14=KB3012235
15=KB3012702
16=KB3013172
17=KB3013410
18=KB3013531
19=KB3013538
20=KB3013769
21=KB3004545
22=KB3013791
23=KB3013816
24=KB3015696
25=KB3018133
26=KB3019978
27=KB3020370
28=KB3023266
29=KB3024751
30=KB3024755
31=KB3027209
32=KB3029606
33=KB3030947
34=KB3031044
35=KB3033446
36=KB3035126
37=KB3036612
38=KB3038002
39=KB3042058
40=KB3042085
41=KB3043812
42=KB3044374
43=KB3044673
44=KB3045634
45=KB3045685
46=KB3045717
47=KB3045719
48=KB3045999
49=KB3046017
50=KB3046480
51=KB3046737
52=KB3047254
53=KB3053863
54=KB3054169
55=KB3054256
56=KB3054464
57=KB3055323
58=KB3055343
59=KB3056347
60=KB3059317
61=KB3060793
62=KB3061493
63=KB3061512
64=KB3062760
65=KB3063843
66=KB3064059
67=KB3071756
68=KB3076949
69=KB3077715
70=KB3078405
71=KB3080149
72=KB3080800
73=KB3082089
74=KB3084135
75=KB3084905
76=KB3086255
77=KB3087137
78=KB3088195
79=KB3091297
80=KB3095701
81=KB3099834
82=KB3100473
83=KB3102429
84=KB3103616
85=KB3103696
86=KB3103709
87=KB3109103
88=KB3109560
89=KB3109976
90=KB3110329
91=KB3115224
92=KB3115858
93=KB3121261
94=KB3126030
95=KB3126434
96=KB3126587
97=KB3133690
98=KB3134815
99=KB3137728
100=KB3138378
101=KB3138602
102=KB3138910
103=KB3138962
104=KB3139398
105=KB3139914
106=KB3140185
107=KB3140219
108=KB3140234
109=KB3145384
110=KB3146604
111=KB3146723
112=KB3146751
113=KB3147071
114=KB3149157
115=KB3150513
116=KB3155178
117=KB3155784
118=KB3156059
119=KB3159398
120=KB3161102
121=KB3161949
122=KB3172614
123=KB3175024
124=KB3178539
125=KB3179574
126=KB3184143
127=KB3185319
128=KB3187754
129=KB4054519
130=KB4462930
131=KB4578953
132=KB4578956
133=KB4578962
134=KB4585214
135=KB4578976
136=KB4585212
137=KB4580325
138=KB4580347
139=KB4586845
140=KB4481252
141=EDGE
142=KB890830
143=MSE_DUP

[KB3000850]
TITLE=Windows 8.1 for x64-Based Systems 用更新プログラム (KB3000850)
INFO=http://support.microsoft.com/help/3000850
FILE=http://download.windowsupdate.com/c/msdownload/update/software/updt/2014/11/windows8.1-kb3000850-x64_94a08e535c004b860e9434fbd1e2d293583620a2.msu
RENAME=
SIZE=745662073
TYPE=HOTFIX(SVCPACK.INF)
CATEGORY=
TIE_UP=KB2919355
XOR_KEY=
SYNCHRO_KEY=
RELEASE=2014/11/11
RUN_ORDER=001
CMD=
DECODE=0
DECODE_TYPE=
DECODE_GET=
IEXPRESS=0
IEXPRESS_LIST=
IEXPRESS_CMD=
PREVIOUS_SP=
COMMENT=更新プログラム

[KB4486105]
TITLE=Windows 8.1 x64 用 Microsoft .NET Framework 4.8 (KB4486105)
INFO=http://support.microsoft.com/help/4486105
FILE=http://download.windowsupdate.com/d/msdownload/update/software/ftpk/2019/12/windows8.1-kb4486105-x64_1cba02a8aec5034da82cb2dca744648bc4a4eaef.msu
RENAME=
SIZE=73980226
TYPE=HOTFIX(SVCPACK.INF)
CATEGORY=
TIE_UP=
XOR_KEY=
SYNCHRO_KEY=
RELEASE=2019/12/27
RUN_ORDER=002
CMD=
DECODE=0
DECODE_TYPE=
DECODE_GET=
IEXPRESS=0
IEXPRESS_LIST=
IEXPRESS_CMD=
PREVIOUS_SP=
COMMENT=Microsoft .NET Framework 4.8

[KB4087514]
TITLE=x64 用 Windows 8.1 および Server 2012 R2 の、Microsoft .NET Framework 4.8 言語パック (KB4087514)
INFO=http://support.microsoft.com/help/4087514
FILE=http://download.windowsupdate.com/d/msdownload/update/software/ftpk/2019/08/windows8.1-kb4486119-x64_8dbdff828f7ce69b85dfa79118e4e7089df31ada.msu
RENAME=
SIZE=4862233
TYPE=HOTFIX(SVCPACK.INF)
CATEGORY=
TIE_UP=KB4486105
XOR_KEY=
SYNCHRO_KEY=
RELEASE=2019/08/06
RUN_ORDER=003
CMD=
DECODE=0
DECODE_TYPE=
DECODE_GET=
IEXPRESS=0
IEXPRESS_LIST=
IEXPRESS_CMD=
PREVIOUS_SP=
COMMENT=Microsoft .NET Framework 4.8 言語パック

[KB3173424]
TITLE=Windows 8.1 for x64-Based Systems 用更新プログラム (KB3173424)
INFO=http://support.microsoft.com/help/3173424
FILE=http://download.windowsupdate.com/d/msdownload/update/software/crup/2016/06/windows8.1-kb3173424-x64_9a1c9e0082978d92abee71f2cfed5e0f4b6ce85c.msu
RENAME=
SIZE=10994806
TYPE=HOTFIX(SVCPACK.INF)
CATEGORY=
TIE_UP=
XOR_KEY=KB4566425
SYNCHRO_KEY=
RELEASE=2016/06/29
RUN_ORDER=004
CMD=
DECODE=0
DECODE_TYPE=
DECODE_GET=
IEXPRESS=0
IEXPRESS_LIST=
IEXPRESS_CMD=
PREVIOUS_SP=
COMMENT=更新プログラム

[KB3172729]
TITLE=Windows 8.1 for x64-Based Systems 用セキュリティ更新プログラム (KB3172729)
INFO=http://support.microsoft.com/help/3172729
FILE=http://download.windowsupdate.com/d/msdownload/update/software/secu/2016/07/windows8.1-kb3172729-x64_e8003822a7ef4705cbb65623b72fd3cec73fe222.msu
RENAME=
SIZE=270744
TYPE=HOTFIX(SVCPACK.INF)
CATEGORY=
TIE_UP=KB2919355
XOR_KEY=
SYNCHRO_KEY=
RELEASE=2016/07/20
RUN_ORDER=005
CMD=
DECODE=0
DECODE_TYPE=
DECODE_GET=
IEXPRESS=0
IEXPRESS_LIST=
IEXPRESS_CMD=
PREVIOUS_SP=
COMMENT=セキュリティ更新プログラム

[KB4566425]
TITLE=2020-07x64 ベース システム用 Windows 8.1 サービス スタック更新プログラム (KB4566425)
INFO=http://support.microsoft.com/help/4566425
FILE=http://download.windowsupdate.com/d/msdownload/update/software/secu/2020/07/windows8.1-kb4566425-x64_243a8843ec4f888de71d0a94ec3deaf4e345f7a5.msu
RENAME=
SIZE=11007360
TYPE=HOTFIX(SVCPACK.INF)
CATEGORY=
TIE_UP=
XOR_KEY=
SYNCHRO_KEY=
RELEASE=2020/07/06
RUN_ORDER=006
CMD=
DECODE=0
DECODE_TYPE=
DECODE_GET=
IEXPRESS=0
IEXPRESS_LIST=
IEXPRESS_CMD=
PREVIOUS_SP=
COMMENT=サービススタック更新プログラム

[KB2899189]
TITLE=Windows 8.1 for x64-based Systems 用 Microsoft Camera Codec Pack の更新プログラム (KB2899189)
INFO=http://support.microsoft.com/help/2899189
FILE=http://download.windowsupdate.com/c/msdownload/update/software/updt/2013/12/windows8.1-kb2899189-x64_718f4178e29d4d93d9aaea2e17603bcf532b041a.msu
RENAME=
SIZE=14724457
TYPE=HOTFIX(SVCPACK.INF)
CATEGORY=
TIE_UP=
XOR_KEY=
SYNCHRO_KEY=
RELEASE=2013/12/04
RUN_ORDER=007
CMD=
DECODE=0
DECODE_TYPE=
DECODE_GET=
IEXPRESS=0
IEXPRESS_LIST=
IEXPRESS_CMD=
PREVIOUS_SP=
COMMENT=更新プログラム

[KB2976978]
TITLE=Windows 8.1 for x64-Based Systems 用更新プログラム (KB2976978)
INFO=http://support.microsoft.com/help/2976978
FILE=http://download.windowsupdate.com/d/msdownload/update/software/crup/2018/07/windows8.1-kb2976978-v24-x64_edb8f26452e645838dc6797fa23374fb24cfd2df.msu
RENAME=
SIZE=6576065
TYPE=HOTFIX(SVCPACK.INF)
CATEGORY=
TIE_UP=
XOR_KEY=
SYNCHRO_KEY=
RELEASE=2018/07/05
RUN_ORDER=008
CMD=
DECODE=0
DECODE_TYPE=
DECODE_GET=
IEXPRESS=0
IEXPRESS_LIST=
IEXPRESS_CMD=
PREVIOUS_SP=
COMMENT=更新プログラム

[KB2989930]
TITLE=Windows 8.1 for x64-Based Systems 用更新プログラム (KB2989930)
INFO=http://support.microsoft.com/help/2989930
FILE=http://download.windowsupdate.com/c/msdownload/update/software/uprl/2014/11/windows8.1-kb2989930-x64_ea40eb4870a768f33889530c8511caf433b52120.msu
RENAME=
SIZE=328763
TYPE=HOTFIX(SVCPACK.INF)
CATEGORY=
TIE_UP=
XOR_KEY=
SYNCHRO_KEY=
RELEASE=2014/11/26
RUN_ORDER=009
CMD=
DECODE=0
DECODE_TYPE=
DECODE_GET=
IEXPRESS=0
IEXPRESS_LIST=
IEXPRESS_CMD=
PREVIOUS_SP=
COMMENT=更新プログラム

[KB2990967]
TITLE=Windows 8.1 for x64-Based Systems 用更新プログラム (KB2990967)
INFO=http://support.microsoft.com/help/2990967
FILE=http://download.windowsupdate.com/d/msdownload/update/software/updt/2014/09/windows8.1-kb2990967-x64_e3f425d271aeadfe382fe4e6f3ead1363217f605.msu
RENAME=
SIZE=204138
TYPE=HOTFIX(SVCPACK.INF)
CATEGORY=
TIE_UP=
XOR_KEY=
SYNCHRO_KEY=
RELEASE=2014/09/02
RUN_ORDER=010
CMD=
DECODE=0
DECODE_TYPE=
DECODE_GET=
IEXPRESS=0
IEXPRESS_LIST=
IEXPRESS_CMD=
PREVIOUS_SP=
COMMENT=更新プログラム

[KB2994290]
TITLE=Windows 8.1 for x64-Based Systems 用更新プログラム (KB2994290)
INFO=http://support.microsoft.com/help/2994290
FILE=http://download.windowsupdate.com/d/msdownload/update/software/crup/2014/12/windows8.1-kb2994290-x64_e236f61f3f28696cf9a7cd67fb292892827e9fb2.msu
RENAME=
SIZE=45386993
TYPE=HOTFIX(SVCPACK.INF)
CATEGORY=
TIE_UP=
XOR_KEY=
SYNCHRO_KEY=
RELEASE=2014/12/05
RUN_ORDER=011
CMD=
DECODE=0
DECODE_TYPE=
DECODE_GET=
IEXPRESS=0
IEXPRESS_LIST=
IEXPRESS_CMD=
PREVIOUS_SP=
COMMENT=更新プログラム

[KB3003667]
TITLE=Windows 8.1 for x64-Based Systems 用更新プログラム (KB3003667)
INFO=http://support.microsoft.com/help/3003667
FILE=http://download.windowsupdate.com/c/msdownload/update/software/updt/2014/11/windows8.1-kb3003667-x64_469cfe807f1ddc7075918aa67657ff5e065f8ede.msu
RENAME=
SIZE=16602358
TYPE=HOTFIX(SVCPACK.INF)
CATEGORY=
TIE_UP=KB2899189
XOR_KEY=
SYNCHRO_KEY=
RELEASE=2014/11/05
RUN_ORDER=012
CMD=
DECODE=0
DECODE_TYPE=
DECODE_GET=
IEXPRESS=0
IEXPRESS_LIST=
IEXPRESS_CMD=
PREVIOUS_SP=
COMMENT=更新プログラム

[KB3008242]
TITLE=Windows 8.1 for x64-Based Systems 用更新プログラム (KB3008242)
INFO=http://support.microsoft.com/help/3008242
FILE=http://download.windowsupdate.com/c/msdownload/update/software/crup/2014/11/windows8.1-kb3008242-x64_969750d7a771e21812b8cc27a7432ffbec32f0df.msu
RENAME=
SIZE=409766
TYPE=HOTFIX(SVCPACK.INF)
CATEGORY=
TIE_UP=
XOR_KEY=
SYNCHRO_KEY=
RELEASE=2014/11/05
RUN_ORDER=013
CMD=
DECODE=0
DECODE_TYPE=
DECODE_GET=
IEXPRESS=0
IEXPRESS_LIST=
IEXPRESS_CMD=
PREVIOUS_SP=
COMMENT=更新プログラム

[KB3012235]
TITLE=Windows 8.1 for x64-Based Systems 用更新プログラム (KB3012235)
INFO=http://support.microsoft.com/help/3012235
FILE=http://download.windowsupdate.com/c/msdownload/update/software/updt/2015/03/windows8.1-kb3012235-v3-x64_e571ff15b7fa19fe7908f6d2362fd1bef751e5e6.msu
RENAME=
SIZE=973352
TYPE=HOTFIX(SVCPACK.INF)
CATEGORY=
TIE_UP=
XOR_KEY=
SYNCHRO_KEY=
RELEASE=2015/03/04
RUN_ORDER=014
CMD=
DECODE=0
DECODE_TYPE=
DECODE_GET=
IEXPRESS=0
IEXPRESS_LIST=
IEXPRESS_CMD=
PREVIOUS_SP=
COMMENT=更新プログラム

[KB3012702]
TITLE=Windows 8.1 for x64-Based Systems 用更新プログラム (KB3012702)
INFO=http://support.microsoft.com/help/3012702
FILE=http://download.windowsupdate.com/d/msdownload/update/software/updt/2015/03/windows8.1-kb3012702-x64_082e460ce711abe34a624c1bdb083c2827eef524.msu
RENAME=
SIZE=15657271
TYPE=HOTFIX(SVCPACK.INF)
CATEGORY=
TIE_UP=
XOR_KEY=
SYNCHRO_KEY=
RELEASE=2015/03/04
RUN_ORDER=015
CMD=
DECODE=0
DECODE_TYPE=
DECODE_GET=
IEXPRESS=0
IEXPRESS_LIST=
IEXPRESS_CMD=
PREVIOUS_SP=
COMMENT=更新プログラム

[KB3013172]
TITLE=Windows 8.1 for x64-Based Systems 用更新プログラム (KB3013172)
INFO=http://support.microsoft.com/help/3013172
FILE=http://download.windowsupdate.com/c/msdownload/update/software/updt/2015/03/windows8.1-kb3013172-x64_e88e5a9796ea3b09d0790e5d9170eff9127956b3.msu
RENAME=
SIZE=266573
TYPE=HOTFIX(SVCPACK.INF)
CATEGORY=
TIE_UP=
XOR_KEY=
SYNCHRO_KEY=
RELEASE=2015/03/04
RUN_ORDER=016
CMD=
DECODE=0
DECODE_TYPE=
DECODE_GET=
IEXPRESS=0
IEXPRESS_LIST=
IEXPRESS_CMD=
PREVIOUS_SP=
COMMENT=更新プログラム

[KB3013410]
TITLE=Windows 8.1 for x64-Based Systems 用更新プログラム (KB3013410)
INFO=http://support.microsoft.com/help/3013410
FILE=http://download.windowsupdate.com/d/msdownload/update/software/updt/2014/11/windows8.1-kb3013410-x64_fe36a3ed764c365495ec35969c8075642a037ae9.msu
RENAME=
SIZE=1280537
TYPE=HOTFIX(SVCPACK.INF)
CATEGORY=
TIE_UP=
XOR_KEY=
SYNCHRO_KEY=
RELEASE=2014/11/26
RUN_ORDER=017
CMD=
DECODE=0
DECODE_TYPE=
DECODE_GET=
IEXPRESS=0
IEXPRESS_LIST=
IEXPRESS_CMD=
PREVIOUS_SP=
COMMENT=更新プログラム

[KB3013531]
TITLE=Windows 8.1 for x64-Based Systems 用更新プログラム (KB3013531)
INFO=http://support.microsoft.com/help/3013531
FILE=http://download.windowsupdate.com/c/msdownload/update/software/updt/2015/04/windows8.1-kb3013531-x64_2808e688cdf40ceb073f3943274884299bf391cb.msu
RENAME=
SIZE=1511767
TYPE=HOTFIX(SVCPACK.INF)
CATEGORY=
TIE_UP=
XOR_KEY=
SYNCHRO_KEY=
RELEASE=2015/04/11
RUN_ORDER=018
CMD=
DECODE=0
DECODE_TYPE=
DECODE_GET=
IEXPRESS=0
IEXPRESS_LIST=
IEXPRESS_CMD=
PREVIOUS_SP=
COMMENT=更新プログラム

[KB3013538]
TITLE=Windows 8.1 for x64-Based Systems 用更新プログラム (KB3013538)
INFO=http://support.microsoft.com/help/3013538
FILE=http://download.windowsupdate.com/c/msdownload/update/software/updt/2015/03/windows8.1-kb3013538-x64_25f7a43cce87d510a3067bc9a98263dfddfcf7df.msu
RENAME=
SIZE=3912068
TYPE=HOTFIX(SVCPACK.INF)
CATEGORY=
TIE_UP=
XOR_KEY=
SYNCHRO_KEY=
RELEASE=2015/03/04
RUN_ORDER=019
CMD=
DECODE=0
DECODE_TYPE=
DECODE_GET=
IEXPRESS=0
IEXPRESS_LIST=
IEXPRESS_CMD=
PREVIOUS_SP=
COMMENT=更新プログラム

[KB3013769]
TITLE=Windows 8.1 for x64-Based Systems 用更新プログラム (KB3013769)
INFO=http://support.microsoft.com/help/3013769
FILE=http://download.windowsupdate.com/d/msdownload/update/software/updt/2014/11/windows8.1-kb3013769-x64_333fd115b90e8ad6d8111723ac03aebd8a9d91fb.msu
RENAME=
SIZE=58615130
TYPE=HOTFIX(SVCPACK.INF)
CATEGORY=
TIE_UP=KB2919355
XOR_KEY=
SYNCHRO_KEY=
RELEASE=2014/11/26
RUN_ORDER=020
CMD=
DECODE=0
DECODE_TYPE=
DECODE_GET=
IEXPRESS=0
IEXPRESS_LIST=
IEXPRESS_CMD=
PREVIOUS_SP=
COMMENT=更新プログラム

[KB3004545]
TITLE=Hotfix for Windows 8.1 x64 Edition (KB3004545)
INFO=http://support.microsoft.com/help/3004545
FILE=http://download.windowsupdate.com/d/msdownload/update/software/htfx/2015/01/windows8.1-kb3004545-x64_462ce6dbcf30b8907bf1f742961661ba1b4a6412.msu
RENAME=
SIZE=563387
TYPE=HOTFIX(SVCPACK.INF)
CATEGORY=
TIE_UP=KB2919355
XOR_KEY=
SYNCHRO_KEY=
RELEASE=2015/01/29
RUN_ORDER=021
CMD=
DECODE=0
DECODE_TYPE=
DECODE_GET=
IEXPRESS=0
IEXPRESS_LIST=
IEXPRESS_CMD=
PREVIOUS_SP=
COMMENT=Hotfix：KB3013769

[KB3013791]
TITLE=Windows 8.1 for x64-Based Systems 用更新プログラム (KB3013791)
INFO=http://support.microsoft.com/help/3013791
FILE=http://download.windowsupdate.com/d/msdownload/update/software/updt/2015/06/windows8.1-kb3013791-x64_3f60476f80959e9b928ae97101a8376a3a53ecc7.msu
RENAME=
SIZE=376036
TYPE=HOTFIX(SVCPACK.INF)
CATEGORY=
TIE_UP=
XOR_KEY=
SYNCHRO_KEY=
RELEASE=2015/06/03
RUN_ORDER=022
CMD=
DECODE=0
DECODE_TYPE=
DECODE_GET=
IEXPRESS=0
IEXPRESS_LIST=
IEXPRESS_CMD=
PREVIOUS_SP=
COMMENT=更新プログラム

[KB3013816]
TITLE=Windows 8.1 for x64-Based Systems 用更新プログラム (KB3013816)
INFO=http://support.microsoft.com/help/3013816
FILE=http://download.windowsupdate.com/d/msdownload/update/software/updt/2014/11/windows8.1-kb3013816-x64_8b6ae51c9e831c803c2cc4046c5736385f067e7c.msu
RENAME=
SIZE=5213047
TYPE=HOTFIX(SVCPACK.INF)
CATEGORY=
TIE_UP=KB2919355
XOR_KEY=
SYNCHRO_KEY=
RELEASE=2014/11/26
RUN_ORDER=023
CMD=
DECODE=0
DECODE_TYPE=
DECODE_GET=
IEXPRESS=0
IEXPRESS_LIST=
IEXPRESS_CMD=
PREVIOUS_SP=
COMMENT=更新プログラム

[KB3015696]
TITLE=Windows 8.1 for x64-Based Systems 用更新プログラム (KB3015696)
INFO=http://support.microsoft.com/help/3015696
FILE=http://download.windowsupdate.com/c/msdownload/update/software/updt/2015/04/windows8.1-kb3015696-x64_6396d543ff9753a59bdf91737ad36cbc17b18218.msu
RENAME=
SIZE=956108
TYPE=HOTFIX(SVCPACK.INF)
CATEGORY=
TIE_UP=
XOR_KEY=
SYNCHRO_KEY=
RELEASE=2015/04/11
RUN_ORDER=024
CMD=
DECODE=0
DECODE_TYPE=
DECODE_GET=
IEXPRESS=0
IEXPRESS_LIST=
IEXPRESS_CMD=
PREVIOUS_SP=
COMMENT=更新プログラム

[KB3018133]
TITLE=Windows 8.1 for x64-Based Systems 用更新プログラム (KB3018133)
INFO=http://support.microsoft.com/help/3018133
FILE=http://download.windowsupdate.com/c/msdownload/update/software/updt/2015/03/windows8.1-kb3018133-x64_dd0ba32644654f868d6922e2ab9078ad8da289ac.msu
RENAME=
SIZE=220310
TYPE=HOTFIX(SVCPACK.INF)
CATEGORY=
TIE_UP=
XOR_KEY=
SYNCHRO_KEY=
RELEASE=2015/03/04
RUN_ORDER=025
CMD=
DECODE=0
DECODE_TYPE=
DECODE_GET=
IEXPRESS=0
IEXPRESS_LIST=
IEXPRESS_CMD=
PREVIOUS_SP=
COMMENT=更新プログラム

[KB3019978]
TITLE=Windows 8.1 for x64-Based Systems 用セキュリティ更新プログラム (KB3019978)
INFO=http://support.microsoft.com/help/3019978
FILE=http://download.windowsupdate.com/c/msdownload/update/software/secu/2015/01/windows8.1-kb3019978-x64_80f7b7e16ab31192c6a75ab632db254df8c83a2e.msu
RENAME=
SIZE=242760
TYPE=HOTFIX(SVCPACK.INF)
CATEGORY=
TIE_UP=
XOR_KEY=
SYNCHRO_KEY=
RELEASE=2015/01/07
RUN_ORDER=026
CMD=
DECODE=0
DECODE_TYPE=
DECODE_GET=
IEXPRESS=0
IEXPRESS_LIST=
IEXPRESS_CMD=
PREVIOUS_SP=
COMMENT=セキュリティ更新プログラム

[KB3020370]
TITLE=Windows 8.1 for x64-Based Systems 用更新プログラム (KB3020370)
INFO=http://support.microsoft.com/help/3020370
FILE=http://download.windowsupdate.com/d/msdownload/update/software/updt/2015/04/windows8.1-kb3020370-x64_5d5f38ecf1eea1ecf4401f88ea19f3b71e676a2f.msu
RENAME=
SIZE=341229
TYPE=HOTFIX(SVCPACK.INF)
CATEGORY=
TIE_UP=
XOR_KEY=
SYNCHRO_KEY=
RELEASE=2015/04/11
RUN_ORDER=027
CMD=
DECODE=0
DECODE_TYPE=
DECODE_GET=
IEXPRESS=0
IEXPRESS_LIST=
IEXPRESS_CMD=
PREVIOUS_SP=
COMMENT=更新プログラム

[KB3023266]
TITLE=Windows 8.1 for x64-Based Systems 用セキュリティ更新プログラム (KB3023266)
INFO=http://support.microsoft.com/help/3023266
FILE=http://download.windowsupdate.com/d/msdownload/update/software/secu/2015/01/windows8.1-kb3023266-x64_a799d527b608a6e94138b0a93a6255748c09049a.msu
RENAME=
SIZE=237155
TYPE=HOTFIX(SVCPACK.INF)
CATEGORY=
TIE_UP=
XOR_KEY=
SYNCHRO_KEY=
RELEASE=2015/01/02
RUN_ORDER=028
CMD=
DECODE=0
DECODE_TYPE=
DECODE_GET=
IEXPRESS=0
IEXPRESS_LIST=
IEXPRESS_CMD=
PREVIOUS_SP=
COMMENT=セキュリティ更新プログラム

[KB3024751]
TITLE=Windows 8.1 for x64-Based Systems 用更新プログラム (KB3024751)
INFO=http://support.microsoft.com/help/3024751
FILE=http://download.windowsupdate.com/c/msdownload/update/software/updt/2015/03/windows8.1-kb3024751-x64_3f36a47890ba3414ae1658193ebaedaea31fc34b.msu
RENAME=
SIZE=840541
TYPE=HOTFIX(SVCPACK.INF)
CATEGORY=
TIE_UP=
XOR_KEY=
SYNCHRO_KEY=
RELEASE=2015/03/04
RUN_ORDER=029
CMD=
DECODE=0
DECODE_TYPE=
DECODE_GET=
IEXPRESS=0
IEXPRESS_LIST=
IEXPRESS_CMD=
PREVIOUS_SP=
COMMENT=更新プログラム

[KB3024755]
TITLE=Windows 8.1 for x64-Based Systems 用更新プログラム (KB3024755)
INFO=http://support.microsoft.com/help/3024755
FILE=http://download.windowsupdate.com/c/msdownload/update/software/updt/2015/03/windows8.1-kb3024755-x64_acc7a10bceb5ec40bdb89670484741b6d36acf3a.msu
RENAME=
SIZE=745296
TYPE=HOTFIX(SVCPACK.INF)
CATEGORY=
TIE_UP=
XOR_KEY=
SYNCHRO_KEY=
RELEASE=2015/03/04
RUN_ORDER=030
CMD=
DECODE=0
DECODE_TYPE=
DECODE_GET=
IEXPRESS=0
IEXPRESS_LIST=
IEXPRESS_CMD=
PREVIOUS_SP=
COMMENT=更新プログラム

[KB3027209]
TITLE=Windows 8.1 for x64-Based Systems 用更新プログラム (KB3027209)
INFO=http://support.microsoft.com/help/3027209
FILE=http://download.windowsupdate.com/c/msdownload/update/software/updt/2015/03/windows8.1-kb3027209-x64_1a634bf488f4b00b0f800fe0b33b9d9b1da389ca.msu
RENAME=
SIZE=2381834
TYPE=HOTFIX(SVCPACK.INF)
CATEGORY=
TIE_UP=
XOR_KEY=
SYNCHRO_KEY=
RELEASE=2015/03/04
RUN_ORDER=031
CMD=
DECODE=0
DECODE_TYPE=
DECODE_GET=
IEXPRESS=0
IEXPRESS_LIST=
IEXPRESS_CMD=
PREVIOUS_SP=
COMMENT=更新プログラム

[KB3029606]
TITLE=Windows 8.1 for x64-Based Systems 用更新プログラム (KB3029606)
INFO=http://support.microsoft.com/help/3029606
FILE=http://download.windowsupdate.com/d/msdownload/update/software/updt/2015/06/windows8.1-kb3029606-v2-x64_cd41d1a028f621a663743d0172e057457e485871.msu
RENAME=
SIZE=891750
TYPE=HOTFIX(SVCPACK.INF)
CATEGORY=
TIE_UP=
XOR_KEY=
SYNCHRO_KEY=
RELEASE=2015/06/03
RUN_ORDER=032
CMD=
DECODE=0
DECODE_TYPE=
DECODE_GET=
IEXPRESS=0
IEXPRESS_LIST=
IEXPRESS_CMD=
PREVIOUS_SP=
COMMENT=更新プログラム

[KB3030947]
TITLE=Windows 8.1 for x64-Based Systems 用更新プログラム (KB3030947)
INFO=http://support.microsoft.com/help/3030947
FILE=http://download.windowsupdate.com/c/msdownload/update/software/updt/2015/03/windows8.1-kb3030947-x64_eaf388eb46ab5c991b2cea47d2d0f46114007e2b.msu
RENAME=
SIZE=4235887
TYPE=HOTFIX(SVCPACK.INF)
CATEGORY=
TIE_UP=
XOR_KEY=
SYNCHRO_KEY=
RELEASE=2015/03/04
RUN_ORDER=033
CMD=
DECODE=0
DECODE_TYPE=
DECODE_GET=
IEXPRESS=0
IEXPRESS_LIST=
IEXPRESS_CMD=
PREVIOUS_SP=
COMMENT=更新プログラム

[KB3031044]
TITLE=Windows 8.1 for x64-Based Systems 用更新プログラム (KB3031044)
INFO=http://support.microsoft.com/help/3031044
FILE=http://download.windowsupdate.com/c/msdownload/update/software/crup/2015/01/windows8.1-kb3031044-x64_f2fd2564014053504204e41f2d3417b4213eeb5c.msu
RENAME=
SIZE=196788
TYPE=HOTFIX(SVCPACK.INF)
CATEGORY=
TIE_UP=
XOR_KEY=
SYNCHRO_KEY=
RELEASE=2015/01/10
RUN_ORDER=034
CMD=
DECODE=0
DECODE_TYPE=
DECODE_GET=
IEXPRESS=0
IEXPRESS_LIST=
IEXPRESS_CMD=
PREVIOUS_SP=
COMMENT=更新プログラム

[KB3033446]
TITLE=Windows 8.1 for x64-Based Systems 用更新プログラム (KB3033446)
INFO=http://support.microsoft.com/help/3033446
FILE=http://download.windowsupdate.com/c/msdownload/update/software/updt/2015/04/windows8.1-kb3033446-v2-x64_5413956fd533e83a5a31aba297904c799689542b.msu
RENAME=
SIZE=342731
TYPE=HOTFIX(SVCPACK.INF)
CATEGORY=
TIE_UP=
XOR_KEY=
SYNCHRO_KEY=
RELEASE=2015/04/11
RUN_ORDER=035
CMD=
DECODE=0
DECODE_TYPE=
DECODE_GET=
IEXPRESS=0
IEXPRESS_LIST=
IEXPRESS_CMD=
PREVIOUS_SP=
COMMENT=更新プログラム

[KB3035126]
TITLE=Windows 8.1 for x64-Based Systems 用セキュリティ更新プログラム (KB3035126)
INFO=http://support.microsoft.com/help/3035126
FILE=http://download.windowsupdate.com/d/msdownload/update/software/secu/2015/02/windows8.1-kb3035126-x64_6d9f28b676b7ee992bdd35c0297f8f95576c360f.msu
RENAME=
SIZE=510358
TYPE=HOTFIX(SVCPACK.INF)
CATEGORY=
TIE_UP=
XOR_KEY=
SYNCHRO_KEY=
RELEASE=2015/02/16
RUN_ORDER=036
CMD=
DECODE=0
DECODE_TYPE=
DECODE_GET=
IEXPRESS=0
IEXPRESS_LIST=
IEXPRESS_CMD=
PREVIOUS_SP=
COMMENT=セキュリティ更新プログラム

[KB3036612]
TITLE=Windows 8.1 for x64-Based Systems 用更新プログラム (KB3036612)
INFO=http://support.microsoft.com/help/3036612
FILE=http://download.windowsupdate.com/c/msdownload/update/software/updt/2015/03/windows8.1-kb3036612-x64_06a9ef09126a7ef1b0f3667babc64b95af1c2a2c.msu
RENAME=
SIZE=907473
TYPE=HOTFIX(SVCPACK.INF)
CATEGORY=
TIE_UP=
XOR_KEY=
SYNCHRO_KEY=
RELEASE=2015/03/04
RUN_ORDER=037
CMD=
DECODE=0
DECODE_TYPE=
DECODE_GET=
IEXPRESS=0
IEXPRESS_LIST=
IEXPRESS_CMD=
PREVIOUS_SP=
COMMENT=更新プログラム

[KB3038002]
TITLE=Windows 8.1 for x64-Based Systems 用更新プログラム (KB3038002)
INFO=http://support.microsoft.com/help/3038002
FILE=http://download.windowsupdate.com/c/msdownload/update/software/updt/2015/04/windows8.1-kb3038002-v2-x64_0b08cdfe88cade6eedae39331fde8c21f04a0e43.msu
RENAME=
SIZE=342559
TYPE=HOTFIX(SVCPACK.INF)
CATEGORY=
TIE_UP=
XOR_KEY=
SYNCHRO_KEY=
RELEASE=2015/04/11
RUN_ORDER=038
CMD=
DECODE=0
DECODE_TYPE=
DECODE_GET=
IEXPRESS=0
IEXPRESS_LIST=
IEXPRESS_CMD=
PREVIOUS_SP=
COMMENT=更新プログラム

[KB3042058]
TITLE=Windows 8.1 for x64-Based Systems 用セキュリティ更新プログラム (KB3042058)
INFO=http://support.microsoft.com/help/3042058
FILE=http://download.windowsupdate.com/d/msdownload/update/software/secu/2015/09/windows8.1-kb3042058-x64_c73bfac2ad93aed131627e7482bacbd89d0a0850.msu
RENAME=
SIZE=629459
TYPE=HOTFIX(SVCPACK.INF)
CATEGORY=
TIE_UP=
XOR_KEY=
SYNCHRO_KEY=
RELEASE=2015/09/24
RUN_ORDER=039
CMD=
DECODE=0
DECODE_TYPE=
DECODE_GET=
IEXPRESS=0
IEXPRESS_LIST=
IEXPRESS_CMD=
PREVIOUS_SP=
COMMENT=セキュリティ更新プログラム

[KB3042085]
TITLE=Windows 8.1 for x64-Based Systems 用更新プログラム (KB3042085)
INFO=http://support.microsoft.com/help/3042085
FILE=http://download.windowsupdate.com/c/msdownload/update/software/updt/2015/03/windows8.1-kb3042085-v2-x64_438dacab2be16a8c080b86c66f4958de00557f7f.msu
RENAME=
SIZE=493064
TYPE=HOTFIX(SVCPACK.INF)
CATEGORY=
TIE_UP=
XOR_KEY=
SYNCHRO_KEY=
RELEASE=2015/03/20
RUN_ORDER=040
CMD=
DECODE=0
DECODE_TYPE=
DECODE_GET=
IEXPRESS=0
IEXPRESS_LIST=
IEXPRESS_CMD=
PREVIOUS_SP=
COMMENT=更新プログラム

[KB3043812]
TITLE=Windows 8.1 for x64-Based Systems 用更新プログラム (KB3043812)
INFO=http://support.microsoft.com/help/3043812
FILE=http://download.windowsupdate.com/c/msdownload/update/software/updt/2015/04/windows8.1-kb3043812-x64_4693e234127bcfa115672fa6ae18841e561c544d.msu
RENAME=
SIZE=1740428
TYPE=HOTFIX(SVCPACK.INF)
CATEGORY=
TIE_UP=
XOR_KEY=
SYNCHRO_KEY=
RELEASE=2015/04/11
RUN_ORDER=041
CMD=
DECODE=0
DECODE_TYPE=
DECODE_GET=
IEXPRESS=0
IEXPRESS_LIST=
IEXPRESS_CMD=
PREVIOUS_SP=
COMMENT=更新プログラム

[KB3044374]
TITLE=Windows 8.1 for x64-Based Systems 用更新プログラム (KB3044374)
INFO=http://support.microsoft.com/help/3044374
FILE=http://download.windowsupdate.com/c/msdownload/update/software/crup/2015/03/windows8.1-kb3044374-x64_5a77e58ce3f77d967c1a7e0c30877bd193b08d6c.msu
RENAME=
SIZE=3795966
TYPE=HOTFIX(SVCPACK.INF)
CATEGORY=
TIE_UP=
XOR_KEY=
SYNCHRO_KEY=
RELEASE=2015/03/25
RUN_ORDER=042
CMD=
DECODE=0
DECODE_TYPE=
DECODE_GET=
IEXPRESS=0
IEXPRESS_LIST=
IEXPRESS_CMD=
PREVIOUS_SP=
COMMENT=更新プログラム

[KB3044673]
TITLE=Windows 8.1 for x64-Based Systems 用更新プログラム (KB3044673)
INFO=http://support.microsoft.com/help/3044673
FILE=http://download.windowsupdate.com/c/msdownload/update/software/updt/2015/04/windows8.1-kb3044673-v2-x64_1cd933a765e5ca4237b01f864d9d9e7766af3a20.msu
RENAME=
SIZE=436548
TYPE=HOTFIX(SVCPACK.INF)
CATEGORY=
TIE_UP=
XOR_KEY=
SYNCHRO_KEY=
RELEASE=2015/04/11
RUN_ORDER=043
CMD=
DECODE=0
DECODE_TYPE=
DECODE_GET=
IEXPRESS=0
IEXPRESS_LIST=
IEXPRESS_CMD=
PREVIOUS_SP=
COMMENT=更新プログラム

[KB3045634]
TITLE=Windows 8.1 for x64-Based Systems 用更新プログラム (KB3045634)
INFO=http://support.microsoft.com/help/3045634
FILE=http://download.windowsupdate.com/c/msdownload/update/software/updt/2015/05/windows8.1-kb3045634-x64_ce54c606aef304988656af3399739161e95e34c7.msu
RENAME=
SIZE=432274
TYPE=HOTFIX(SVCPACK.INF)
CATEGORY=
TIE_UP=
XOR_KEY=
SYNCHRO_KEY=
RELEASE=2015/05/06
RUN_ORDER=044
CMD=
DECODE=0
DECODE_TYPE=
DECODE_GET=
IEXPRESS=0
IEXPRESS_LIST=
IEXPRESS_CMD=
PREVIOUS_SP=
COMMENT=更新プログラム

[KB3045685]
TITLE=Windows 8.1 for x64-Based Systems 用セキュリティ更新プログラム (KB3045685)
INFO=http://support.microsoft.com/help/3045685
FILE=http://download.windowsupdate.com/d/msdownload/update/software/secu/2015/03/windows8.1-kb3045685-x64_e34f6a8551808eee89b2e4c58388d746ca1fb1eb.msu
RENAME=
SIZE=436640
TYPE=HOTFIX(SVCPACK.INF)
CATEGORY=
TIE_UP=
XOR_KEY=
SYNCHRO_KEY=
RELEASE=2015/03/23
RUN_ORDER=045
CMD=
DECODE=0
DECODE_TYPE=
DECODE_GET=
IEXPRESS=0
IEXPRESS_LIST=
IEXPRESS_CMD=
PREVIOUS_SP=
COMMENT=セキュリティ更新プログラム

[KB3045717]
TITLE=Windows 8.1 for x64-Based Systems 用更新プログラム (KB3045717)
INFO=http://support.microsoft.com/help/3045717
FILE=http://download.windowsupdate.com/d/msdownload/update/software/updt/2015/04/windows8.1-kb3045717-x64_d7419aac2ed4ad6ad2a45c117d2076b8f6896fac.msu
RENAME=
SIZE=1486951
TYPE=HOTFIX(SVCPACK.INF)
CATEGORY=
TIE_UP=
XOR_KEY=
SYNCHRO_KEY=
RELEASE=2015/04/12
RUN_ORDER=046
CMD=
DECODE=0
DECODE_TYPE=
DECODE_GET=
IEXPRESS=0
IEXPRESS_LIST=
IEXPRESS_CMD=
PREVIOUS_SP=
COMMENT=更新プログラム

[KB3045719]
TITLE=Windows 8.1 for x64-Based Systems 用更新プログラム (KB3045719)
INFO=http://support.microsoft.com/help/3045719
FILE=http://download.windowsupdate.com/d/msdownload/update/software/updt/2015/04/windows8.1-kb3045719-x64_f1167e6e3f20822886c68fea1aae993d3e4ee40f.msu
RENAME=
SIZE=305152
TYPE=HOTFIX(SVCPACK.INF)
CATEGORY=
TIE_UP=
XOR_KEY=
SYNCHRO_KEY=
RELEASE=2015/04/12
RUN_ORDER=047
CMD=
DECODE=0
DECODE_TYPE=
DECODE_GET=
IEXPRESS=0
IEXPRESS_LIST=
IEXPRESS_CMD=
PREVIOUS_SP=
COMMENT=更新プログラム

[KB3045999]
TITLE=Windows 8.1 for x64-Based Systems 用セキュリティ更新プログラム (KB3045999)
INFO=http://support.microsoft.com/help/3045999
FILE=http://download.windowsupdate.com/c/msdownload/update/software/secu/2015/03/windows8.1-kb3045999-x64_24d58ec9a3369bf798cb8353d8d6055107966c06.msu
RENAME=
SIZE=6119981
TYPE=HOTFIX(SVCPACK.INF)
CATEGORY=
TIE_UP=
XOR_KEY=
SYNCHRO_KEY=
RELEASE=2015/03/26
RUN_ORDER=048
CMD=
DECODE=0
DECODE_TYPE=
DECODE_GET=
IEXPRESS=0
IEXPRESS_LIST=
IEXPRESS_CMD=
PREVIOUS_SP=
COMMENT=セキュリティ更新プログラム

[KB3046017]
TITLE=Windows 8.1 for x64-Based Systems 用セキュリティ更新プログラム (KB3046017)
INFO=http://support.microsoft.com/help/3046017
FILE=http://download.windowsupdate.com/d/msdownload/update/software/secu/2015/07/windows8.1-kb3046017-x64_cfd784ae9e40bcd30adf46d822bf48a601b218cb.msu
RENAME=
SIZE=444547
TYPE=HOTFIX(SVCPACK.INF)
CATEGORY=
TIE_UP=
XOR_KEY=
SYNCHRO_KEY=
RELEASE=2015/07/22
RUN_ORDER=049
CMD=
DECODE=0
DECODE_TYPE=
DECODE_GET=
IEXPRESS=0
IEXPRESS_LIST=
IEXPRESS_CMD=
PREVIOUS_SP=
COMMENT=セキュリティ更新プログラム

[KB3046480]
TITLE=Windows 8.1 for x64-Based Systems 用更新プログラム (KB3046480)
INFO=http://support.microsoft.com/help/3046480
FILE=http://download.windowsupdate.com/d/msdownload/update/software/updt/2015/04/windows8.1-kb3046480-x64_67c5bb2ef1103be7b22dd3ad07bebc4966ca0bb9.msu
RENAME=
SIZE=238384
TYPE=HOTFIX(SVCPACK.INF)
CATEGORY=
TIE_UP=
XOR_KEY=
SYNCHRO_KEY=
RELEASE=2015/04/12
RUN_ORDER=050
CMD=
DECODE=0
DECODE_TYPE=
DECODE_GET=
IEXPRESS=0
IEXPRESS_LIST=
IEXPRESS_CMD=
PREVIOUS_SP=
COMMENT=更新プログラム

[KB3046737]
TITLE=Windows 8.1 for x64-Based Systems 用更新プログラム (KB3046737)
INFO=http://support.microsoft.com/help/3046737
FILE=http://download.windowsupdate.com/d/msdownload/update/software/updt/2015/04/windows8.1-kb3046737-x64_962b1223845d7a09b007ce3d653ff31b515e7afc.msu
RENAME=
SIZE=297670
TYPE=HOTFIX(SVCPACK.INF)
CATEGORY=
TIE_UP=
XOR_KEY=
SYNCHRO_KEY=
RELEASE=2015/04/11
RUN_ORDER=051
CMD=
DECODE=0
DECODE_TYPE=
DECODE_GET=
IEXPRESS=0
IEXPRESS_LIST=
IEXPRESS_CMD=
PREVIOUS_SP=
COMMENT=更新プログラム

[KB3047254]
TITLE=Windows 8.1 for x64-Based Systems 用更新プログラム (KB3047254)
INFO=http://support.microsoft.com/help/3047254
FILE=http://download.windowsupdate.com/d/msdownload/update/software/updt/2015/04/windows8.1-kb3047254-x64_77488fa1505e977b2c72c7c4a1aeef6032f6d325.msu
RENAME=
SIZE=372033
TYPE=HOTFIX(SVCPACK.INF)
CATEGORY=
TIE_UP=
XOR_KEY=
SYNCHRO_KEY=
RELEASE=2015/04/11
RUN_ORDER=052
CMD=
DECODE=0
DECODE_TYPE=
DECODE_GET=
IEXPRESS=0
IEXPRESS_LIST=
IEXPRESS_CMD=
PREVIOUS_SP=
COMMENT=更新プログラム

[KB3053863]
TITLE=Windows 8.1 for x64-Based Systems 用更新プログラム (KB3053863)
INFO=http://support.microsoft.com/help/3053863
FILE=http://download.windowsupdate.com/d/msdownload/update/software/updt/2015/06/windows8.1-kb3053863-x64_262da42a90594aaa9f0cc575aac92157afae92ee.msu
RENAME=
SIZE=259870
TYPE=HOTFIX(SVCPACK.INF)
CATEGORY=
TIE_UP=
XOR_KEY=
SYNCHRO_KEY=
RELEASE=2015/06/03
RUN_ORDER=053
CMD=
DECODE=0
DECODE_TYPE=
DECODE_GET=
IEXPRESS=0
IEXPRESS_LIST=
IEXPRESS_CMD=
PREVIOUS_SP=
COMMENT=更新プログラム

[KB3054169]
TITLE=Windows 8.1 for x64-Based Systems 用更新プログラム (KB3054169)
INFO=http://support.microsoft.com/help/3054169
FILE=http://download.windowsupdate.com/d/msdownload/update/software/updt/2015/04/windows8.1-kb3054169-x64_0c13f211ca4f9c160793b35ce12c347031fbf18f.msu
RENAME=
SIZE=3274433
TYPE=HOTFIX(SVCPACK.INF)
CATEGORY=
TIE_UP=
XOR_KEY=
SYNCHRO_KEY=
RELEASE=2015/04/22
RUN_ORDER=054
CMD=
DECODE=0
DECODE_TYPE=
DECODE_GET=
IEXPRESS=0
IEXPRESS_LIST=
IEXPRESS_CMD=
PREVIOUS_SP=
COMMENT=更新プログラム

[KB3054256]
TITLE=Windows 8.1 for x64-Based Systems 用更新プログラム (KB3054256)
INFO=http://support.microsoft.com/help/3054256
FILE=http://download.windowsupdate.com/d/msdownload/update/software/updt/2015/06/windows8.1-kb3054256-v2-x64_8d35852f37834e4d60fe5cd52b1c1ff145913185.msu
RENAME=
SIZE=1677254
TYPE=HOTFIX(SVCPACK.INF)
CATEGORY=
TIE_UP=
XOR_KEY=
SYNCHRO_KEY=
RELEASE=2015/06/03
RUN_ORDER=055
CMD=
DECODE=0
DECODE_TYPE=
DECODE_GET=
IEXPRESS=0
IEXPRESS_LIST=
IEXPRESS_CMD=
PREVIOUS_SP=
COMMENT=更新プログラム

[KB3054464]
TITLE=Windows 8.1 for x64-Based Systems 用更新プログラム (KB3054464)
INFO=http://support.microsoft.com/help/3054464
FILE=http://download.windowsupdate.com/d/msdownload/update/software/updt/2015/05/windows8.1-kb3054464-x64_aba4f7bf2ac27914ee6ed8e4534db8c17c551782.msu
RENAME=
SIZE=987565
TYPE=HOTFIX(SVCPACK.INF)
CATEGORY=
TIE_UP=
XOR_KEY=
SYNCHRO_KEY=
RELEASE=2015/05/06
RUN_ORDER=056
CMD=
DECODE=0
DECODE_TYPE=
DECODE_GET=
IEXPRESS=0
IEXPRESS_LIST=
IEXPRESS_CMD=
PREVIOUS_SP=
COMMENT=更新プログラム

[KB3055323]
TITLE=Windows 8.1 for x64-Based Systems 用更新プログラム (KB3055323)
INFO=http://support.microsoft.com/help/3055323
FILE=http://download.windowsupdate.com/d/msdownload/update/software/updt/2015/05/windows8.1-kb3055323-x64_3ac1b01efc9ed1941e485e93e3c1f41a9ef3fb15.msu
RENAME=
SIZE=341600
TYPE=HOTFIX(SVCPACK.INF)
CATEGORY=
TIE_UP=
XOR_KEY=
SYNCHRO_KEY=
RELEASE=2015/05/06
RUN_ORDER=057
CMD=
DECODE=0
DECODE_TYPE=
DECODE_GET=
IEXPRESS=0
IEXPRESS_LIST=
IEXPRESS_CMD=
PREVIOUS_SP=
COMMENT=更新プログラム

[KB3055343]
TITLE=Windows 8.1 for x64-Based Systems 用更新プログラム (KB3055343)
INFO=http://support.microsoft.com/help/3055343
FILE=http://download.windowsupdate.com/d/msdownload/update/software/updt/2015/07/windows8.1-kb3055343-v2-x64_d244def1ceadfc43d3a8ef6965403b191365922d.msu
RENAME=
SIZE=1063475
TYPE=HOTFIX(SVCPACK.INF)
CATEGORY=
TIE_UP=
XOR_KEY=
SYNCHRO_KEY=
RELEASE=2015/07/22
RUN_ORDER=058
CMD=
DECODE=0
DECODE_TYPE=
DECODE_GET=
IEXPRESS=0
IEXPRESS_LIST=
IEXPRESS_CMD=
PREVIOUS_SP=
COMMENT=更新プログラム

[KB3056347]
TITLE=Windows 8.1 for x64-Based Systems 用更新プログラム (KB3056347)
INFO=http://support.microsoft.com/help/3056347
FILE=http://download.windowsupdate.com/d/msdownload/update/software/updt/2015/06/windows8.1-kb3056347-x64_3529b4785dd036585d36739742b4cbbffd39680f.msu
RENAME=
SIZE=524417
TYPE=HOTFIX(SVCPACK.INF)
CATEGORY=
TIE_UP=
XOR_KEY=
SYNCHRO_KEY=
RELEASE=2015/06/03
RUN_ORDER=059
CMD=
DECODE=0
DECODE_TYPE=
DECODE_GET=
IEXPRESS=0
IEXPRESS_LIST=
IEXPRESS_CMD=
PREVIOUS_SP=
COMMENT=更新プログラム

[KB3059317]
TITLE=Windows 8.1 for x64-Based Systems 用セキュリティ更新プログラム (KB3059317)
INFO=http://support.microsoft.com/help/3059317
FILE=http://download.windowsupdate.com/d/msdownload/update/software/secu/2015/05/windows8.1-kb3059317-x64_4271d612ef3f3c57904458748faad85f0c56dad0.msu
RENAME=
SIZE=2948855
TYPE=HOTFIX(SVCPACK.INF)
CATEGORY=
TIE_UP=
XOR_KEY=
SYNCHRO_KEY=
RELEASE=2015/05/20
RUN_ORDER=060
CMD=
DECODE=0
DECODE_TYPE=
DECODE_GET=
IEXPRESS=0
IEXPRESS_LIST=
IEXPRESS_CMD=
PREVIOUS_SP=
COMMENT=セキュリティ更新プログラム

[KB3060793]
TITLE=Windows 8.1 for x64-Based Systems 用更新プログラム (KB3060793)
INFO=http://support.microsoft.com/help/3060793
FILE=http://download.windowsupdate.com/d/msdownload/update/software/updt/2015/06/windows8.1-kb3060793-x64_ea4b15443766fdc39c31822b0ad9dcd9dac26975.msu
RENAME=
SIZE=248073
TYPE=HOTFIX(SVCPACK.INF)
CATEGORY=
TIE_UP=
XOR_KEY=
SYNCHRO_KEY=
RELEASE=2015/06/03
RUN_ORDER=061
CMD=
DECODE=0
DECODE_TYPE=
DECODE_GET=
IEXPRESS=0
IEXPRESS_LIST=
IEXPRESS_CMD=
PREVIOUS_SP=
COMMENT=更新プログラム

[KB3061493]
TITLE=Windows 8.1 for x64-Based Systems 用更新プログラム (KB3061493)
INFO=http://support.microsoft.com/help/3061493
FILE=http://download.windowsupdate.com/d/msdownload/update/software/updt/2015/07/windows8.1-kb3061493-x64_8f949bfed44bcfc466eee3566c03d88e535aaac2.msu
RENAME=
SIZE=232286
TYPE=HOTFIX(SVCPACK.INF)
CATEGORY=
TIE_UP=
XOR_KEY=
SYNCHRO_KEY=
RELEASE=2015/07/16
RUN_ORDER=062
CMD=
DECODE=0
DECODE_TYPE=
DECODE_GET=
IEXPRESS=0
IEXPRESS_LIST=
IEXPRESS_CMD=
PREVIOUS_SP=
COMMENT=更新プログラム

[KB3061512]
TITLE=Windows 8.1 for x64-Based Systems 用セキュリティ更新プログラム (KB3061512)
INFO=http://support.microsoft.com/help/3061512
FILE=http://download.windowsupdate.com/d/msdownload/update/software/secu/2015/06/windows8.1-kb3061512-x64_86b6cd6c5e0ea5670ca37aa97e335653e5a877fc.msu
RENAME=
SIZE=219975
TYPE=HOTFIX(SVCPACK.INF)
CATEGORY=
TIE_UP=
XOR_KEY=
SYNCHRO_KEY=
RELEASE=2015/06/24
RUN_ORDER=063
CMD=
DECODE=0
DECODE_TYPE=
DECODE_GET=
IEXPRESS=0
IEXPRESS_LIST=
IEXPRESS_CMD=
PREVIOUS_SP=
COMMENT=セキュリティ更新プログラム

[KB3062760]
TITLE=Windows 8.1 for x64-Based Systems 用セキュリティ更新プログラム (KB3062760)
INFO=http://support.microsoft.com/help/3062760
FILE=http://download.windowsupdate.com/d/msdownload/update/software/secu/2015/05/windows8.1-kb3062760-x64_c1f1a7ae478608b9dcc0283e00962aca86d0317a.msu
RENAME=
SIZE=1877527
TYPE=HOTFIX(SVCPACK.INF)
CATEGORY=
TIE_UP=
XOR_KEY=
SYNCHRO_KEY=
RELEASE=2015/05/20
RUN_ORDER=064
CMD=
DECODE=0
DECODE_TYPE=
DECODE_GET=
IEXPRESS=0
IEXPRESS_LIST=
IEXPRESS_CMD=
PREVIOUS_SP=
COMMENT=セキュリティ更新プログラム

[KB3063843]
TITLE=Windows 8.1 for x64-Based Systems 用更新プログラム (KB3063843)
INFO=http://support.microsoft.com/help/3063843
FILE=http://download.windowsupdate.com/d/msdownload/update/software/updt/2015/06/windows8.1-kb3063843-x64_57199ff97cd3ff29fc3cfe398effed9d32b992b5.msu
RENAME=
SIZE=443748
TYPE=HOTFIX(SVCPACK.INF)
CATEGORY=
TIE_UP=
XOR_KEY=
SYNCHRO_KEY=
RELEASE=2015/06/03
RUN_ORDER=065
CMD=
DECODE=0
DECODE_TYPE=
DECODE_GET=
IEXPRESS=0
IEXPRESS_LIST=
IEXPRESS_CMD=
PREVIOUS_SP=
COMMENT=更新プログラム

[KB3064059]
TITLE=Windows 8.1 for x64-Based Systems 用更新プログラム (KB3064059)
INFO=http://support.microsoft.com/help/3064059
FILE=http://download.windowsupdate.com/d/msdownload/update/software/updt/2015/06/windows8.1-kb3064059-x64_f4fc4daf8d417cb750f05f8484d84d1799043f84.msu
RENAME=
SIZE=339390
TYPE=HOTFIX(SVCPACK.INF)
CATEGORY=
TIE_UP=
XOR_KEY=
SYNCHRO_KEY=
RELEASE=2015/06/03
RUN_ORDER=066
CMD=
DECODE=0
DECODE_TYPE=
DECODE_GET=
IEXPRESS=0
IEXPRESS_LIST=
IEXPRESS_CMD=
PREVIOUS_SP=
COMMENT=更新プログラム

[KB3071756]
TITLE=Windows 8.1 for x64-Based Systems 用セキュリティ更新プログラム (KB3071756)
INFO=http://support.microsoft.com/help/3071756
FILE=http://download.windowsupdate.com/d/msdownload/update/software/secu/2015/07/windows8.1-kb3071756-x64_481757325634850fec6798a4a7dcf67139e72aac.msu
RENAME=
SIZE=5836016
TYPE=HOTFIX(SVCPACK.INF)
CATEGORY=
TIE_UP=
XOR_KEY=
SYNCHRO_KEY=
RELEASE=2015/07/22
RUN_ORDER=067
CMD=
DECODE=0
DECODE_TYPE=
DECODE_GET=
IEXPRESS=0
IEXPRESS_LIST=
IEXPRESS_CMD=
PREVIOUS_SP=
COMMENT=セキュリティ更新プログラム

[KB3076949]
TITLE=Windows 8.1 for x64-Based Systems 用セキュリティ更新プログラム (KB3076949)
INFO=http://support.microsoft.com/help/3076949
FILE=http://download.windowsupdate.com/d/msdownload/update/software/secu/2015/07/windows8.1-kb3076949-x64_b9fae4cfc9e1b64b612bf9844119ed40747a2db6.msu
RENAME=
SIZE=496400
TYPE=HOTFIX(SVCPACK.INF)
CATEGORY=
TIE_UP=
XOR_KEY=
SYNCHRO_KEY=
RELEASE=2015/07/22
RUN_ORDER=068
CMD=
DECODE=0
DECODE_TYPE=
DECODE_GET=
IEXPRESS=0
IEXPRESS_LIST=
IEXPRESS_CMD=
PREVIOUS_SP=
COMMENT=セキュリティ更新プログラム

[KB3077715]
TITLE=Windows 8.1 for x64-Based Systems 用更新プログラム (KB3077715)
INFO=http://support.microsoft.com/help/3077715
FILE=http://download.windowsupdate.com/d/msdownload/update/software/updt/2015/08/windows8.1-kb3077715-x64_69d5d96d3717c71b06a3c4ea4a8840d0af95acbe.msu
RENAME=
SIZE=783318
TYPE=HOTFIX(SVCPACK.INF)
CATEGORY=
TIE_UP=
XOR_KEY=
SYNCHRO_KEY=
RELEASE=2015/08/17
RUN_ORDER=069
CMD=
DECODE=0
DECODE_TYPE=
DECODE_GET=
IEXPRESS=0
IEXPRESS_LIST=
IEXPRESS_CMD=
PREVIOUS_SP=
COMMENT=更新プログラム

[KB3078405]
TITLE=Windows 8.1 for x64-Based Systems 用更新プログラム (KB3078405)
INFO=http://support.microsoft.com/help/3078405
FILE=http://download.windowsupdate.com/d/msdownload/update/software/updt/2015/10/windows8.1-kb3078405-v2-x64_8a6bd4463b6bac96b0ac46ff2787c677044ec8c3.msu
RENAME=
SIZE=279777
TYPE=HOTFIX(SVCPACK.INF)
CATEGORY=
TIE_UP=
XOR_KEY=
SYNCHRO_KEY=
RELEASE=2015/10/08
RUN_ORDER=070
CMD=
DECODE=0
DECODE_TYPE=
DECODE_GET=
IEXPRESS=0
IEXPRESS_LIST=
IEXPRESS_CMD=
PREVIOUS_SP=
COMMENT=更新プログラム

[KB3080149]
TITLE=Windows 8.1 for x64-Based Systems 用更新プログラム (KB3080149)
INFO=http://support.microsoft.com/help/3080149
FILE=http://download.windowsupdate.com/d/msdownload/update/software/updt/2015/08/windows8.1-kb3080149-x64_4254355747ba7cf6974bcfe27c4c34a042e3b07e.msu
RENAME=
SIZE=1268019
TYPE=HOTFIX(SVCPACK.INF)
CATEGORY=
TIE_UP=
XOR_KEY=
SYNCHRO_KEY=
RELEASE=2015/08/14
RUN_ORDER=071
CMD=
DECODE=0
DECODE_TYPE=
DECODE_GET=
IEXPRESS=0
IEXPRESS_LIST=
IEXPRESS_CMD=
PREVIOUS_SP=
COMMENT=更新プログラム

[KB3080800]
TITLE=Windows 8.1 for x64-Based Systems 用更新プログラム (KB3080800)
INFO=http://support.microsoft.com/help/3080800
FILE=http://download.windowsupdate.com/d/msdownload/update/software/updt/2015/09/windows8.1-kb3080800-x64_7b1b5f6aa32073d991a5545147c1af8a345fd902.msu
RENAME=
SIZE=238024
TYPE=HOTFIX(SVCPACK.INF)
CATEGORY=
TIE_UP=
XOR_KEY=
SYNCHRO_KEY=
RELEASE=2015/09/08
RUN_ORDER=072
CMD=
DECODE=0
DECODE_TYPE=
DECODE_GET=
IEXPRESS=0
IEXPRESS_LIST=
IEXPRESS_CMD=
PREVIOUS_SP=
COMMENT=更新プログラム

[KB3082089]
TITLE=Windows 8.1 for x64-Based Systems 用セキュリティ更新プログラム (KB3082089)
INFO=http://support.microsoft.com/help/3082089
FILE=http://download.windowsupdate.com/d/msdownload/update/software/secu/2015/08/windows8.1-kb3082089-x64_6fa26cce09c1c0a7e6d5e1c6d907d6790712ab19.msu
RENAME=
SIZE=3304825
TYPE=HOTFIX(SVCPACK.INF)
CATEGORY=
TIE_UP=
XOR_KEY=
SYNCHRO_KEY=
RELEASE=2015/08/19
RUN_ORDER=073
CMD=
DECODE=0
DECODE_TYPE=
DECODE_GET=
IEXPRESS=0
IEXPRESS_LIST=
IEXPRESS_CMD=
PREVIOUS_SP=
COMMENT=セキュリティ更新プログラム

[KB3084135]
TITLE=Windows 8.1 for x64-Based Systems 用セキュリティ更新プログラム (KB3084135)
INFO=http://support.microsoft.com/help/3084135
FILE=http://download.windowsupdate.com/d/msdownload/update/software/secu/2015/08/windows8.1-kb3084135-x64_631d159c59f993b29db94c79a06cd1fedcad3c4e.msu
RENAME=
SIZE=997166
TYPE=HOTFIX(SVCPACK.INF)
CATEGORY=
TIE_UP=
XOR_KEY=
SYNCHRO_KEY=
RELEASE=2015/08/19
RUN_ORDER=074
CMD=
DECODE=0
DECODE_TYPE=
DECODE_GET=
IEXPRESS=0
IEXPRESS_LIST=
IEXPRESS_CMD=
PREVIOUS_SP=
COMMENT=セキュリティ更新プログラム

[KB3084905]
TITLE=Windows 8.1 for x64-Based Systems 用更新プログラム (KB3084905)
INFO=http://support.microsoft.com/help/3084905
FILE=http://download.windowsupdate.com/c/msdownload/update/software/updt/2015/10/windows8.1-kb3084905-v2-x64_b94fe16f2f20a0d0fda7a7bed0bd3f112674680b.msu
RENAME=
SIZE=2555340
TYPE=HOTFIX(SVCPACK.INF)
CATEGORY=
TIE_UP=KB2919355
XOR_KEY=
SYNCHRO_KEY=
RELEASE=2015/10/08
RUN_ORDER=075
CMD=
DECODE=0
DECODE_TYPE=
DECODE_GET=
IEXPRESS=0
IEXPRESS_LIST=
IEXPRESS_CMD=
PREVIOUS_SP=
COMMENT=更新プログラム

[KB3086255]
TITLE=Windows 8.1 for x64-Based Systems 用セキュリティ更新プログラム (KB3086255)
INFO=http://support.microsoft.com/help/3086255
FILE=http://download.windowsupdate.com/d/msdownload/update/software/secu/2015/08/windows8.1-kb3086255-x64_03590acb15d947eb9a3fc9e4d838ad3d66163844.msu
RENAME=
SIZE=223786
TYPE=HOTFIX(SVCPACK.INF)
CATEGORY=
TIE_UP=
XOR_KEY=
SYNCHRO_KEY=
RELEASE=2015/08/26
RUN_ORDER=076
CMD=
DECODE=0
DECODE_TYPE=
DECODE_GET=
IEXPRESS=0
IEXPRESS_LIST=
IEXPRESS_CMD=
PREVIOUS_SP=
COMMENT=セキュリティ更新プログラム

[KB3087137]
TITLE=Windows 8.1 for x64-Based Systems 用更新プログラム (KB3087137)
INFO=http://support.microsoft.com/help/3087137
FILE=http://download.windowsupdate.com/d/msdownload/update/software/updt/2015/09/windows8.1-kb3087137-x64_2892def0c82aa84d64f8c30c4fa53e10d9aa6677.msu
RENAME=
SIZE=2447290
TYPE=HOTFIX(SVCPACK.INF)
CATEGORY=
TIE_UP=
XOR_KEY=
SYNCHRO_KEY=
RELEASE=2015/09/08
RUN_ORDER=077
CMD=
DECODE=0
DECODE_TYPE=
DECODE_GET=
IEXPRESS=0
IEXPRESS_LIST=
IEXPRESS_CMD=
PREVIOUS_SP=
COMMENT=更新プログラム

[KB3088195]
TITLE=Windows 8.1 for x64-Based Systems 用セキュリティ更新プログラム (KB3088195)
INFO=http://support.microsoft.com/help/3088195
FILE=http://download.windowsupdate.com/c/msdownload/update/software/secu/2015/09/windows8.1-kb3088195-x64_ebe03f9af97a0ca82001b8bd1a2fa0ec23ca3c00.msu
RENAME=
SIZE=6921186
TYPE=HOTFIX(SVCPACK.INF)
CATEGORY=
TIE_UP=
XOR_KEY=
SYNCHRO_KEY=
RELEASE=2015/09/30
RUN_ORDER=078
CMD=
DECODE=0
DECODE_TYPE=
DECODE_GET=
IEXPRESS=0
IEXPRESS_LIST=
IEXPRESS_CMD=
PREVIOUS_SP=
COMMENT=セキュリティ更新プログラム

[KB3091297]
TITLE=Windows 8.1 for x64-Based Systems 用更新プログラム (KB3091297)
INFO=http://support.microsoft.com/help/3091297
FILE=http://download.windowsupdate.com/c/msdownload/update/software/updt/2015/10/windows8.1-kb3091297-x64_49600c408453f30878057587b8ccaebfede637ab.msu
RENAME=
SIZE=373575
TYPE=HOTFIX(SVCPACK.INF)
CATEGORY=
TIE_UP=
XOR_KEY=
SYNCHRO_KEY=
RELEASE=2015/10/08
RUN_ORDER=079
CMD=
DECODE=0
DECODE_TYPE=
DECODE_GET=
IEXPRESS=0
IEXPRESS_LIST=
IEXPRESS_CMD=
PREVIOUS_SP=
COMMENT=更新プログラム

[KB3095701]
TITLE=Windows 8.1 for x64-Based Systems 用更新プログラム (KB3095701)
INFO=http://support.microsoft.com/help/3095701
FILE=http://download.windowsupdate.com/d/msdownload/update/software/updt/2015/10/windows8.1-kb3095701-x64_a6a76bf2cc4b560acd6a78dc893cfb2b76b0ba0f.msu
RENAME=
SIZE=278827
TYPE=HOTFIX(SVCPACK.INF)
CATEGORY=
TIE_UP=
XOR_KEY=
SYNCHRO_KEY=
RELEASE=2015/10/08
RUN_ORDER=080
CMD=
DECODE=0
DECODE_TYPE=
DECODE_GET=
IEXPRESS=0
IEXPRESS_LIST=
IEXPRESS_CMD=
PREVIOUS_SP=
COMMENT=更新プログラム

[KB3099834]
TITLE=Windows 8.1 for x64-Based Systems 用更新プログラム (KB3099834)
INFO=http://support.microsoft.com/help/3099834
FILE=http://download.windowsupdate.com/d/msdownload/update/software/updt/2015/11/windows8.1-kb3099834-x64_d678a7816b54ef327e05cbdfc1a992786294aae4.msu
RENAME=
SIZE=254553
TYPE=HOTFIX(SVCPACK.INF)
CATEGORY=
TIE_UP=
XOR_KEY=
SYNCHRO_KEY=
RELEASE=2015/11/06
RUN_ORDER=081
CMD=
DECODE=0
DECODE_TYPE=
DECODE_GET=
IEXPRESS=0
IEXPRESS_LIST=
IEXPRESS_CMD=
PREVIOUS_SP=
COMMENT=更新プログラム

[KB3100473]
TITLE=Windows 8.1 for x64-Based Systems 用更新プログラム (KB3100473)
INFO=http://support.microsoft.com/help/3100473
FILE=http://download.windowsupdate.com/c/msdownload/update/software/updt/2016/03/windows8.1-kb3100473-x64_ee270dd02c0a47ba7096f5ec954115168b0963b2.msu
RENAME=
SIZE=2067153
TYPE=HOTFIX(SVCPACK.INF)
CATEGORY=
TIE_UP=
XOR_KEY=
SYNCHRO_KEY=
RELEASE=2016/03/07
RUN_ORDER=082
CMD=
DECODE=0
DECODE_TYPE=
DECODE_GET=
IEXPRESS=0
IEXPRESS_LIST=
IEXPRESS_CMD=
PREVIOUS_SP=
COMMENT=更新プログラム

[KB3102429]
TITLE=Windows 8.1 for x64-Based Systems 用更新プログラム (KB3102429)
INFO=http://support.microsoft.com/help/3102429
FILE=http://download.windowsupdate.com/d/msdownload/update/software/updt/2016/01/windows8.1-kb3102429-v2-x64_0336f192bd7bfdb01930ba46e6fdcf61b28220ed.msu
RENAME=
SIZE=21713330
TYPE=HOTFIX(SVCPACK.INF)
CATEGORY=
TIE_UP=KB2919355
XOR_KEY=
SYNCHRO_KEY=
RELEASE=2016/01/09
RUN_ORDER=083
CMD=
DECODE=0
DECODE_TYPE=
DECODE_GET=
IEXPRESS=0
IEXPRESS_LIST=
IEXPRESS_CMD=
PREVIOUS_SP=
COMMENT=更新プログラム

[KB3103616]
TITLE=Windows 8.1 for x64-Based Systems 用更新プログラム (KB3103616)
INFO=http://support.microsoft.com/help/3103616
FILE=http://download.windowsupdate.com/d/msdownload/update/software/updt/2016/04/windows8.1-kb3103616-x64_47c83b90c4d58df92b1cde6eea747a424eafae96.msu
RENAME=
SIZE=368104
TYPE=HOTFIX(SVCPACK.INF)
CATEGORY=
TIE_UP=
XOR_KEY=
SYNCHRO_KEY=
RELEASE=2016/04/15
RUN_ORDER=084
CMD=
DECODE=0
DECODE_TYPE=
DECODE_GET=
IEXPRESS=0
IEXPRESS_LIST=
IEXPRESS_CMD=
PREVIOUS_SP=
COMMENT=更新プログラム

[KB3103696]
TITLE=Windows 8.1 for x64-Based Systems 用更新プログラム (KB3103696)
INFO=http://support.microsoft.com/help/3103696
FILE=http://download.windowsupdate.com/d/msdownload/update/software/updt/2015/11/windows8.1-kb3103696-x64_d388e21d1d1dde02e075b9759ebc11289703dbf0.msu
RENAME=
SIZE=813444
TYPE=HOTFIX(SVCPACK.INF)
CATEGORY=
TIE_UP=
XOR_KEY=
SYNCHRO_KEY=
RELEASE=2015/11/06
RUN_ORDER=085
CMD=
DECODE=0
DECODE_TYPE=
DECODE_GET=
IEXPRESS=0
IEXPRESS_LIST=
IEXPRESS_CMD=
PREVIOUS_SP=
COMMENT=更新プログラム

[KB3103709]
TITLE=Windows 8.1 for x64-Based Systems 用更新プログラム (KB3103709)
INFO=http://support.microsoft.com/help/3103709
FILE=http://download.windowsupdate.com/c/msdownload/update/software/updt/2016/04/windows8.1-kb3103709-v2-x64_3fe377dbcf3dd2fac9916e4bb741f490e105bafe.msu
RENAME=
SIZE=1716806
TYPE=HOTFIX(SVCPACK.INF)
CATEGORY=
TIE_UP=
XOR_KEY=
SYNCHRO_KEY=
RELEASE=2016/04/15
RUN_ORDER=086
CMD=
DECODE=0
DECODE_TYPE=
DECODE_GET=
IEXPRESS=0
IEXPRESS_LIST=
IEXPRESS_CMD=
PREVIOUS_SP=
COMMENT=更新プログラム

[KB3109103]
TITLE=Windows 8.1 for x64-Based Systems 用セキュリティ更新プログラム (KB3109103)
INFO=http://support.microsoft.com/help/3109103
FILE=http://download.windowsupdate.com/c/msdownload/update/software/secu/2015/11/windows8.1-kb3109103-x64_e72f10a63ebca35733b131bfb03f8cd07575fa02.msu
RENAME=
SIZE=290138
TYPE=HOTFIX(SVCPACK.INF)
CATEGORY=
TIE_UP=
XOR_KEY=
SYNCHRO_KEY=
RELEASE=2015/11/18
RUN_ORDER=087
CMD=
DECODE=0
DECODE_TYPE=
DECODE_GET=
IEXPRESS=0
IEXPRESS_LIST=
IEXPRESS_CMD=
PREVIOUS_SP=
COMMENT=セキュリティ更新プログラム

[KB3109560]
TITLE=Windows 8.1 for x64-Based Systems 用セキュリティ更新プログラム (KB3109560)
INFO=http://support.microsoft.com/help/3109560
FILE=http://download.windowsupdate.com/d/msdownload/update/software/secu/2015/12/windows8.1-kb3109560-x64_20a8b86b4f043784a298231ad61cb5ed8850f067.msu
RENAME=
SIZE=669713
TYPE=HOTFIX(SVCPACK.INF)
CATEGORY=
TIE_UP=
XOR_KEY=
SYNCHRO_KEY=
RELEASE=2015/12/16
RUN_ORDER=088
CMD=
DECODE=0
DECODE_TYPE=
DECODE_GET=
IEXPRESS=0
IEXPRESS_LIST=
IEXPRESS_CMD=
PREVIOUS_SP=
COMMENT=セキュリティ更新プログラム

[KB3109976]
TITLE=Windows 8.1 for x64-Based Systems 用更新プログラム (KB3109976)
INFO=http://support.microsoft.com/help/3109976
FILE=http://download.windowsupdate.com/d/msdownload/update/software/updt/2016/03/windows8.1-kb3109976-x64_e935fd759ccf6cdec35497ff946092217772f5f8.msu
RENAME=
SIZE=2702477
TYPE=HOTFIX(SVCPACK.INF)
CATEGORY=
TIE_UP=
XOR_KEY=
SYNCHRO_KEY=
RELEASE=2016/03/03
RUN_ORDER=089
CMD=
DECODE=0
DECODE_TYPE=
DECODE_GET=
IEXPRESS=0
IEXPRESS_LIST=
IEXPRESS_CMD=
PREVIOUS_SP=
COMMENT=更新プログラム

[KB3110329]
TITLE=Windows 8.1 for x64-Based Systems 用セキュリティ更新プログラム (KB3110329)
INFO=http://support.microsoft.com/help/3110329
FILE=http://download.windowsupdate.com/d/msdownload/update/software/secu/2015/12/windows8.1-kb3110329-x64_fe3d0ab714cfb3e0db59e8b1e8b3fa8141bfd79c.msu
RENAME=
SIZE=17372391
TYPE=HOTFIX(SVCPACK.INF)
CATEGORY=
TIE_UP=
XOR_KEY=
SYNCHRO_KEY=
RELEASE=2015/12/16
RUN_ORDER=090
CMD=
DECODE=0
DECODE_TYPE=
DECODE_GET=
IEXPRESS=0
IEXPRESS_LIST=
IEXPRESS_CMD=
PREVIOUS_SP=
COMMENT=セキュリティ更新プログラム

[KB3115224]
TITLE=Windows 8.1 for x64-Based Systems 用更新プログラム (KB3115224)
INFO=http://support.microsoft.com/help/3115224
FILE=http://download.windowsupdate.com/c/msdownload/update/software/updt/2016/03/windows8.1-kb3115224-v2-x64_1afbc3e96ec234b79cf559344285e16741d49a4b.msu
RENAME=
SIZE=13888878
TYPE=HOTFIX(SVCPACK.INF)
CATEGORY=
TIE_UP=
XOR_KEY=
SYNCHRO_KEY=
RELEASE=2016/03/03
RUN_ORDER=091
CMD=
DECODE=0
DECODE_TYPE=
DECODE_GET=
IEXPRESS=0
IEXPRESS_LIST=
IEXPRESS_CMD=
PREVIOUS_SP=
COMMENT=更新プログラム

[KB3115858]
TITLE=Windows 8.1 for x64-Based Systems 用セキュリティ更新プログラム (KB3115858)
INFO=http://support.microsoft.com/help/3115858
FILE=http://download.windowsupdate.com/c/msdownload/update/software/secu/2016/01/windows8.1-kb3115858-x64_a46dade6b4dd319b5a1fd6bcff789a69f621c814.msu
RENAME=
SIZE=4922815
TYPE=HOTFIX(SVCPACK.INF)
CATEGORY=
TIE_UP=
XOR_KEY=
SYNCHRO_KEY=
RELEASE=2016/01/20
RUN_ORDER=092
CMD=
DECODE=0
DECODE_TYPE=
DECODE_GET=
IEXPRESS=0
IEXPRESS_LIST=
IEXPRESS_CMD=
PREVIOUS_SP=
COMMENT=セキュリティ更新プログラム

[KB3121261]
TITLE=Windows 8.1 for x64-Based Systems 用更新プログラム (KB3121261)
INFO=http://support.microsoft.com/help/3121261
FILE=http://download.windowsupdate.com/d/msdownload/update/software/updt/2016/02/windows8.1-kb3121261-v2-x64_9f37a3954e0827aa581cb55f4ee565197f8fa937.msu
RENAME=
SIZE=7249932
TYPE=HOTFIX(SVCPACK.INF)
CATEGORY=
TIE_UP=
XOR_KEY=
SYNCHRO_KEY=
RELEASE=2016/02/09
RUN_ORDER=093
CMD=
DECODE=0
DECODE_TYPE=
DECODE_GET=
IEXPRESS=0
IEXPRESS_LIST=
IEXPRESS_CMD=
PREVIOUS_SP=
COMMENT=更新プログラム

[KB3126030]
TITLE=Windows 8.1 for x64-Based Systems 用更新プログラム (KB3126030)
INFO=http://support.microsoft.com/help/3126030
FILE=http://download.windowsupdate.com/c/msdownload/update/software/updt/2016/02/windows8.1-kb3126030-x64_abf97070f2320cc81a74f1370f232247ad8fa01d.msu
RENAME=
SIZE=397650
TYPE=HOTFIX(SVCPACK.INF)
CATEGORY=
TIE_UP=
XOR_KEY=
SYNCHRO_KEY=
RELEASE=2016/02/09
RUN_ORDER=094
CMD=
DECODE=0
DECODE_TYPE=
DECODE_GET=
IEXPRESS=0
IEXPRESS_LIST=
IEXPRESS_CMD=
PREVIOUS_SP=
COMMENT=更新プログラム

[KB3126434]
TITLE=Windows 8.1 for x64-Based Systems 用セキュリティ更新プログラム (KB3126434)
INFO=http://support.microsoft.com/help/3126434
FILE=http://download.windowsupdate.com/c/msdownload/update/software/secu/2016/01/windows8.1-kb3126434-x64_305a6f14ffc6bbf55be58d78d2dae6123fe1bc32.msu
RENAME=
SIZE=673017
TYPE=HOTFIX(SVCPACK.INF)
CATEGORY=
TIE_UP=
XOR_KEY=
SYNCHRO_KEY=
RELEASE=2016/01/21
RUN_ORDER=095
CMD=
DECODE=0
DECODE_TYPE=
DECODE_GET=
IEXPRESS=0
IEXPRESS_LIST=
IEXPRESS_CMD=
PREVIOUS_SP=
COMMENT=セキュリティ更新プログラム

[KB3126587]
TITLE=Windows 8.1 for x64-Based Systems 用セキュリティ更新プログラム (KB3126587)
INFO=http://support.microsoft.com/help/3126587
FILE=http://download.windowsupdate.com/c/msdownload/update/software/secu/2016/01/windows8.1-kb3126587-x64_aecaabb9db72f7508bf0f53f265449cb54507d1b.msu
RENAME=
SIZE=1400833
TYPE=HOTFIX(SVCPACK.INF)
CATEGORY=
TIE_UP=
XOR_KEY=
SYNCHRO_KEY=
RELEASE=2016/01/21
RUN_ORDER=096
CMD=
DECODE=0
DECODE_TYPE=
DECODE_GET=
IEXPRESS=0
IEXPRESS_LIST=
IEXPRESS_CMD=
PREVIOUS_SP=
COMMENT=セキュリティ更新プログラム

[KB3133690]
TITLE=Windows 8.1 for x64-Based Systems 用更新プログラム (KB3133690)
INFO=http://support.microsoft.com/help/3133690
FILE=http://download.windowsupdate.com/d/msdownload/update/software/updt/2016/03/windows8.1-kb3133690-x64_97414f60779d3d1f15ca1779bd27fd1762bfaad5.msu
RENAME=
SIZE=266977
TYPE=HOTFIX(SVCPACK.INF)
CATEGORY=
TIE_UP=
XOR_KEY=
SYNCHRO_KEY=
RELEASE=2016/03/03
RUN_ORDER=097
CMD=
DECODE=0
DECODE_TYPE=
DECODE_GET=
IEXPRESS=0
IEXPRESS_LIST=
IEXPRESS_CMD=
PREVIOUS_SP=
COMMENT=更新プログラム：64bitのみ

[KB3134815]
TITLE=Windows 8.1 for x64-Based Systems 用更新プログラム (KB3134815)
INFO=http://support.microsoft.com/help/3134815
FILE=http://download.windowsupdate.com/c/msdownload/update/software/updt/2016/02/windows8.1-kb3134815-x64_d2a194230bd97a046fcc69d418a5f5ee804bd812.msu
RENAME=
SIZE=371944
TYPE=HOTFIX(SVCPACK.INF)
CATEGORY=
TIE_UP=
XOR_KEY=
SYNCHRO_KEY=
RELEASE=2016/02/09
RUN_ORDER=098
CMD=
DECODE=0
DECODE_TYPE=
DECODE_GET=
IEXPRESS=0
IEXPRESS_LIST=
IEXPRESS_CMD=
PREVIOUS_SP=
COMMENT=更新プログラム

[KB3137728]
TITLE=Windows 8.1 for x64-Based Systems 用更新プログラム (KB3137728)
INFO=http://support.microsoft.com/help/3137728
FILE=http://download.windowsupdate.com/c/msdownload/update/software/updt/2016/03/windows8.1-kb3137728-x64_b19020cd59959ebee66d916d31b4992143029d54.msu
RENAME=
SIZE=1329470
TYPE=HOTFIX(SVCPACK.INF)
CATEGORY=
TIE_UP=
XOR_KEY=
SYNCHRO_KEY=
RELEASE=2016/03/03
RUN_ORDER=099
CMD=
DECODE=0
DECODE_TYPE=
DECODE_GET=
IEXPRESS=0
IEXPRESS_LIST=
IEXPRESS_CMD=
PREVIOUS_SP=
COMMENT=更新プログラム

[KB3138378]
TITLE=Windows 8.1 for x64-Based Systems 用更新プログラム (KB3138378)
INFO=http://support.microsoft.com/help/3138378
FILE=http://download.windowsupdate.com/c/msdownload/update/software/updt/2016/04/windows8.1-kb3138378-x64_444a2cef5432d3d85d742088b621c457eba15626.msu
RENAME=
SIZE=1818203
TYPE=HOTFIX(SVCPACK.INF)
CATEGORY=
TIE_UP=
XOR_KEY=
SYNCHRO_KEY=
RELEASE=2016/04/15
RUN_ORDER=100
CMD=
DECODE=0
DECODE_TYPE=
DECODE_GET=
IEXPRESS=0
IEXPRESS_LIST=
IEXPRESS_CMD=
PREVIOUS_SP=
COMMENT=更新プログラム

[KB3138602]
TITLE=Windows 8.1 for x64-Based Systems 用更新プログラム (KB3138602)
INFO=http://support.microsoft.com/help/3138602
FILE=http://download.windowsupdate.com/d/msdownload/update/software/updt/2016/03/windows8.1-kb3138602-v2-x64_234d0799fd33a5ee007d58f862fe8f4e2d3f46be.msu
RENAME=
SIZE=31734977
TYPE=HOTFIX(SVCPACK.INF)
CATEGORY=
TIE_UP=
XOR_KEY=
SYNCHRO_KEY=
RELEASE=2016/03/04
RUN_ORDER=101
CMD=
DECODE=0
DECODE_TYPE=
DECODE_GET=
IEXPRESS=0
IEXPRESS_LIST=
IEXPRESS_CMD=
PREVIOUS_SP=
COMMENT=更新プログラム

[KB3138910]
TITLE=Windows 8.1 for x64-Based Systems 用セキュリティ更新プログラム (KB3138910)
INFO=http://support.microsoft.com/help/3138910
FILE=http://download.windowsupdate.com/c/msdownload/update/software/secu/2016/02/windows8.1-kb3138910-x64_71c7c69ea2ba887cd6492828336a8858f3616b2f.msu
RENAME=
SIZE=667358
TYPE=HOTFIX(SVCPACK.INF)
CATEGORY=
TIE_UP=
XOR_KEY=
SYNCHRO_KEY=
RELEASE=2016/02/18
RUN_ORDER=102
CMD=
DECODE=0
DECODE_TYPE=
DECODE_GET=
IEXPRESS=0
IEXPRESS_LIST=
IEXPRESS_CMD=
PREVIOUS_SP=
COMMENT=セキュリティ更新プログラム

[KB3138962]
TITLE=Windows 8.1 for x64-Based Systems 用セキュリティ更新プログラム (KB3138962)
INFO=http://support.microsoft.com/help/3138962
FILE=http://download.windowsupdate.com/c/msdownload/update/software/secu/2016/02/windows8.1-kb3138962-x64_c8a6fea425446cd1c6d140b86e7c5d9c3d914b56.msu
RENAME=
SIZE=14987744
TYPE=HOTFIX(SVCPACK.INF)
CATEGORY=
TIE_UP=
XOR_KEY=
SYNCHRO_KEY=
RELEASE=2016/02/18
RUN_ORDER=103
CMD=
DECODE=0
DECODE_TYPE=
DECODE_GET=
IEXPRESS=0
IEXPRESS_LIST=
IEXPRESS_CMD=
PREVIOUS_SP=
COMMENT=セキュリティ更新プログラム

[KB3139398]
TITLE=Windows 8.1 for x64-Based Systems 用セキュリティ更新プログラム (KB3139398)
INFO=http://support.microsoft.com/help/3139398
FILE=http://download.windowsupdate.com/c/msdownload/update/software/secu/2016/02/windows8.1-kb3139398-x64_da8a470a7629685a4c67eec13e1509c338acbd24.msu
RENAME=
SIZE=325223
TYPE=HOTFIX(SVCPACK.INF)
CATEGORY=
TIE_UP=
XOR_KEY=
SYNCHRO_KEY=
RELEASE=2016/02/18
RUN_ORDER=104
CMD=
DECODE=0
DECODE_TYPE=
DECODE_GET=
IEXPRESS=0
IEXPRESS_LIST=
IEXPRESS_CMD=
PREVIOUS_SP=
COMMENT=セキュリティ更新プログラム

[KB3139914]
TITLE=Windows 8.1 for x64-Based Systems 用セキュリティ更新プログラム (KB3139914)
INFO=http://support.microsoft.com/help/3139914
FILE=http://download.windowsupdate.com/d/msdownload/update/software/secu/2016/02/windows8.1-kb3139914-x64_c0ed0734cde5d1eddcc7ad0632eb539e766a9e93.msu
RENAME=
SIZE=218542
TYPE=HOTFIX(SVCPACK.INF)
CATEGORY=
TIE_UP=
XOR_KEY=
SYNCHRO_KEY=
RELEASE=2016/02/18
RUN_ORDER=105
CMD=
DECODE=0
DECODE_TYPE=
DECODE_GET=
IEXPRESS=0
IEXPRESS_LIST=
IEXPRESS_CMD=
PREVIOUS_SP=
COMMENT=セキュリティ更新プログラム

[KB3140185]
TITLE=Windows 8.1 for x64-Based Systems 用更新プログラム (KB3140185)
INFO=http://support.microsoft.com/help/3140185
FILE=http://download.windowsupdate.com/d/msdownload/update/software/updt/2016/03/windows8.1-kb3140185-x64_71f87186db842b0926d71f716eebaae3c112a75b.msu
RENAME=
SIZE=456107
TYPE=HOTFIX(SVCPACK.INF)
CATEGORY=
TIE_UP=
XOR_KEY=
SYNCHRO_KEY=
RELEASE=2016/03/07
RUN_ORDER=106
CMD=
DECODE=0
DECODE_TYPE=
DECODE_GET=
IEXPRESS=0
IEXPRESS_LIST=
IEXPRESS_CMD=
PREVIOUS_SP=
COMMENT=更新プログラム

[KB3140219]
TITLE=Windows 8.1 for x64-Based Systems 用更新プログラム (KB3140219)
INFO=http://support.microsoft.com/help/3140219
FILE=http://download.windowsupdate.com/d/msdownload/update/software/updt/2016/03/windows8.1-kb3140219-x64_cad58ff88e2ee39c56fc8dca2e97cc0e19519398.msu
RENAME=
SIZE=247053
TYPE=HOTFIX(SVCPACK.INF)
CATEGORY=
TIE_UP=
XOR_KEY=
SYNCHRO_KEY=
RELEASE=2016/03/07
RUN_ORDER=107
CMD=
DECODE=0
DECODE_TYPE=
DECODE_GET=
IEXPRESS=0
IEXPRESS_LIST=
IEXPRESS_CMD=
PREVIOUS_SP=
COMMENT=更新プログラム

[KB3140234]
TITLE=Windows 8.1 for x64-Based Systems 用更新プログラム (KB3140234)
INFO=http://support.microsoft.com/help/3140234
FILE=http://download.windowsupdate.com/d/msdownload/update/software/updt/2016/03/windows8.1-kb3140234-x64_6eb46eaca390621212e83d8c229155db9f949b86.msu
RENAME=
SIZE=258957
TYPE=HOTFIX(SVCPACK.INF)
CATEGORY=
TIE_UP=
XOR_KEY=
SYNCHRO_KEY=
RELEASE=2016/03/03
RUN_ORDER=108
CMD=
DECODE=0
DECODE_TYPE=
DECODE_GET=
IEXPRESS=0
IEXPRESS_LIST=
IEXPRESS_CMD=
PREVIOUS_SP=
COMMENT=更新プログラム

[KB3145384]
TITLE=Windows 8.1 for x64-Based Systems 用更新プログラム (KB3145384)
INFO=http://support.microsoft.com/help/3145384
FILE=http://download.windowsupdate.com/d/msdownload/update/software/updt/2016/04/windows8.1-kb3145384-x64_a65180d3f2085fec112b9932580a7ecbf982463a.msu
RENAME=
SIZE=347352
TYPE=HOTFIX(SVCPACK.INF)
CATEGORY=
TIE_UP=
XOR_KEY=
SYNCHRO_KEY=
RELEASE=2016/04/15
RUN_ORDER=109
CMD=
DECODE=0
DECODE_TYPE=
DECODE_GET=
IEXPRESS=0
IEXPRESS_LIST=
IEXPRESS_CMD=
PREVIOUS_SP=
COMMENT=更新プログラム

[KB3146604]
TITLE=Windows 8.1 for x64-Based Systems 用更新プログラム (KB3146604)
INFO=http://support.microsoft.com/help/3146604
FILE=http://download.windowsupdate.com/d/msdownload/update/software/updt/2016/04/windows8.1-kb3146604-x64_f435966967d258fc468c497a3e89b2b85e689ff1.msu
RENAME=
SIZE=980506
TYPE=HOTFIX(SVCPACK.INF)
CATEGORY=
TIE_UP=
XOR_KEY=
SYNCHRO_KEY=
RELEASE=2016/04/15
RUN_ORDER=110
CMD=
DECODE=0
DECODE_TYPE=
DECODE_GET=
IEXPRESS=0
IEXPRESS_LIST=
IEXPRESS_CMD=
PREVIOUS_SP=
COMMENT=更新プログラム

[KB3146723]
TITLE=Windows 8.1 for x64-Based Systems 用セキュリティ更新プログラム (KB3146723)
INFO=http://support.microsoft.com/help/3146723
FILE=http://download.windowsupdate.com/c/msdownload/update/software/secu/2016/03/windows8.1-kb3146723-x64_5aae2a7642e87b2881d7337ef736eaee679f907a.msu
RENAME=
SIZE=12883423
TYPE=HOTFIX(SVCPACK.INF)
CATEGORY=
TIE_UP=
XOR_KEY=
SYNCHRO_KEY=
RELEASE=2016/03/22
RUN_ORDER=111
CMD=
DECODE=0
DECODE_TYPE=
DECODE_GET=
IEXPRESS=0
IEXPRESS_LIST=
IEXPRESS_CMD=
PREVIOUS_SP=
COMMENT=セキュリティ更新プログラム

[KB3146751]
TITLE=Windows 8.1 for x64-Based Systems 用更新プログラム (KB3146751)
INFO=http://support.microsoft.com/help/3146751
FILE=http://download.windowsupdate.com/d/msdownload/update/software/updt/2016/04/windows8.1-kb3146751-x64_e4ef9c374e5474289e69951dd2a5d8745730b97a.msu
RENAME=
SIZE=337333
TYPE=HOTFIX(SVCPACK.INF)
CATEGORY=
TIE_UP=
XOR_KEY=
SYNCHRO_KEY=
RELEASE=2016/04/15
RUN_ORDER=112
CMD=
DECODE=0
DECODE_TYPE=
DECODE_GET=
IEXPRESS=0
IEXPRESS_LIST=
IEXPRESS_CMD=
PREVIOUS_SP=
COMMENT=更新プログラム

[KB3147071]
TITLE=Windows 8.1 for x64-Based Systems 用更新プログラム (KB3147071)
INFO=http://support.microsoft.com/help/3147071
FILE=http://download.windowsupdate.com/c/msdownload/update/software/updt/2016/03/windows8.1-kb3147071-x64_1c0f181c6c3b716477b00d6946f750b81fd0766c.msu
RENAME=
SIZE=13951613
TYPE=HOTFIX(SVCPACK.INF)
CATEGORY=
TIE_UP=
XOR_KEY=
SYNCHRO_KEY=
RELEASE=2016/03/23
RUN_ORDER=113
CMD=
DECODE=0
DECODE_TYPE=
DECODE_GET=
IEXPRESS=0
IEXPRESS_LIST=
IEXPRESS_CMD=
PREVIOUS_SP=
COMMENT=更新プログラム

[KB3149157]
TITLE=Windows 8.1 for x64-Based Systems 用更新プログラム (KB3149157)
INFO=http://support.microsoft.com/help/3149157
FILE=http://download.windowsupdate.com/d/msdownload/update/software/updt/2016/04/windows8.1-kb3149157-x64_7a5b50473186d3ccc6665c8d658c59287a38eaee.msu
RENAME=
SIZE=2734508
TYPE=HOTFIX(SVCPACK.INF)
CATEGORY=
TIE_UP=
XOR_KEY=
SYNCHRO_KEY=
RELEASE=2016/04/15
RUN_ORDER=114
CMD=
DECODE=0
DECODE_TYPE=
DECODE_GET=
IEXPRESS=0
IEXPRESS_LIST=
IEXPRESS_CMD=
PREVIOUS_SP=
COMMENT=更新プログラム

[KB3150513]
TITLE=Windows 8.1 for x64-Based Systems 用更新プログラム (KB3150513)
INFO=http://support.microsoft.com/help/3150513
FILE=http://download.windowsupdate.com/d/msdownload/update/software/updt/2016/05/windows8.1-kb3150513-x64_f4accd052ab6fffc0879f5d316fa8074564f1c87.msu
RENAME=
SIZE=1517399
TYPE=HOTFIX(SVCPACK.INF)
CATEGORY=
TIE_UP=
XOR_KEY=
SYNCHRO_KEY=
RELEASE=2016/05/10
RUN_ORDER=115
CMD=
DECODE=0
DECODE_TYPE=
DECODE_GET=
IEXPRESS=0
IEXPRESS_LIST=
IEXPRESS_CMD=
PREVIOUS_SP=
COMMENT=更新プログラム

[KB3155178]
TITLE=Windows 8.1 for x64-Based Systems 用セキュリティ更新プログラム (KB3155178)
INFO=http://support.microsoft.com/help/3155178
FILE=http://download.windowsupdate.com/d/msdownload/update/software/secu/2016/04/windows8.1-kb3155178-x64_abbf2c12e11224df2593383ec1f032f2ab846910.msu
RENAME=
SIZE=2878722
TYPE=HOTFIX(SVCPACK.INF)
CATEGORY=
TIE_UP=
XOR_KEY=
SYNCHRO_KEY=
RELEASE=2016/04/21
RUN_ORDER=116
CMD=
DECODE=0
DECODE_TYPE=
DECODE_GET=
IEXPRESS=0
IEXPRESS_LIST=
IEXPRESS_CMD=
PREVIOUS_SP=
COMMENT=セキュリティ更新プログラム

[KB3155784]
TITLE=Windows 8.1 for x64-Based Systems 用セキュリティ更新プログラム (KB3155784)
INFO=http://support.microsoft.com/help/3155784
FILE=http://download.windowsupdate.com/d/msdownload/update/software/secu/2016/04/windows8.1-kb3155784-x64_2a5c14e67fc1c00a974e2b1b892c15132b780f59.msu
RENAME=
SIZE=237639
TYPE=HOTFIX(SVCPACK.INF)
CATEGORY=
TIE_UP=
XOR_KEY=
SYNCHRO_KEY=
RELEASE=2016/04/21
RUN_ORDER=117
CMD=
DECODE=0
DECODE_TYPE=
DECODE_GET=
IEXPRESS=0
IEXPRESS_LIST=
IEXPRESS_CMD=
PREVIOUS_SP=
COMMENT=セキュリティ更新プログラム

[KB3156059]
TITLE=Windows 8.1 for x64-Based Systems 用セキュリティ更新プログラム (KB3156059)
INFO=http://support.microsoft.com/help/3156059
FILE=http://download.windowsupdate.com/c/msdownload/update/software/secu/2016/04/windows8.1-kb3156059-x64_23f332f9c78aaac223b862f58871bdab244cfde8.msu
RENAME=
SIZE=469057
TYPE=HOTFIX(SVCPACK.INF)
CATEGORY=
TIE_UP=
XOR_KEY=
SYNCHRO_KEY=
RELEASE=2016/04/21
RUN_ORDER=118
CMD=
DECODE=0
DECODE_TYPE=
DECODE_GET=
IEXPRESS=0
IEXPRESS_LIST=
IEXPRESS_CMD=
PREVIOUS_SP=
COMMENT=セキュリティ更新プログラム

[KB3159398]
TITLE=Windows 8.1 for x64-Based Systems 用セキュリティ更新プログラム (KB3159398)
INFO=http://support.microsoft.com/help/3159398
FILE=http://download.windowsupdate.com/d/msdownload/update/software/secu/2016/05/windows8.1-kb3159398-x64_f8e8f71aa74a71071d24c90af9ff3f5e2a7f75b8.msu
RENAME=
SIZE=1648050
TYPE=HOTFIX(SVCPACK.INF)
CATEGORY=
TIE_UP=
XOR_KEY=
SYNCHRO_KEY=
RELEASE=2016/05/24
RUN_ORDER=119
CMD=
DECODE=0
DECODE_TYPE=
DECODE_GET=
IEXPRESS=0
IEXPRESS_LIST=
IEXPRESS_CMD=
PREVIOUS_SP=
COMMENT=セキュリティ更新プログラム

[KB3161102]
TITLE=Windows 8.1 for x64-Based Systems 用更新プログラム (KB3161102)
INFO=http://support.microsoft.com/help/3161102
FILE=http://download.windowsupdate.com/d/msdownload/update/software/updt/2016/07/windows8.1-kb3161102-x64_090b4cf0ba35a7f505c80f316daf98ce34e07fe3.msu
RENAME=
SIZE=295029
TYPE=HOTFIX(SVCPACK.INF)
CATEGORY=
TIE_UP=
XOR_KEY=
SYNCHRO_KEY=
RELEASE=2016/07/25
RUN_ORDER=120
CMD=
DECODE=0
DECODE_TYPE=
DECODE_GET=
IEXPRESS=0
IEXPRESS_LIST=
IEXPRESS_CMD=
PREVIOUS_SP=
COMMENT=更新プログラム

[KB3161949]
TITLE=Windows 8.1 for x64-Based Systems 用セキュリティ更新プログラム (KB3161949)
INFO=http://support.microsoft.com/help/3161949
FILE=http://download.windowsupdate.com/c/msdownload/update/software/secu/2016/05/windows8.1-kb3161949-x64_303f894a71fad84f147e1ee715f8c60ddfc752d7.msu
RENAME=
SIZE=1558676
TYPE=HOTFIX(SVCPACK.INF)
CATEGORY=
TIE_UP=
XOR_KEY=
SYNCHRO_KEY=
RELEASE=2016/05/24
RUN_ORDER=121
CMD=
DECODE=0
DECODE_TYPE=
DECODE_GET=
IEXPRESS=0
IEXPRESS_LIST=
IEXPRESS_CMD=
PREVIOUS_SP=
COMMENT=セキュリティ更新プログラム

[KB3172614]
TITLE=Windows 8.1 for x64-Based Systems 用更新プログラム (KB3172614)
INFO=http://support.microsoft.com/help/3172614
FILE=http://download.windowsupdate.com/c/msdownload/update/software/updt/2016/07/windows8.1-kb3172614-x64_e41365e643b98ab745c21dba17d1d3b6bb73cfcc.msu
RENAME=
SIZE=107349327
TYPE=HOTFIX(SVCPACK.INF)
CATEGORY=
TIE_UP=KB2919355
XOR_KEY=
SYNCHRO_KEY=
RELEASE=2016/07/20
RUN_ORDER=122
CMD=
DECODE=0
DECODE_TYPE=
DECODE_GET=
IEXPRESS=0
IEXPRESS_LIST=
IEXPRESS_CMD=
PREVIOUS_SP=
COMMENT=更新プログラム

[KB3175024]
TITLE=Windows 8.1 for x64-Based Systems 用セキュリティ更新プログラム (KB3175024)
INFO=http://support.microsoft.com/help/3175024
FILE=http://download.windowsupdate.com/c/msdownload/update/software/secu/2016/08/windows8.1-kb3175024-x64_11e1173ef77cce7bfd78187417177970b023a2b2.msu
RENAME=
SIZE=12854448
TYPE=HOTFIX(SVCPACK.INF)
CATEGORY=
TIE_UP=
XOR_KEY=
SYNCHRO_KEY=
RELEASE=2016/08/23
RUN_ORDER=123
CMD=
DECODE=0
DECODE_TYPE=
DECODE_GET=
IEXPRESS=0
IEXPRESS_LIST=
IEXPRESS_CMD=
PREVIOUS_SP=
COMMENT=セキュリティ更新プログラム

[KB3178539]
TITLE=Windows 8.1 for x64-Based Systems 用セキュリティ更新プログラム (KB3178539)
INFO=http://support.microsoft.com/help/3178539
FILE=http://download.windowsupdate.com/c/msdownload/update/software/secu/2016/09/windows8.1-kb3178539-x64_60a85967f423ac37429757d8fbf7212540dea922.msu
RENAME=
SIZE=538139
TYPE=HOTFIX(SVCPACK.INF)
CATEGORY=
TIE_UP=
XOR_KEY=
SYNCHRO_KEY=
RELEASE=2016/09/07
RUN_ORDER=124
CMD=
DECODE=0
DECODE_TYPE=
DECODE_GET=
IEXPRESS=0
IEXPRESS_LIST=
IEXPRESS_CMD=
PREVIOUS_SP=
COMMENT=セキュリティ更新プログラム

[KB3179574]
TITLE=Windows 8.1 for x64-Based Systems 用更新プログラム (KB3179574)
INFO=http://support.microsoft.com/help/3179574
FILE=http://download.windowsupdate.com/d/msdownload/update/software/updt/2016/08/windows8.1-kb3179574-x64_f0a5e2ff991aec5e6978aa808f287f1b21195d6e.msu
RENAME=
SIZE=30041651
TYPE=HOTFIX(SVCPACK.INF)
CATEGORY=
TIE_UP=
XOR_KEY=
SYNCHRO_KEY=
RELEASE=2016/08/10
RUN_ORDER=125
CMD=
DECODE=0
DECODE_TYPE=
DECODE_GET=
IEXPRESS=0
IEXPRESS_LIST=
IEXPRESS_CMD=
PREVIOUS_SP=
COMMENT=更新プログラム

[KB3184143]
TITLE=Windows 8.1 for x64-Based Systems 用更新プログラム (KB3184143)
INFO=http://support.microsoft.com/help/3184143
FILE=http://download.windowsupdate.com/c/msdownload/update/software/updt/2016/08/windows8.1-kb3184143-x64_c731a4f066ba87d9cf88b6201355313ebf24e11a.msu
RENAME=
SIZE=24929085
TYPE=HOTFIX(SVCPACK.INF)
CATEGORY=
TIE_UP=
XOR_KEY=
SYNCHRO_KEY=
RELEASE=2016/08/30
RUN_ORDER=126
CMD=
DECODE=0
DECODE_TYPE=
DECODE_GET=
IEXPRESS=0
IEXPRESS_LIST=
IEXPRESS_CMD=
PREVIOUS_SP=
COMMENT=更新プログラム

[KB3185319]
TITLE=Windows 8.1 for x64-based Systems 用 Internet Explorer 11 の累積的なセキュリティ更新プログラム (KB3185319)
INFO=http://support.microsoft.com/help/3185319
FILE=http://download.windowsupdate.com/d/msdownload/update/software/secu/2016/09/windows8.1-kb3185319-v2-x64_6ce24a8b573ac6df70e942674b6afc8d26d7471b.msu
RENAME=
SIZE=56535943
TYPE=HOTFIX(SVCPACK.INF)
CATEGORY=
TIE_UP=IE11
XOR_KEY=
SYNCHRO_KEY=
RELEASE=2016/09/08
RUN_ORDER=127
CMD=
DECODE=0
DECODE_TYPE=
DECODE_GET=
IEXPRESS=0
IEXPRESS_LIST=
IEXPRESS_CMD=
PREVIOUS_SP=
COMMENT=セキュリティ更新プログラム

[KB3187754]
TITLE=Windows 8.1 for x64-Based Systems 用セキュリティ更新プログラム (KB3187754)
INFO=http://support.microsoft.com/help/3187754
FILE=http://download.windowsupdate.com/c/msdownload/update/software/secu/2016/09/windows8.1-kb3187754-v2-x64_c366213d75966aea5d86070919f0b715f7dd7856.msu
RENAME=
SIZE=4243585
TYPE=HOTFIX(SVCPACK.INF)
CATEGORY=
TIE_UP=
XOR_KEY=
SYNCHRO_KEY=
RELEASE=2016/09/09
RUN_ORDER=128
CMD=
DECODE=0
DECODE_TYPE=
DECODE_GET=
IEXPRESS=0
IEXPRESS_LIST=
IEXPRESS_CMD=
PREVIOUS_SP=
COMMENT=セキュリティ更新プログラム

[KB4054519]
TITLE=2017-12 x64 ベース システム用 Windows 8.1 向けセキュリティ マンスリー品質ロールアップ (KB4054519)
INFO=http://support.microsoft.com/help/4054519
FILE=http://download.windowsupdate.com/d/msdownload/update/software/secu/2017/11/windows8.1-kb4054519-x64_ad78da956d88ae3cd98982c11730240668c0e93f.msu
RENAME=
SIZE=309989968
TYPE=HOTFIX(SVCPACK.INF)
CATEGORY=
TIE_UP=
XOR_KEY=KB4056895
SYNCHRO_KEY=
RELEASE=2017/11/30
RUN_ORDER=129
CMD=
DECODE=0
DECODE_TYPE=
DECODE_GET=
IEXPRESS=0
IEXPRESS_LIST=
IEXPRESS_CMD=
PREVIOUS_SP=
COMMENT=セキュリティ マンスリー品質ロールアップ

[KB4462930]
TITLE=Windows 8.1 for x64-based Systems 用 Adobe Flash Player の更新プログラム (KB4462930)
INFO=http://support.microsoft.com/help/4462930
FILE=http://download.windowsupdate.com/d/msdownload/update/software/updt/2018/10/windows8.1-kb4462930-x64_bbaadf6e2537a54b7b277ab8349dfd1b7aa354c8.msu
RENAME=
SIZE=21903276
TYPE=HOTFIX(SVCPACK.INF)
CATEGORY=
TIE_UP=
XOR_KEY=
SYNCHRO_KEY=
RELEASE=2018/10/05
RUN_ORDER=130
CMD=
DECODE=0
DECODE_TYPE=
DECODE_GET=
IEXPRESS=0
IEXPRESS_LIST=
IEXPRESS_CMD=
PREVIOUS_SP=
COMMENT=更新プログラム

[KB4578953]
TITLE=2020-10 x64 用 Windows 8.1 および Server 2012 R2 の .NET Framework 3.5 用セキュリティおよび品質ロールアップ (KB4578953)
INFO=http://support.microsoft.com/help/4578953
FILE=http://download.windowsupdate.com/d/msdownload/update/software/secu/2020/10/windows8.1-kb4578953-x64_a69c4f610be6fcb6ff81d6668314c833f14cfed1.msu
RENAME=
SIZE=26003414
TYPE=HOTFIX(SVCPACK.INF)
CATEGORY=
TIE_UP=
XOR_KEY=
SYNCHRO_KEY=
RELEASE=2020/10/05
RUN_ORDER=131
CMD=
DECODE=0
DECODE_TYPE=
DECODE_GET=
IEXPRESS=0
IEXPRESS_LIST=
IEXPRESS_CMD=
PREVIOUS_SP=
COMMENT=.NET用セキュリティおよび品質ロールアップ：KB4586085

[KB4578956]
TITLE=2020-10 Windows 8.1 および Server 2012 R2 (x64 版) 用 .NET Framework 4.5.2 のセキュリティおよび品質ロールアップ (KB4578956)
INFO=http://support.microsoft.com/help/4578956
FILE=http://download.windowsupdate.com/d/msdownload/update/software/secu/2020/10/windows8.1-kb4578956-x64_dda3af4d84bf29cdfb666a7bede3324632d445af.msu
RENAME=
SIZE=75775185
TYPE=HOTFIX(SVCPACK.INF)
CATEGORY=
TIE_UP=KB2919355;DOTNET452
XOR_KEY=
SYNCHRO_KEY=
RELEASE=2020/10/05
RUN_ORDER=132
CMD=
DECODE=0
DECODE_TYPE=
DECODE_GET=
IEXPRESS=0
IEXPRESS_LIST=
IEXPRESS_CMD=
PREVIOUS_SP=
COMMENT=.NET用セキュリティおよび品質ロールアップ：KB4586085

[KB4578962]
TITLE=2020-10 Windows 8.1/Server 2012 R2 (x64 版) 用 .NET Framework 4.6、4.6.1、4.6.2、4.7、4.7.1、4.7.2 のセキュリティおよび品質ロールアップ (KB4578962)
INFO=http://support.microsoft.com/help/4578962
FILE=http://download.windowsupdate.com/d/msdownload/update/software/secu/2020/10/windows8.1-kb4578962-x64_e893763aaae7c427ca1bfc4871de73c2e19f7223.msu
RENAME=
SIZE=55162067
TYPE=HOTFIX(SVCPACK.INF)
CATEGORY=
TIE_UP=KB2919355;DOTNET46;DOTNET461;DOTNET462;DOTNET47;DOTNET471;DOTNET472
XOR_KEY=
SYNCHRO_KEY=
RELEASE=2020/10/05
RUN_ORDER=133
CMD=
DECODE=0
DECODE_TYPE=
DECODE_GET=
IEXPRESS=0
IEXPRESS_LIST=
IEXPRESS_CMD=
PREVIOUS_SP=
COMMENT=.NET用セキュリティおよび品質ロールアップ：KB4579979

[KB4585214]
TITLE=2020-11 Windows 8.1/Server 2012 R2 (x64 版) 用 .NET Framework 4.6、4.6.1、4.6.2、4.7、4.7.1、4.7.2 のセキュリティおよび品質ロールアップ (KB4585214)
INFO=http://support.microsoft.com/kb/4585214
FILE=http://download.windowsupdate.com/c/msdownload/update/software/updt/2020/10/windows8.1-kb4585214-x64_616489889ce0e92b5aa4c91a97722c7df60a9b22.msu
RENAME=
SIZE=55136287
TYPE=HOTFIX(SVCPACK.INF)
CATEGORY=
TIE_UP=
XOR_KEY=
SYNCHRO_KEY=
RELEASE=2020/10/30
RUN_ORDER=134
CMD=
DECODE=0
DECODE_TYPE=
DECODE_GET=
IEXPRESS=0
IEXPRESS_LIST=
IEXPRESS_CMD=
PREVIOUS_SP=
COMMENT=.NET用セキュリティおよび品質ロールアップ：KB4586085

[KB4578976]
TITLE=2020-10 Windows 8.1 および Server 2012 R2 (x64 版) 用 .NET Framework 4.8 のセキュリティおよび品質ロールアップ (KB4578976)
INFO=http://support.microsoft.com/help/4578976
FILE=http://download.windowsupdate.com/d/msdownload/update/software/secu/2020/10/windows8.1-kb4578976-x64-ndp48_e6029cd1fdd9c5561ea4cd8819d247138f987c20.msu
RENAME=
SIZE=54416732
TYPE=HOTFIX(SVCPACK.INF)
CATEGORY=
TIE_UP=
XOR_KEY=
SYNCHRO_KEY=
RELEASE=2020/10/05
RUN_ORDER=135
CMD=
DECODE=0
DECODE_TYPE=
DECODE_GET=
IEXPRESS=0
IEXPRESS_LIST=
IEXPRESS_CMD=
PREVIOUS_SP=
COMMENT=.NET用セキュリティおよび品質ロールアップ

[KB4585212]
TITLE=2020-11 Windows 8.1 および Server 2012 R2 (x64 版) 用 .NET Framework 4.8 のセキュリティおよび品質ロールアップ (KB4585212)
INFO=http://support.microsoft.com/kb/4585212
FILE=http://download.windowsupdate.com/c/msdownload/update/software/updt/2020/10/windows8.1-kb4585212-x64-ndp48_d8aeadd273da9666d5c9a2c163ab400b9a5f2c79.msu
RENAME=
SIZE=55275489
TYPE=HOTFIX(SVCPACK.INF)
CATEGORY=
TIE_UP=
XOR_KEY=
SYNCHRO_KEY=
RELEASE=2020/10/30
RUN_ORDER=136
CMD=
DECODE=0
DECODE_TYPE=
DECODE_GET=
IEXPRESS=0
IEXPRESS_LIST=
IEXPRESS_CMD=
PREVIOUS_SP=
COMMENT=.NET用セキュリティおよび品質ロールアップ：KB4586085

[KB4580325]
TITLE=2020-10 x64 ベース システム用 Windows 8.1 セキュリティ更新プログラム (Adobe Flash Player 対応) (KB4580325)
INFO=http://support.microsoft.com/help/4580325
FILE=http://download.windowsupdate.com/c/msdownload/update/software/secu/2020/10/windows8.1-kb4580325-x64_d2e57a8f0eaed09830aec9557d52a1db4282188f.msu
RENAME=
SIZE=22361154
TYPE=HOTFIX(SVCPACK.INF)
CATEGORY=
TIE_UP=
XOR_KEY=
SYNCHRO_KEY=
RELEASE=2020/10/05
RUN_ORDER=137
CMD=
DECODE=0
DECODE_TYPE=
DECODE_GET=
IEXPRESS=0
IEXPRESS_LIST=
IEXPRESS_CMD=
PREVIOUS_SP=
COMMENT=セキュリティ更新プログラム

[KB4580347]
TITLE=2020-10 x64 ベース システム用 Windows 8.1 向けセキュリティ マンスリー品質ロールアップ (KB4580347)
INFO=http://support.microsoft.com/help/4580347
FILE=http://download.windowsupdate.com/c/msdownload/update/software/secu/2020/10/windows8.1-kb4580347-x64_81615383a9bf9127bfac14519990c195c562724d.msu
RENAME=
SIZE=556911027
TYPE=HOTFIX(SVCPACK.INF)
CATEGORY=
TIE_UP=
XOR_KEY=KB4586845
SYNCHRO_KEY=
RELEASE=2020/10/09
RUN_ORDER=138
CMD=
DECODE=0
DECODE_TYPE=
DECODE_GET=
IEXPRESS=0
IEXPRESS_LIST=
IEXPRESS_CMD=
PREVIOUS_SP=
COMMENT=セキュリティ マンスリー品質ロールアップ

[KB4586845]
TITLE=2020-11 x64 ベース システム用 Windows 8.1 向けセキュリティ マンスリー品質ロールアップ (KB4586845)
INFO=http://support.microsoft.com/help/4586845
FILE=http://download.windowsupdate.com/d/msdownload/update/software/secu/2020/11/windows8.1-kb4586845-x64_59301f86b9acdd733fa57dda9c0434f527afd848.msu
RENAME=
SIZE=557924609
TYPE=HOTFIX(SVCPACK.INF)
CATEGORY=
TIE_UP=KB4566425
XOR_KEY=
SYNCHRO_KEY=
RELEASE=2020/11/04
RUN_ORDER=139
CMD=
DECODE=0
DECODE_TYPE=
DECODE_GET=
IEXPRESS=0
IEXPRESS_LIST=
IEXPRESS_CMD=
PREVIOUS_SP=
COMMENT=セキュリティマ ンスリー品質ロールアップ

[KB4481252]
TITLE=Microsoft Silverlight (KB4481252)
INFO=http://support.microsoft.com/help/4481252
FILE=http://download.windowsupdate.com/d/msdownload/update/software/ftpk/2019/01/silverlight_x64_16cfdfe075ee9249845eccff913acc4386a0a1e6.exe
RENAME=silverlight-x64.exe
SIZE=13153080
TYPE=HOTFIX(SVCPACK.INF)
CATEGORY=
TIE_UP=
XOR_KEY=
SYNCHRO_KEY=
RELEASE=2019/01/02
RUN_ORDER=140
CMD=/q
DECODE=0
DECODE_TYPE=
DECODE_GET=
IEXPRESS=0
IEXPRESS_LIST=
IEXPRESS_CMD=
PREVIOUS_SP=
COMMENT=Microsoft Silverlight

[EDGE]
TITLE=Download and deploy the new Microsoft Edge for business
INFO=http://www.microsoft.com/en-us/edge/business/download
FILE=http://go.microsoft.com/fwlink/?LinkID=2093437
RENAME=MicrosoftEdgeEnterprise-x64.msi
SIZE=1
TYPE=HOTFIX(SVCPACK.INF)
CATEGORY=
TIE_UP=
XOR_KEY=
SYNCHRO_KEY=
RELEASE=
RUN_ORDER=141
CMD=/quiet /norestart
DECODE=0
DECODE_TYPE=
DECODE_GET=
IEXPRESS=0
IEXPRESS_LIST=
IEXPRESS_CMD=
PREVIOUS_SP=
COMMENT=new Microsoft Edge

[KB890830]
TITLE=悪意のあるソフトウェアの削除ツール - v5.84 (KB890830)
INFO=http://support.microsoft.com/help/890830
FILE=http://download.windowsupdate.com/d/msdownload/update/software/uprl/2020/11/windows-kb890830-x64-v5.84_e2e371dfabc01c0f6fe097da99353ea860db64a5.exe
RENAME=
SIZE=37018880
TYPE=HOTFIX(SVCPACK.INF)
CATEGORY=
TIE_UP=
XOR_KEY=
SYNCHRO_KEY=
RELEASE=2020/11/04
RUN_ORDER=142
CMD=/x
DECODE=0
DECODE_TYPE=
DECODE_GET=
IEXPRESS=0
IEXPRESS_LIST=
IEXPRESS_CMD=
PREVIOUS_SP=
COMMENT=悪意のあるソフトウェアの削除ツール

[MSE_DUP]
TITLE=Windows Defender Antivirus for Windows 10 and Windows 8.1
INFO=http://www.microsoft.com/en-us/wdsi/defenderupdates
FILE=http://go.microsoft.com/fwlink/?LinkID=121721&arch=x64
RENAME=mpam-fe-x64.exe
SIZE=1
TYPE=HOTFIX(SVCPACK.INF)
CATEGORY=
TIE_UP=
XOR_KEY=
SYNCHRO_KEY=
RELEASE=
RUN_ORDER=143
CMD=-q
DECODE=0
DECODE_TYPE=
DECODE_GET=
IEXPRESS=0
IEXPRESS_LIST=
IEXPRESS_CMD=
PREVIOUS_SP=
COMMENT=
